192.168.1.112 - - [07/Jan/2013:11:26:58] "GET /exercise?exercise_id=subtraction_1&topic=addition-subtraction HTTP/1.1" 200 1380 "http://192.168.1.2:8081/index?topic=addition-subtraction" "Mozilla/5.0 (X11; CrOS i686 2913.276.0) AppleWebKit/537.11 (KHTML, like Gecko) Chrome/23.0.1271.110 Safari/537.11"
192.168.1.112 - - [07/Jan/2013:11:27:28] "GET /video?vid_id=subtraction-2&topic=addition-subtraction HTTP/1.1" 200 1909 "http://192.168.1.2:8081/index?topic=addition-subtraction" "Mozilla/5.0 (X11; CrOS i686 2913.276.0) AppleWebKit/537.11 (KHTML, like Gecko) Chrome/23.0.1271.110 Safari/537.11"
[07/Jan/2013:11:27:55] HTTP 
Request Headers:
  REFERER: http://192.168.1.2:8081/index?topic=addition-subtraction
  HOST: 192.168.1.2:8081
  CONNECTION: keep-alive
  Remote-Addr: 192.168.1.112
  ACCEPT: text/html,application/xhtml+xml,application/xml;q=0.9,*/*;q=0.8
  ACCEPT-CHARSET: ISO-8859-1,utf-8;q=0.7,*;q=0.3
  USER-AGENT: Mozilla/5.0 (X11; CrOS i686 2913.276.0) AppleWebKit/537.11 (KHTML, like Gecko) Chrome/23.0.1271.110 Safari/537.11
  COOKIE: fkey=1.0_2efiJES0VvilgA==_1357556746; gae_b_id=; studentlist_id=allstudents; dev_appserver_login="jay.kloppenberg:False:113020519942209221137"; session_id=ac7038886a2a48216916eeb5fe0b3592682adc0d
  ACCEPT-LANGUAGE: en-US,en;q=0.8
  ACCEPT-ENCODING: gzip,deflate,sdch
[07/Jan/2013:11:27:55] HTTP Traceback (most recent call last):
  File "/usr/lib/python2.7/dist-packages/cherrypy/_cprequest.py", line 656, in respond
    response.body = self.handler()
  File "/usr/lib/python2.7/dist-packages/cherrypy/lib/encoding.py", line 188, in __call__
    self.body = self.oldhandler(*args, **kwargs)
  File "/usr/lib/python2.7/dist-packages/cherrypy/_cpdispatch.py", line 34, in __call__
    return self.callable(*self.args, **self.kwargs)
  File "index.py", line 78, in exercise
    response = urllib2.urlopen(url).read()
  File "/usr/lib/python2.7/urllib2.py", line 126, in urlopen
    return _opener.open(url, data, timeout)
  File "/usr/lib/python2.7/urllib2.py", line 400, in open
    response = self._open(req, data)
  File "/usr/lib/python2.7/urllib2.py", line 418, in _open
    '_open', req)
  File "/usr/lib/python2.7/urllib2.py", line 378, in _call_chain
    result = func(*args)
  File "/usr/lib/python2.7/urllib2.py", line 1207, in http_open
    return self.do_open(httplib.HTTPConnection, req)
  File "/usr/lib/python2.7/urllib2.py", line 1180, in do_open
    r = h.getresponse(buffering=True)
  File "/usr/lib/python2.7/httplib.py", line 1030, in getresponse
    response.begin()
  File "/usr/lib/python2.7/httplib.py", line 407, in begin
    version, status, reason = self._read_status()
  File "/usr/lib/python2.7/httplib.py", line 371, in _read_status
    raise BadStatusLine(line)
BadStatusLine: ''

192.168.1.112 - - [07/Jan/2013:11:27:55] "GET /exercise?exercise_id=New%20exercise:%20addition%20and%20subtraction%20facts&topic=addition-subtraction HTTP/1.1" 500 2218 "http://192.168.1.2:8081/index?topic=addition-subtraction" "Mozilla/5.0 (X11; CrOS i686 2913.276.0) AppleWebKit/537.11 (KHTML, like Gecko) Chrome/23.0.1271.110 Safari/537.11"
192.168.1.112 - - [07/Jan/2013:11:27:59] "GET /exercise?exercise_id=subtraction_2&topic=addition-subtraction HTTP/1.1" 200 1504 "http://192.168.1.2:8081/index?topic=addition-subtraction" "Mozilla/5.0 (X11; CrOS i686 2913.276.0) AppleWebKit/537.11 (KHTML, like Gecko) Chrome/23.0.1271.110 Safari/537.11"
192.168.1.112 - - [07/Jan/2013:11:28:19] "GET /exercise?exercise_id=addition_3&topic=addition-subtraction HTTP/1.1" 200 1236 "http://192.168.1.2:8081/index?topic=addition-subtraction" "Mozilla/5.0 (X11; CrOS i686 2913.276.0) AppleWebKit/537.11 (KHTML, like Gecko) Chrome/23.0.1271.110 Safari/537.11"
192.168.1.112 - - [07/Jan/2013:11:28:19] "GET /exercise?exercise_id=addition_3&topic=addition-subtraction HTTP/1.1" 200 1236 "http://192.168.1.2:8081/index?topic=addition-subtraction" "Mozilla/5.0 (X11; CrOS i686 2913.276.0) AppleWebKit/537.11 (KHTML, like Gecko) Chrome/23.0.1271.110 Safari/537.11"
192.168.1.112 - - [07/Jan/2013:11:28:20] "GET /index?topic=addition-subtraction HTTP/1.1" 200 5695 "http://192.168.1.2:8081/index?topic=arithmetic" "Mozilla/5.0 (X11; CrOS i686 2913.276.0) AppleWebKit/537.11 (KHTML, like Gecko) Chrome/23.0.1271.110 Safari/537.11"
192.168.1.112 - - [07/Jan/2013:11:28:20] "GET /style.css HTTP/1.1" 304 - "http://192.168.1.2:8081/index?topic=addition-subtraction" "Mozilla/5.0 (X11; CrOS i686 2913.276.0) AppleWebKit/537.11 (KHTML, like Gecko) Chrome/23.0.1271.110 Safari/537.11"
192.168.1.112 - - [07/Jan/2013:11:28:20] "GET /img/logo.png HTTP/1.1" 304 - "http://192.168.1.2:8081/index?topic=addition-subtraction" "Mozilla/5.0 (X11; CrOS i686 2913.276.0) AppleWebKit/537.11 (KHTML, like Gecko) Chrome/23.0.1271.110 Safari/537.11"
192.168.1.112 - - [07/Jan/2013:11:28:23] "GET /exercise?exercise_id=addition_3&topic=addition-subtraction HTTP/1.1" 200 1236 "http://192.168.1.2:8081/index?topic=addition-subtraction" "Mozilla/5.0 (X11; CrOS i686 2913.276.0) AppleWebKit/537.11 (KHTML, like Gecko) Chrome/23.0.1271.110 Safari/537.11"
192.168.1.100 - - [07/Jan/2013:11:29:46] "GET /login?pm=0&username=ase_katlego&userid=113 HTTP/1.1" 200 1005 "http://192.168.1.2/moodle/" "Mozilla/5.0 (X11; CrOS i686 2913.120.0) AppleWebKit/537.11 (KHTML, like Gecko) Chrome/23.0.1271.49 Safari/537.11"
192.168.1.100 - - [07/Jan/2013:11:29:46] "GET /style.css HTTP/1.1" 200 3325 "http://192.168.1.2:8081/login?pm=0&username=ase_katlego&userid=113" "Mozilla/5.0 (X11; CrOS i686 2913.120.0) AppleWebKit/537.11 (KHTML, like Gecko) Chrome/23.0.1271.49 Safari/537.11"
192.168.1.100 - - [07/Jan/2013:11:29:46] "GET /img/logo.png HTTP/1.1" 200 7466 "http://192.168.1.2:8081/login?pm=0&username=ase_katlego&userid=113" "Mozilla/5.0 (X11; CrOS i686 2913.120.0) AppleWebKit/537.11 (KHTML, like Gecko) Chrome/23.0.1271.49 Safari/537.11"
192.168.1.100 - - [07/Jan/2013:11:29:46] "GET /img/bg_h.png HTTP/1.1" 200 1118 "http://192.168.1.2:8081/login?pm=0&username=ase_katlego&userid=113" "Mozilla/5.0 (X11; CrOS i686 2913.120.0) AppleWebKit/537.11 (KHTML, like Gecko) Chrome/23.0.1271.49 Safari/537.11"
192.168.1.100 - - [07/Jan/2013:11:29:46] "GET /favicon.ico HTTP/1.1" 200 1406 "" "Mozilla/5.0 (X11; CrOS i686 2913.120.0) AppleWebKit/537.11 (KHTML, like Gecko) Chrome/23.0.1271.49 Safari/537.11"
192.168.1.109 - - [07/Jan/2013:11:30:02] "GET /login?pm=0&username=ase_sizwe&userid=112 HTTP/1.1" 200 1005 "http://192.168.1.2/moodle/" "Mozilla/5.0 (X11; CrOS i686 2913.276.0) AppleWebKit/537.11 (KHTML, like Gecko) Chrome/23.0.1271.110 Safari/537.11"
192.168.1.109 - - [07/Jan/2013:11:30:02] "GET /style.css HTTP/1.1" 200 3325 "http://192.168.1.2:8081/login?pm=0&username=ase_sizwe&userid=112" "Mozilla/5.0 (X11; CrOS i686 2913.276.0) AppleWebKit/537.11 (KHTML, like Gecko) Chrome/23.0.1271.110 Safari/537.11"
192.168.1.109 - - [07/Jan/2013:11:30:02] "GET /img/logo.png HTTP/1.1" 200 7466 "http://192.168.1.2:8081/login?pm=0&username=ase_sizwe&userid=112" "Mozilla/5.0 (X11; CrOS i686 2913.276.0) AppleWebKit/537.11 (KHTML, like Gecko) Chrome/23.0.1271.110 Safari/537.11"
192.168.1.109 - - [07/Jan/2013:11:30:02] "GET /img/bg_h.png HTTP/1.1" 200 1118 "http://192.168.1.2:8081/login?pm=0&username=ase_sizwe&userid=112" "Mozilla/5.0 (X11; CrOS i686 2913.276.0) AppleWebKit/537.11 (KHTML, like Gecko) Chrome/23.0.1271.110 Safari/537.11"
192.168.1.109 - - [07/Jan/2013:11:30:02] "GET /favicon.ico HTTP/1.1" 200 1406 "" "Mozilla/5.0 (X11; CrOS i686 2913.276.0) AppleWebKit/537.11 (KHTML, like Gecko) Chrome/23.0.1271.110 Safari/537.11"
192.168.1.100 - - [07/Jan/2013:11:30:06] "GET /khan HTTP/1.1" 200 1280 "http://192.168.1.2:8081/login?pm=0&username=ase_katlego&userid=113" "Mozilla/5.0 (X11; CrOS i686 2913.120.0) AppleWebKit/537.11 (KHTML, like Gecko) Chrome/23.0.1271.49 Safari/537.11"
192.168.1.100 - - [07/Jan/2013:11:30:06] "GET /index HTTP/1.1" 200 1529 "http://192.168.1.2:8081/khan" "Mozilla/5.0 (X11; CrOS i686 2913.120.0) AppleWebKit/537.11 (KHTML, like Gecko) Chrome/23.0.1271.49 Safari/537.11"
192.168.1.100 - - [07/Jan/2013:11:30:17] "GET /index?topic=math HTTP/1.1" 200 2055 "http://192.168.1.2:8081/index" "Mozilla/5.0 (X11; CrOS i686 2913.120.0) AppleWebKit/537.11 (KHTML, like Gecko) Chrome/23.0.1271.49 Safari/537.11"
192.168.1.109 - - [07/Jan/2013:11:30:18] "GET /englishessay/admin HTTP/1.1" 200 1038 "http://192.168.1.2:8081/login?pm=0&username=ase_sizwe&userid=112" "Mozilla/5.0 (X11; CrOS i686 2913.276.0) AppleWebKit/537.11 (KHTML, like Gecko) Chrome/23.0.1271.110 Safari/537.11"
192.168.1.109 - - [07/Jan/2013:11:30:18] "GET /englishessay/style.css HTTP/1.1" 200 3325 "http://192.168.1.2:8081/englishessay/admin" "Mozilla/5.0 (X11; CrOS i686 2913.276.0) AppleWebKit/537.11 (KHTML, like Gecko) Chrome/23.0.1271.110 Safari/537.11"
192.168.1.109 - - [07/Jan/2013:11:30:18] "GET /englishessay/img/logo.png HTTP/1.1" 200 7466 "http://192.168.1.2:8081/englishessay/admin" "Mozilla/5.0 (X11; CrOS i686 2913.276.0) AppleWebKit/537.11 (KHTML, like Gecko) Chrome/23.0.1271.110 Safari/537.11"
192.168.1.109 - - [07/Jan/2013:11:30:18] "GET /englishessay/img/bg_h.png HTTP/1.1" 200 1118 "http://192.168.1.2:8081/englishessay/admin" "Mozilla/5.0 (X11; CrOS i686 2913.276.0) AppleWebKit/537.11 (KHTML, like Gecko) Chrome/23.0.1271.110 Safari/537.11"
192.168.1.111 - - [07/Jan/2013:11:30:38] "GET /login?pm=0&username=ase_brenda&userid=111 HTTP/1.1" 200 1005 "http://192.168.1.2/moodle/" "Mozilla/5.0 (X11; CrOS i686 2913.260.0) AppleWebKit/537.11 (KHTML, like Gecko) Chrome/23.0.1271.99 Safari/537.11"
192.168.1.111 - - [07/Jan/2013:11:30:40] "GET /englishessay HTTP/1.1" 301 129 "http://192.168.1.2:8081/login?pm=0&username=ase_brenda&userid=111" "Mozilla/5.0 (X11; CrOS i686 2913.260.0) AppleWebKit/537.11 (KHTML, like Gecko) Chrome/23.0.1271.99 Safari/537.11"
2013-01-07 11:30:40,929 INFO sqlalchemy.engine.base.Engine SELECT DATABASE()
2013-01-07 11:30:40,929 INFO sqlalchemy.engine.base.Engine ()
2013-01-07 11:30:40,931 INFO sqlalchemy.engine.base.Engine SHOW VARIABLES LIKE 'character_set%%'
2013-01-07 11:30:40,931 INFO sqlalchemy.engine.base.Engine ()
2013-01-07 11:30:40,931 INFO sqlalchemy.engine.base.Engine SHOW VARIABLES LIKE 'lower_case_table_names'
2013-01-07 11:30:40,931 INFO sqlalchemy.engine.base.Engine ()
2013-01-07 11:30:40,932 INFO sqlalchemy.engine.base.Engine SHOW COLLATION
2013-01-07 11:30:40,932 INFO sqlalchemy.engine.base.Engine ()
2013-01-07 11:30:40,934 INFO sqlalchemy.engine.base.Engine SHOW VARIABLES LIKE 'sql_mode'
2013-01-07 11:30:40,934 INFO sqlalchemy.engine.base.Engine ()
2013-01-07 11:30:40,935 INFO sqlalchemy.engine.base.Engine BEGIN (implicit)
2013-01-07 11:30:40,935 INFO sqlalchemy.engine.base.Engine select distinct state from assignment
2013-01-07 11:30:40,935 INFO sqlalchemy.engine.base.Engine ()
2013-01-07 11:30:40,936 INFO sqlalchemy.engine.base.Engine SELECT assignment.id, assignment.title, assignment.description, assignment.state, assignment.duration, assignment.startdatetime 
FROM assignment 
WHERE assignment.state = %s
2013-01-07 11:30:40,936 INFO sqlalchemy.engine.base.Engine ('BUSY',)
2013-01-07 11:30:40,937 INFO sqlalchemy.engine.base.Engine SELECT essay.id, essay.assignment_id, essay.student_name, essay.essay_text, essay.submitteddatetime, essay.score, essay.grade 
FROM essay 
WHERE essay.student_name = %s AND essay.assignment_id = %s
2013-01-07 11:30:40,937 INFO sqlalchemy.engine.base.Engine (u'ase_brenda', 2L)
2013-01-07 11:30:41,945 INFO sqlalchemy.engine.base.Engine COMMIT
192.168.1.111 - - [07/Jan/2013:11:30:41] "GET /englishessay/ HTTP/1.1" 200 2133 "http://192.168.1.2:8081/login?pm=0&username=ase_brenda&userid=111" "Mozilla/5.0 (X11; CrOS i686 2913.260.0) AppleWebKit/537.11 (KHTML, like Gecko) Chrome/23.0.1271.99 Safari/537.11"
192.168.1.111 - - [07/Jan/2013:11:30:42] "GET /englishessay/style.css HTTP/1.1" 200 3325 "http://192.168.1.2:8081/englishessay/" "Mozilla/5.0 (X11; CrOS i686 2913.260.0) AppleWebKit/537.11 (KHTML, like Gecko) Chrome/23.0.1271.99 Safari/537.11"
192.168.1.111 - - [07/Jan/2013:11:30:42] "GET /englishessay/js/jquery.js HTTP/1.1" 200 92792 "http://192.168.1.2:8081/englishessay/" "Mozilla/5.0 (X11; CrOS i686 2913.260.0) AppleWebKit/537.11 (KHTML, like Gecko) Chrome/23.0.1271.99 Safari/537.11"
192.168.1.111 - - [07/Jan/2013:11:30:42] "GET /englishessay/js/jquery.notice.css HTTP/1.1" 200 567 "http://192.168.1.2:8081/englishessay/" "Mozilla/5.0 (X11; CrOS i686 2913.260.0) AppleWebKit/537.11 (KHTML, like Gecko) Chrome/23.0.1271.99 Safari/537.11"
192.168.1.111 - - [07/Jan/2013:11:30:42] "GET /englishessay/js/jquery.notice.js HTTP/1.1" 200 3118 "http://192.168.1.2:8081/englishessay/" "Mozilla/5.0 (X11; CrOS i686 2913.260.0) AppleWebKit/537.11 (KHTML, like Gecko) Chrome/23.0.1271.99 Safari/537.11"
192.168.1.111 - - [07/Jan/2013:11:30:42] "GET /englishessay/js/ase.js HTTP/1.1" 200 559 "http://192.168.1.2:8081/englishessay/" "Mozilla/5.0 (X11; CrOS i686 2913.260.0) AppleWebKit/537.11 (KHTML, like Gecko) Chrome/23.0.1271.99 Safari/537.11"
192.168.1.111 - - [07/Jan/2013:11:30:42] "GET /englishessay/js/jquery.counter.js HTTP/1.1" 200 8746 "http://192.168.1.2:8081/englishessay/" "Mozilla/5.0 (X11; CrOS i686 2913.260.0) AppleWebKit/537.11 (KHTML, like Gecko) Chrome/23.0.1271.99 Safari/537.11"
192.168.1.111 - - [07/Jan/2013:11:30:42] "GET /englishessay/js/jquery.counter-analog.css HTTP/1.1" 200 15203 "http://192.168.1.2:8081/englishessay/" "Mozilla/5.0 (X11; CrOS i686 2913.260.0) AppleWebKit/537.11 (KHTML, like Gecko) Chrome/23.0.1271.99 Safari/537.11"
192.168.1.111 - - [07/Jan/2013:11:30:43] "GET /englishessay/img/bg_h.png HTTP/1.1" 200 1118 "http://192.168.1.2:8081/englishessay/" "Mozilla/5.0 (X11; CrOS i686 2913.260.0) AppleWebKit/537.11 (KHTML, like Gecko) Chrome/23.0.1271.99 Safari/537.11"
192.168.1.111 - - [07/Jan/2013:11:30:43] "GET /englishessay/img/logo.png HTTP/1.1" 200 7466 "http://192.168.1.2:8081/englishessay/" "Mozilla/5.0 (X11; CrOS i686 2913.260.0) AppleWebKit/537.11 (KHTML, like Gecko) Chrome/23.0.1271.99 Safari/537.11"
192.168.1.109 - - [07/Jan/2013:11:30:45] "GET /login?pm=0&username=ase_sizwe&userid=112 HTTP/1.1" 200 1005 "http://192.168.1.2/moodle/" "Mozilla/5.0 (X11; CrOS i686 2913.276.0) AppleWebKit/537.11 (KHTML, like Gecko) Chrome/23.0.1271.110 Safari/537.11"
192.168.1.100 - - [07/Jan/2013:11:30:49] "GET /index?topic=algebra HTTP/1.1" 200 2636 "http://192.168.1.2:8081/index?topic=math" "Mozilla/5.0 (X11; CrOS i686 2913.120.0) AppleWebKit/537.11 (KHTML, like Gecko) Chrome/23.0.1271.49 Safari/537.11"
192.168.1.109 - - [07/Jan/2013:11:30:52] "GET /khan HTTP/1.1" 200 1278 "http://192.168.1.2:8081/login?pm=0&username=ase_sizwe&userid=112" "Mozilla/5.0 (X11; CrOS i686 2913.276.0) AppleWebKit/537.11 (KHTML, like Gecko) Chrome/23.0.1271.110 Safari/537.11"
192.168.1.109 - - [07/Jan/2013:11:30:53] "GET /index HTTP/1.1" 200 1527 "http://192.168.1.2:8081/khan" "Mozilla/5.0 (X11; CrOS i686 2913.276.0) AppleWebKit/537.11 (KHTML, like Gecko) Chrome/23.0.1271.110 Safari/537.11"
192.168.1.100 - - [07/Jan/2013:11:30:58] "GET /index?topic=introduction-to-algebra HTTP/1.1" 200 1571 "http://192.168.1.2:8081/index?topic=algebra" "Mozilla/5.0 (X11; CrOS i686 2913.120.0) AppleWebKit/537.11 (KHTML, like Gecko) Chrome/23.0.1271.49 Safari/537.11"
192.168.1.112 - - [07/Jan/2013:11:31:01] "GET /login HTTP/1.1" 200 994 "" "Mozilla/5.0 (X11; CrOS i686 2913.276.0) AppleWebKit/537.11 (KHTML, like Gecko) Chrome/23.0.1271.110 Safari/537.11"
192.168.1.109 - - [07/Jan/2013:11:31:01] "GET /index?topic=math HTTP/1.1" 200 2053 "http://192.168.1.2:8081/index" "Mozilla/5.0 (X11; CrOS i686 2913.276.0) AppleWebKit/537.11 (KHTML, like Gecko) Chrome/23.0.1271.110 Safari/537.11"
192.168.1.112 - - [07/Jan/2013:11:31:06] "POST /login HTTP/1.1" 200 1005 "http://192.168.1.2:8081/login" "Mozilla/5.0 (X11; CrOS i686 2913.276.0) AppleWebKit/537.11 (KHTML, like Gecko) Chrome/23.0.1271.110 Safari/537.11"
192.168.1.109 - - [07/Jan/2013:11:31:06] "GET /index?topic=arithmetic HTTP/1.1" 200 2077 "http://192.168.1.2:8081/index?topic=math" "Mozilla/5.0 (X11; CrOS i686 2913.276.0) AppleWebKit/537.11 (KHTML, like Gecko) Chrome/23.0.1271.110 Safari/537.11"
192.168.1.109 - - [07/Jan/2013:11:31:09] "GET /index?topic=addition-subtraction HTTP/1.1" 200 5689 "http://192.168.1.2:8081/index?topic=arithmetic" "Mozilla/5.0 (X11; CrOS i686 2913.276.0) AppleWebKit/537.11 (KHTML, like Gecko) Chrome/23.0.1271.110 Safari/537.11"
192.168.1.112 - - [07/Jan/2013:11:31:10] "GET /khan HTTP/1.1" 200 1284 "http://192.168.1.2:8081/login" "Mozilla/5.0 (X11; CrOS i686 2913.276.0) AppleWebKit/537.11 (KHTML, like Gecko) Chrome/23.0.1271.110 Safari/537.11"
192.168.1.112 - - [07/Jan/2013:11:31:10] "GET /index HTTP/1.1" 200 1533 "http://192.168.1.2:8081/khan" "Mozilla/5.0 (X11; CrOS i686 2913.276.0) AppleWebKit/537.11 (KHTML, like Gecko) Chrome/23.0.1271.110 Safari/537.11"
192.168.1.112 - - [07/Jan/2013:11:31:12] "GET /login HTTP/1.1" 200 994 "http://192.168.1.2:8081/index" "Mozilla/5.0 (X11; CrOS i686 2913.276.0) AppleWebKit/537.11 (KHTML, like Gecko) Chrome/23.0.1271.110 Safari/537.11"
192.168.1.109 - - [07/Jan/2013:11:31:13] "GET /exercise?exercise_id=addition_1&topic=addition-subtraction HTTP/1.1" 200 1470 "http://192.168.1.2:8081/index?topic=addition-subtraction" "Mozilla/5.0 (X11; CrOS i686 2913.276.0) AppleWebKit/537.11 (KHTML, like Gecko) Chrome/23.0.1271.110 Safari/537.11"
192.168.1.111 - - [07/Jan/2013:11:31:14] "GET /khan HTTP/1.1" 200 1279 "http://192.168.1.2:8081/login?pm=0&username=ase_brenda&userid=111" "Mozilla/5.0 (X11; CrOS i686 2913.260.0) AppleWebKit/537.11 (KHTML, like Gecko) Chrome/23.0.1271.99 Safari/537.11"
192.168.1.111 - - [07/Jan/2013:11:31:15] "GET /index HTTP/1.1" 200 1528 "http://192.168.1.2:8081/khan" "Mozilla/5.0 (X11; CrOS i686 2913.260.0) AppleWebKit/537.11 (KHTML, like Gecko) Chrome/23.0.1271.99 Safari/537.11"
192.168.1.100 - - [07/Jan/2013:11:31:16] "GET /index?topic=statistics HTTP/1.1" 200 13324 "http://192.168.1.2:8081/index?topic=math" "Mozilla/5.0 (X11; CrOS i686 2913.120.0) AppleWebKit/537.11 (KHTML, like Gecko) Chrome/23.0.1271.49 Safari/537.11"
192.168.1.112 - - [07/Jan/2013:11:31:17] "GET /index?topic=math HTTP/1.1" 200 2059 "http://192.168.1.2:8081/index" "Mozilla/5.0 (X11; CrOS i686 2913.276.0) AppleWebKit/537.11 (KHTML, like Gecko) Chrome/23.0.1271.110 Safari/537.11"
192.168.1.112 - - [07/Jan/2013:11:31:19] "GET /index?topic=arithmetic HTTP/1.1" 200 2083 "http://192.168.1.2:8081/index?topic=math" "Mozilla/5.0 (X11; CrOS i686 2913.276.0) AppleWebKit/537.11 (KHTML, like Gecko) Chrome/23.0.1271.110 Safari/537.11"
192.168.1.100 - - [07/Jan/2013:11:31:20] "GET /exercise?exercise_id=mean_median_and_mode&topic=statistics HTTP/1.1" 200 1232 "http://192.168.1.2:8081/index?topic=statistics" "Mozilla/5.0 (X11; CrOS i686 2913.120.0) AppleWebKit/537.11 (KHTML, like Gecko) Chrome/23.0.1271.49 Safari/537.11"
192.168.1.112 - - [07/Jan/2013:11:31:20] "GET /index?topic=addition-subtraction HTTP/1.1" 200 5695 "http://192.168.1.2:8081/index?topic=arithmetic" "Mozilla/5.0 (X11; CrOS i686 2913.276.0) AppleWebKit/537.11 (KHTML, like Gecko) Chrome/23.0.1271.110 Safari/537.11"
192.168.1.112 - - [07/Jan/2013:11:31:22] "GET /exercise?exercise_id=addition_1&topic=addition-subtraction HTTP/1.1" 200 1470 "http://192.168.1.2:8081/index?topic=addition-subtraction" "Mozilla/5.0 (X11; CrOS i686 2913.276.0) AppleWebKit/537.11 (KHTML, like Gecko) Chrome/23.0.1271.110 Safari/537.11"
192.168.1.111 - - [07/Jan/2013:11:31:23] "GET /index?topic=science HTTP/1.1" 200 1646 "http://192.168.1.2:8081/index" "Mozilla/5.0 (X11; CrOS i686 2913.260.0) AppleWebKit/537.11 (KHTML, like Gecko) Chrome/23.0.1271.99 Safari/537.11"
192.168.1.111 - - [07/Jan/2013:11:31:25] "GET /index?topic=organic-chemistry HTTP/1.1" 200 12558 "http://192.168.1.2:8081/index?topic=science" "Mozilla/5.0 (X11; CrOS i686 2913.260.0) AppleWebKit/537.11 (KHTML, like Gecko) Chrome/23.0.1271.99 Safari/537.11"
192.168.1.111 - - [07/Jan/2013:11:31:32] "GET /video?vid_id=organic-chemistry-naming-examples-3&topic=organic-chemistry HTTP/1.1" 200 1991 "http://192.168.1.2:8081/index?topic=organic-chemistry" "Mozilla/5.0 (X11; CrOS i686 2913.260.0) AppleWebKit/537.11 (KHTML, like Gecko) Chrome/23.0.1271.99 Safari/537.11"
192.168.1.111 - - [07/Jan/2013:11:31:57] "GET /index?topic=humanities---other HTTP/1.1" 200 1324 "http://192.168.1.2:8081/index" "Mozilla/5.0 (X11; CrOS i686 2913.260.0) AppleWebKit/537.11 (KHTML, like Gecko) Chrome/23.0.1271.99 Safari/537.11"
192.168.1.111 - - [07/Jan/2013:11:32:00] "GET /index?topic=history HTTP/1.1" 200 5094 "http://192.168.1.2:8081/index?topic=humanities---other" "Mozilla/5.0 (X11; CrOS i686 2913.260.0) AppleWebKit/537.11 (KHTML, like Gecko) Chrome/23.0.1271.99 Safari/537.11"
192.168.1.112 - - [07/Jan/2013:11:32:33] "GET /login HTTP/1.1" 200 994 "" "Mozilla/5.0 (X11; CrOS i686 2913.276.0) AppleWebKit/537.11 (KHTML, like Gecko) Chrome/23.0.1271.110 Safari/537.11"
192.168.1.112 - - [07/Jan/2013:11:32:34] "GET /exercise?exercise_id=addition_1&topic=addition-subtraction HTTP/1.1" 200 1470 "" "Mozilla/5.0 (X11; CrOS i686 2913.276.0) AppleWebKit/537.11 (KHTML, like Gecko) Chrome/23.0.1271.110 Safari/537.11"
192.168.1.111 - - [07/Jan/2013:11:32:40] "GET /video?vid_id=haitian-revolution--part-1&topic=history HTTP/1.1" 200 1936 "http://192.168.1.2:8081/index?topic=history" "Mozilla/5.0 (X11; CrOS i686 2913.260.0) AppleWebKit/537.11 (KHTML, like Gecko) Chrome/23.0.1271.99 Safari/537.11"
192.168.1.100 - - [07/Jan/2013:11:32:50] "GET /khan HTTP/1.1" 200 1280 "http://192.168.1.2:8081/login?pm=0&username=ase_katlego&userid=113" "Mozilla/5.0 (X11; CrOS i686 2913.120.0) AppleWebKit/537.11 (KHTML, like Gecko) Chrome/23.0.1271.49 Safari/537.11"
192.168.1.100 - - [07/Jan/2013:11:32:50] "GET /index HTTP/1.1" 200 1529 "http://192.168.1.2:8081/khan" "Mozilla/5.0 (X11; CrOS i686 2913.120.0) AppleWebKit/537.11 (KHTML, like Gecko) Chrome/23.0.1271.49 Safari/537.11"
192.168.1.100 - - [07/Jan/2013:11:33:00] "GET /index?topic=talks-and-interviews HTTP/1.1" 200 11798 "http://192.168.1.2:8081/index" "Mozilla/5.0 (X11; CrOS i686 2913.120.0) AppleWebKit/537.11 (KHTML, like Gecko) Chrome/23.0.1271.49 Safari/537.11"
192.168.1.109 - - [07/Jan/2013:11:33:47] "GET /exercise?exercise_id=subtraction_2&topic=addition-subtraction HTTP/1.1" 200 1504 "http://192.168.1.2:8081/index?topic=addition-subtraction" "Mozilla/5.0 (X11; CrOS i686 2913.276.0) AppleWebKit/537.11 (KHTML, like Gecko) Chrome/23.0.1271.110 Safari/537.11"
192.168.1.108 - - [07/Jan/2013:11:34:01] "GET /login?pm=0&username=ase_nontobeko&userid=109 HTTP/1.1" 200 1005 "http://192.168.1.2/moodle/" "Mozilla/5.0 (X11; CrOS i686 2913.120.0) AppleWebKit/537.11 (KHTML, like Gecko) Chrome/23.0.1271.49 Safari/537.11"
192.168.1.108 - - [07/Jan/2013:11:34:01] "GET /style.css HTTP/1.1" 200 3325 "http://192.168.1.2:8081/login?pm=0&username=ase_nontobeko&userid=109" "Mozilla/5.0 (X11; CrOS i686 2913.120.0) AppleWebKit/537.11 (KHTML, like Gecko) Chrome/23.0.1271.49 Safari/537.11"
192.168.1.108 - - [07/Jan/2013:11:34:01] "GET /img/logo.png HTTP/1.1" 200 7466 "http://192.168.1.2:8081/login?pm=0&username=ase_nontobeko&userid=109" "Mozilla/5.0 (X11; CrOS i686 2913.120.0) AppleWebKit/537.11 (KHTML, like Gecko) Chrome/23.0.1271.49 Safari/537.11"
192.168.1.108 - - [07/Jan/2013:11:34:01] "GET /img/bg_h.png HTTP/1.1" 200 1118 "http://192.168.1.2:8081/login?pm=0&username=ase_nontobeko&userid=109" "Mozilla/5.0 (X11; CrOS i686 2913.120.0) AppleWebKit/537.11 (KHTML, like Gecko) Chrome/23.0.1271.49 Safari/537.11"
192.168.1.108 - - [07/Jan/2013:11:34:03] "GET /favicon.ico HTTP/1.1" 200 1406 "" "Mozilla/5.0 (X11; CrOS i686 2913.120.0) AppleWebKit/537.11 (KHTML, like Gecko) Chrome/23.0.1271.49 Safari/537.11"
192.168.1.108 - - [07/Jan/2013:11:34:08] "GET /englishessay HTTP/1.1" 301 129 "http://192.168.1.2:8081/login?pm=0&username=ase_nontobeko&userid=109" "Mozilla/5.0 (X11; CrOS i686 2913.120.0) AppleWebKit/537.11 (KHTML, like Gecko) Chrome/23.0.1271.49 Safari/537.11"
2013-01-07 11:34:08,894 INFO sqlalchemy.engine.base.Engine BEGIN (implicit)
2013-01-07 11:34:08,894 INFO sqlalchemy.engine.base.Engine select distinct state from assignment
2013-01-07 11:34:08,894 INFO sqlalchemy.engine.base.Engine ()
2013-01-07 11:34:08,896 INFO sqlalchemy.engine.base.Engine SELECT assignment.id, assignment.title, assignment.description, assignment.state, assignment.duration, assignment.startdatetime 
FROM assignment 
WHERE assignment.state = %s
2013-01-07 11:34:08,896 INFO sqlalchemy.engine.base.Engine ('BUSY',)
2013-01-07 11:34:08,898 INFO sqlalchemy.engine.base.Engine SELECT essay.id, essay.assignment_id, essay.student_name, essay.essay_text, essay.submitteddatetime, essay.score, essay.grade 
FROM essay 
WHERE essay.student_name = %s AND essay.assignment_id = %s
2013-01-07 11:34:08,898 INFO sqlalchemy.engine.base.Engine (u'ase_nontobeko', 2L)
2013-01-07 11:34:08,899 INFO sqlalchemy.engine.base.Engine COMMIT
192.168.1.108 - - [07/Jan/2013:11:34:08] "GET /englishessay/ HTTP/1.1" 200 2136 "http://192.168.1.2:8081/login?pm=0&username=ase_nontobeko&userid=109" "Mozilla/5.0 (X11; CrOS i686 2913.120.0) AppleWebKit/537.11 (KHTML, like Gecko) Chrome/23.0.1271.49 Safari/537.11"
192.168.1.108 - - [07/Jan/2013:11:34:08] "GET /englishessay/style.css HTTP/1.1" 200 3325 "http://192.168.1.2:8081/englishessay/" "Mozilla/5.0 (X11; CrOS i686 2913.120.0) AppleWebKit/537.11 (KHTML, like Gecko) Chrome/23.0.1271.49 Safari/537.11"
192.168.1.108 - - [07/Jan/2013:11:34:08] "GET /englishessay/js/jquery.counter-analog.css HTTP/1.1" 200 15203 "http://192.168.1.2:8081/englishessay/" "Mozilla/5.0 (X11; CrOS i686 2913.120.0) AppleWebKit/537.11 (KHTML, like Gecko) Chrome/23.0.1271.49 Safari/537.11"
192.168.1.108 - - [07/Jan/2013:11:34:08] "GET /englishessay/js/ase.js HTTP/1.1" 200 559 "http://192.168.1.2:8081/englishessay/" "Mozilla/5.0 (X11; CrOS i686 2913.120.0) AppleWebKit/537.11 (KHTML, like Gecko) Chrome/23.0.1271.49 Safari/537.11"
192.168.1.108 - - [07/Jan/2013:11:34:08] "GET /englishessay/js/jquery.js HTTP/1.1" 200 92792 "http://192.168.1.2:8081/englishessay/" "Mozilla/5.0 (X11; CrOS i686 2913.120.0) AppleWebKit/537.11 (KHTML, like Gecko) Chrome/23.0.1271.49 Safari/537.11"
192.168.1.108 - - [07/Jan/2013:11:34:08] "GET /englishessay/js/jquery.notice.js HTTP/1.1" 200 3118 "http://192.168.1.2:8081/englishessay/" "Mozilla/5.0 (X11; CrOS i686 2913.120.0) AppleWebKit/537.11 (KHTML, like Gecko) Chrome/23.0.1271.49 Safari/537.11"
192.168.1.108 - - [07/Jan/2013:11:34:08] "GET /englishessay/js/jquery.notice.css HTTP/1.1" 200 567 "http://192.168.1.2:8081/englishessay/" "Mozilla/5.0 (X11; CrOS i686 2913.120.0) AppleWebKit/537.11 (KHTML, like Gecko) Chrome/23.0.1271.49 Safari/537.11"
192.168.1.108 - - [07/Jan/2013:11:34:08] "GET /englishessay/js/jquery.counter.js HTTP/1.1" 200 8746 "http://192.168.1.2:8081/englishessay/" "Mozilla/5.0 (X11; CrOS i686 2913.120.0) AppleWebKit/537.11 (KHTML, like Gecko) Chrome/23.0.1271.49 Safari/537.11"
192.168.1.108 - - [07/Jan/2013:11:34:09] "GET /englishessay/img/bg_h.png HTTP/1.1" 200 1118 "http://192.168.1.2:8081/englishessay/" "Mozilla/5.0 (X11; CrOS i686 2913.120.0) AppleWebKit/537.11 (KHTML, like Gecko) Chrome/23.0.1271.49 Safari/537.11"
192.168.1.108 - - [07/Jan/2013:11:34:09] "GET /englishessay/img/logo.png HTTP/1.1" 200 7466 "http://192.168.1.2:8081/englishessay/" "Mozilla/5.0 (X11; CrOS i686 2913.120.0) AppleWebKit/537.11 (KHTML, like Gecko) Chrome/23.0.1271.49 Safari/537.11"
192.168.1.100 - - [07/Jan/2013:11:34:31] "GET /login?pm=0&username=ase_katlego&userid=113 HTTP/1.1" 200 1005 "http://192.168.1.2/moodle/" "Mozilla/5.0 (X11; CrOS i686 2913.120.0) AppleWebKit/537.11 (KHTML, like Gecko) Chrome/23.0.1271.49 Safari/537.11"
192.168.1.113 - - [07/Jan/2013:11:34:35] "GET /login?pm=0&username=ase_mampho&userid=110 HTTP/1.1" 200 1005 "http://192.168.1.2/moodle/" "Mozilla/5.0 (Windows NT 6.1) AppleWebKit/537.11 (KHTML, like Gecko) Chrome/23.0.1271.97 Safari/537.11"
192.168.1.113 - - [07/Jan/2013:11:34:35] "GET /style.css HTTP/1.1" 200 3325 "http://192.168.1.2:8081/login?pm=0&username=ase_mampho&userid=110" "Mozilla/5.0 (Windows NT 6.1) AppleWebKit/537.11 (KHTML, like Gecko) Chrome/23.0.1271.97 Safari/537.11"
192.168.1.113 - - [07/Jan/2013:11:34:35] "GET /img/logo.png HTTP/1.1" 200 7466 "http://192.168.1.2:8081/login?pm=0&username=ase_mampho&userid=110" "Mozilla/5.0 (Windows NT 6.1) AppleWebKit/537.11 (KHTML, like Gecko) Chrome/23.0.1271.97 Safari/537.11"
192.168.1.113 - - [07/Jan/2013:11:34:35] "GET /img/bg_h.png HTTP/1.1" 200 1118 "http://192.168.1.2:8081/login?pm=0&username=ase_mampho&userid=110" "Mozilla/5.0 (Windows NT 6.1) AppleWebKit/537.11 (KHTML, like Gecko) Chrome/23.0.1271.97 Safari/537.11"
192.168.1.100 - - [07/Jan/2013:11:34:35] "GET /englishessay HTTP/1.1" 301 129 "http://192.168.1.2:8081/login?pm=0&username=ase_katlego&userid=113" "Mozilla/5.0 (X11; CrOS i686 2913.120.0) AppleWebKit/537.11 (KHTML, like Gecko) Chrome/23.0.1271.49 Safari/537.11"
2013-01-07 11:34:35,193 INFO sqlalchemy.engine.base.Engine BEGIN (implicit)
2013-01-07 11:34:35,193 INFO sqlalchemy.engine.base.Engine select distinct state from assignment
2013-01-07 11:34:35,194 INFO sqlalchemy.engine.base.Engine ()
192.168.1.113 - - [07/Jan/2013:11:34:35] "GET /favicon.ico HTTP/1.1" 200 1406 "" "Mozilla/5.0 (Windows NT 6.1) AppleWebKit/537.11 (KHTML, like Gecko) Chrome/23.0.1271.97 Safari/537.11"
2013-01-07 11:34:35,196 INFO sqlalchemy.engine.base.Engine SELECT assignment.id, assignment.title, assignment.description, assignment.state, assignment.duration, assignment.startdatetime 
FROM assignment 
WHERE assignment.state = %s
2013-01-07 11:34:35,196 INFO sqlalchemy.engine.base.Engine ('BUSY',)
2013-01-07 11:34:35,198 INFO sqlalchemy.engine.base.Engine SELECT essay.id, essay.assignment_id, essay.student_name, essay.essay_text, essay.submitteddatetime, essay.score, essay.grade 
FROM essay 
WHERE essay.student_name = %s AND essay.assignment_id = %s
2013-01-07 11:34:35,198 INFO sqlalchemy.engine.base.Engine (u'ase_katlego', 2L)
2013-01-07 11:34:35,199 INFO sqlalchemy.engine.base.Engine COMMIT
192.168.1.100 - - [07/Jan/2013:11:34:35] "GET /englishessay/ HTTP/1.1" 200 2134 "http://192.168.1.2:8081/login?pm=0&username=ase_katlego&userid=113" "Mozilla/5.0 (X11; CrOS i686 2913.120.0) AppleWebKit/537.11 (KHTML, like Gecko) Chrome/23.0.1271.49 Safari/537.11"
192.168.1.100 - - [07/Jan/2013:11:34:35] "GET /englishessay/style.css HTTP/1.1" 200 3325 "http://192.168.1.2:8081/englishessay/" "Mozilla/5.0 (X11; CrOS i686 2913.120.0) AppleWebKit/537.11 (KHTML, like Gecko) Chrome/23.0.1271.49 Safari/537.11"
192.168.1.100 - - [07/Jan/2013:11:34:35] "GET /englishessay/js/jquery.notice.css HTTP/1.1" 200 567 "http://192.168.1.2:8081/englishessay/" "Mozilla/5.0 (X11; CrOS i686 2913.120.0) AppleWebKit/537.11 (KHTML, like Gecko) Chrome/23.0.1271.49 Safari/537.11"
192.168.1.100 - - [07/Jan/2013:11:34:35] "GET /englishessay/js/ase.js HTTP/1.1" 200 559 "http://192.168.1.2:8081/englishessay/" "Mozilla/5.0 (X11; CrOS i686 2913.120.0) AppleWebKit/537.11 (KHTML, like Gecko) Chrome/23.0.1271.49 Safari/537.11"
192.168.1.100 - - [07/Jan/2013:11:34:35] "GET /englishessay/js/jquery.counter-analog.css HTTP/1.1" 200 15203 "http://192.168.1.2:8081/englishessay/" "Mozilla/5.0 (X11; CrOS i686 2913.120.0) AppleWebKit/537.11 (KHTML, like Gecko) Chrome/23.0.1271.49 Safari/537.11"
192.168.1.100 - - [07/Jan/2013:11:34:35] "GET /englishessay/js/jquery.notice.js HTTP/1.1" 200 3118 "http://192.168.1.2:8081/englishessay/" "Mozilla/5.0 (X11; CrOS i686 2913.120.0) AppleWebKit/537.11 (KHTML, like Gecko) Chrome/23.0.1271.49 Safari/537.11"
192.168.1.100 - - [07/Jan/2013:11:34:35] "GET /englishessay/js/jquery.counter.js HTTP/1.1" 200 8746 "http://192.168.1.2:8081/englishessay/" "Mozilla/5.0 (X11; CrOS i686 2913.120.0) AppleWebKit/537.11 (KHTML, like Gecko) Chrome/23.0.1271.49 Safari/537.11"
192.168.1.100 - - [07/Jan/2013:11:34:35] "GET /englishessay/js/jquery.js HTTP/1.1" 200 92792 "http://192.168.1.2:8081/englishessay/" "Mozilla/5.0 (X11; CrOS i686 2913.120.0) AppleWebKit/537.11 (KHTML, like Gecko) Chrome/23.0.1271.49 Safari/537.11"
192.168.1.100 - - [07/Jan/2013:11:34:35] "GET /englishessay/img/bg_h.png HTTP/1.1" 200 1118 "http://192.168.1.2:8081/englishessay/" "Mozilla/5.0 (X11; CrOS i686 2913.120.0) AppleWebKit/537.11 (KHTML, like Gecko) Chrome/23.0.1271.49 Safari/537.11"
192.168.1.100 - - [07/Jan/2013:11:34:35] "GET /englishessay/img/logo.png HTTP/1.1" 200 7466 "http://192.168.1.2:8081/englishessay/" "Mozilla/5.0 (X11; CrOS i686 2913.120.0) AppleWebKit/537.11 (KHTML, like Gecko) Chrome/23.0.1271.49 Safari/537.11"
192.168.1.106 - - [07/Jan/2013:11:34:40] "GET /login?pm=0&username=ase_george&userid=114 HTTP/1.1" 200 1005 "http://192.168.1.2/moodle/mod/attforblock/view.php?id=17" "Mozilla/5.0 (X11; CrOS i686 2913.276.0) AppleWebKit/537.11 (KHTML, like Gecko) Chrome/23.0.1271.110 Safari/537.11"
192.168.1.106 - - [07/Jan/2013:11:34:40] "GET /style.css HTTP/1.1" 200 3325 "http://192.168.1.2:8081/login?pm=0&username=ase_george&userid=114" "Mozilla/5.0 (X11; CrOS i686 2913.276.0) AppleWebKit/537.11 (KHTML, like Gecko) Chrome/23.0.1271.110 Safari/537.11"
192.168.1.106 - - [07/Jan/2013:11:34:40] "GET /img/logo.png HTTP/1.1" 200 7466 "http://192.168.1.2:8081/login?pm=0&username=ase_george&userid=114" "Mozilla/5.0 (X11; CrOS i686 2913.276.0) AppleWebKit/537.11 (KHTML, like Gecko) Chrome/23.0.1271.110 Safari/537.11"
192.168.1.106 - - [07/Jan/2013:11:34:40] "GET /img/bg_h.png HTTP/1.1" 200 1118 "http://192.168.1.2:8081/login?pm=0&username=ase_george&userid=114" "Mozilla/5.0 (X11; CrOS i686 2913.276.0) AppleWebKit/537.11 (KHTML, like Gecko) Chrome/23.0.1271.110 Safari/537.11"
192.168.1.113 - - [07/Jan/2013:11:34:40] "GET /khan HTTP/1.1" 200 1279 "http://192.168.1.2:8081/login?pm=0&username=ase_mampho&userid=110" "Mozilla/5.0 (Windows NT 6.1) AppleWebKit/537.11 (KHTML, like Gecko) Chrome/23.0.1271.97 Safari/537.11"
192.168.1.106 - - [07/Jan/2013:11:34:40] "GET /favicon.ico HTTP/1.1" 200 1406 "" "Mozilla/5.0 (X11; CrOS i686 2913.276.0) AppleWebKit/537.11 (KHTML, like Gecko) Chrome/23.0.1271.110 Safari/537.11"
192.168.1.113 - - [07/Jan/2013:11:34:41] "GET /index HTTP/1.1" 200 1528 "http://192.168.1.2:8081/khan" "Mozilla/5.0 (Windows NT 6.1) AppleWebKit/537.11 (KHTML, like Gecko) Chrome/23.0.1271.97 Safari/537.11"
192.168.1.113 - - [07/Jan/2013:11:34:47] "GET /index?topic=math HTTP/1.1" 200 2054 "http://192.168.1.2:8081/index" "Mozilla/5.0 (Windows NT 6.1) AppleWebKit/537.11 (KHTML, like Gecko) Chrome/23.0.1271.97 Safari/537.11"
192.168.1.113 - - [07/Jan/2013:11:34:47] "GET /index?topic=algebra HTTP/1.1" 200 2635 "http://192.168.1.2:8081/index?topic=math" "Mozilla/5.0 (Windows NT 6.1) AppleWebKit/537.11 (KHTML, like Gecko) Chrome/23.0.1271.97 Safari/537.11"
192.168.1.113 - - [07/Jan/2013:11:34:47] "GET /index?topic=solving-linear-equations HTTP/1.1" 200 13506 "http://192.168.1.2:8081/index?topic=algebra" "Mozilla/5.0 (Windows NT 6.1) AppleWebKit/537.11 (KHTML, like Gecko) Chrome/23.0.1271.97 Safari/537.11"
192.168.1.109 - - [07/Jan/2013:11:34:50] "GET /exercise?exercise_id=number_line&topic=addition-subtraction HTTP/1.1" 200 1376 "http://192.168.1.2:8081/index?topic=addition-subtraction" "Mozilla/5.0 (X11; CrOS i686 2913.276.0) AppleWebKit/537.11 (KHTML, like Gecko) Chrome/23.0.1271.110 Safari/537.11"
192.168.1.100 - - [07/Jan/2013:11:34:54] "GET /khan HTTP/1.1" 200 1280 "http://192.168.1.2:8081/login?pm=0&username=ase_katlego&userid=113" "Mozilla/5.0 (X11; CrOS i686 2913.120.0) AppleWebKit/537.11 (KHTML, like Gecko) Chrome/23.0.1271.49 Safari/537.11"
192.168.1.100 - - [07/Jan/2013:11:34:54] "GET /index HTTP/1.1" 200 1529 "http://192.168.1.2:8081/khan" "Mozilla/5.0 (X11; CrOS i686 2913.120.0) AppleWebKit/537.11 (KHTML, like Gecko) Chrome/23.0.1271.49 Safari/537.11"
192.168.1.113 - - [07/Jan/2013:11:34:54] "GET /video?vid_id=variables-expressions-and-equations&topic=solving-linear-equations HTTP/1.1" 200 2005 "http://192.168.1.2:8081/index?topic=solving-linear-equations" "Mozilla/5.0 (Windows NT 6.1) AppleWebKit/537.11 (KHTML, like Gecko) Chrome/23.0.1271.97 Safari/537.11"
192.168.1.112 - - [07/Jan/2013:11:35:04] "GET /login HTTP/1.1" 200 994 "" "Mozilla/5.0 (X11; CrOS i686 2913.276.0) AppleWebKit/537.11 (KHTML, like Gecko) Chrome/23.0.1271.110 Safari/537.11"
192.168.1.108 - - [07/Jan/2013:11:35:05] "GET /login?pm=0&username=ase_nontobeko&userid=109 HTTP/1.1" 200 1005 "http://192.168.1.2/moodle/" "Mozilla/5.0 (X11; CrOS i686 2913.120.0) AppleWebKit/537.11 (KHTML, like Gecko) Chrome/23.0.1271.49 Safari/537.11"
192.168.1.112 - - [07/Jan/2013:11:35:09] "GET /login?pm=0&username=guest&userid=1 HTTP/1.1" 200 1005 "http://192.168.1.2/moodle/" "Mozilla/5.0 (X11; CrOS i686 2913.276.0) AppleWebKit/537.11 (KHTML, like Gecko) Chrome/23.0.1271.110 Safari/537.11"
192.168.1.108 - - [07/Jan/2013:11:35:09] "GET /khan HTTP/1.1" 200 1282 "http://192.168.1.2:8081/login?pm=0&username=ase_nontobeko&userid=109" "Mozilla/5.0 (X11; CrOS i686 2913.120.0) AppleWebKit/537.11 (KHTML, like Gecko) Chrome/23.0.1271.49 Safari/537.11"
192.168.1.112 - - [07/Jan/2013:11:35:10] "GET /khan HTTP/1.1" 200 1274 "http://192.168.1.2:8081/login?pm=0&username=guest&userid=1" "Mozilla/5.0 (X11; CrOS i686 2913.276.0) AppleWebKit/537.11 (KHTML, like Gecko) Chrome/23.0.1271.110 Safari/537.11"
192.168.1.100 - - [07/Jan/2013:11:35:10] "GET /index?topic=humanities---other HTTP/1.1" 200 1325 "http://192.168.1.2:8081/index" "Mozilla/5.0 (X11; CrOS i686 2913.120.0) AppleWebKit/537.11 (KHTML, like Gecko) Chrome/23.0.1271.49 Safari/537.11"
192.168.1.112 - - [07/Jan/2013:11:35:10] "GET /index HTTP/1.1" 200 1523 "http://192.168.1.2:8081/khan" "Mozilla/5.0 (X11; CrOS i686 2913.276.0) AppleWebKit/537.11 (KHTML, like Gecko) Chrome/23.0.1271.110 Safari/537.11"
192.168.1.108 - - [07/Jan/2013:11:35:11] "GET /index HTTP/1.1" 200 1531 "http://192.168.1.2:8081/khan" "Mozilla/5.0 (X11; CrOS i686 2913.120.0) AppleWebKit/537.11 (KHTML, like Gecko) Chrome/23.0.1271.49 Safari/537.11"
192.168.1.112 - - [07/Jan/2013:11:35:14] "GET /index?topic=math HTTP/1.1" 200 2049 "http://192.168.1.2:8081/index" "Mozilla/5.0 (X11; CrOS i686 2913.276.0) AppleWebKit/537.11 (KHTML, like Gecko) Chrome/23.0.1271.110 Safari/537.11"
192.168.1.108 - - [07/Jan/2013:11:35:15] "GET /index?topic=math HTTP/1.1" 200 2057 "http://192.168.1.2:8081/index" "Mozilla/5.0 (X11; CrOS i686 2913.120.0) AppleWebKit/537.11 (KHTML, like Gecko) Chrome/23.0.1271.49 Safari/537.11"
192.168.1.108 - - [07/Jan/2013:11:35:15] "GET /index?topic=algebra HTTP/1.1" 200 2638 "http://192.168.1.2:8081/index?topic=math" "Mozilla/5.0 (X11; CrOS i686 2913.120.0) AppleWebKit/537.11 (KHTML, like Gecko) Chrome/23.0.1271.49 Safari/537.11"
192.168.1.112 - - [07/Jan/2013:11:35:18] "GET /index?topic=arithmetic HTTP/1.1" 200 2073 "http://192.168.1.2:8081/index?topic=math" "Mozilla/5.0 (X11; CrOS i686 2913.276.0) AppleWebKit/537.11 (KHTML, like Gecko) Chrome/23.0.1271.110 Safari/537.11"
192.168.1.108 - - [07/Jan/2013:11:35:18] "GET /index?topic=introduction-to-algebra HTTP/1.1" 200 1573 "http://192.168.1.2:8081/index?topic=algebra" "Mozilla/5.0 (X11; CrOS i686 2913.120.0) AppleWebKit/537.11 (KHTML, like Gecko) Chrome/23.0.1271.49 Safari/537.11"
192.168.1.108 - - [07/Jan/2013:11:35:19] "GET /video?vid_id=the-beauty-of-algebra&topic=introduction-to-algebra HTTP/1.1" 200 1947 "http://192.168.1.2:8081/index?topic=introduction-to-algebra" "Mozilla/5.0 (X11; CrOS i686 2913.120.0) AppleWebKit/537.11 (KHTML, like Gecko) Chrome/23.0.1271.49 Safari/537.11"
192.168.1.112 - - [07/Jan/2013:11:35:26] "GET /index?topic=addition-subtraction HTTP/1.1" 200 5685 "http://192.168.1.2:8081/index?topic=arithmetic" "Mozilla/5.0 (X11; CrOS i686 2913.276.0) AppleWebKit/537.11 (KHTML, like Gecko) Chrome/23.0.1271.110 Safari/537.11"
192.168.1.112 - - [07/Jan/2013:11:35:33] "GET /exercise?exercise_id=counting_1&topic=addition-subtraction HTTP/1.1" 200 1236 "http://192.168.1.2:8081/index?topic=addition-subtraction" "Mozilla/5.0 (X11; CrOS i686 2913.276.0) AppleWebKit/537.11 (KHTML, like Gecko) Chrome/23.0.1271.110 Safari/537.11"
192.168.1.111 - - [07/Jan/2013:11:35:36] "GET /khan HTTP/1.1" 200 1279 "http://192.168.1.2:8081/login?pm=0&username=ase_brenda&userid=111" "Mozilla/5.0 (X11; CrOS i686 2913.260.0) AppleWebKit/537.11 (KHTML, like Gecko) Chrome/23.0.1271.99 Safari/537.11"
192.168.1.111 - - [07/Jan/2013:11:35:43] "GET /index HTTP/1.1" 200 1528 "http://192.168.1.2:8081/khan" "Mozilla/5.0 (X11; CrOS i686 2913.260.0) AppleWebKit/537.11 (KHTML, like Gecko) Chrome/23.0.1271.99 Safari/537.11"
192.168.1.113 - - [07/Jan/2013:11:35:44] "GET /video?vid_id=patterns-in-sequences-1&topic=solving-linear-equations HTTP/1.1" 200 1957 "http://192.168.1.2:8081/index?topic=solving-linear-equations" "Mozilla/5.0 (Windows NT 6.1) AppleWebKit/537.11 (KHTML, like Gecko) Chrome/23.0.1271.97 Safari/537.11"
192.168.1.108 - - [07/Jan/2013:11:36:07] "GET /khan HTTP/1.1" 200 1282 "http://192.168.1.2:8081/login?pm=0&username=ase_nontobeko&userid=109" "Mozilla/5.0 (X11; CrOS i686 2913.120.0) AppleWebKit/537.11 (KHTML, like Gecko) Chrome/23.0.1271.49 Safari/537.11"
192.168.1.108 - - [07/Jan/2013:11:36:07] "GET /index HTTP/1.1" 200 1531 "http://192.168.1.2:8081/khan" "Mozilla/5.0 (X11; CrOS i686 2913.120.0) AppleWebKit/537.11 (KHTML, like Gecko) Chrome/23.0.1271.49 Safari/537.11"
[07/Jan/2013:11:36:11] HTTP 
Request Headers:
  REFERER: http://192.168.1.2:8081/index?topic=solving-linear-equations
  HOST: 192.168.1.2:8081
  CONNECTION: keep-alive
  Remote-Addr: 192.168.1.113
  ACCEPT: text/html,application/xhtml+xml,application/xml;q=0.9,*/*;q=0.8
  ACCEPT-CHARSET: ISO-8859-1,utf-8;q=0.7,*;q=0.3
  USER-AGENT: Mozilla/5.0 (Windows NT 6.1) AppleWebKit/537.11 (KHTML, like Gecko) Chrome/23.0.1271.97 Safari/537.11
  COOKIE: dev_appserver_login="ase_mampho:False:141214611121713612621"; session_id=c3ebd486e02d1fb23b37865ceff92d93553b44cc
  ACCEPT-LANGUAGE: en-US,en;q=0.8
  ACCEPT-ENCODING: gzip,deflate,sdch
[07/Jan/2013:11:36:11] HTTP Traceback (most recent call last):
  File "/usr/lib/python2.7/dist-packages/cherrypy/_cprequest.py", line 656, in respond
    response.body = self.handler()
  File "/usr/lib/python2.7/dist-packages/cherrypy/lib/encoding.py", line 188, in __call__
    self.body = self.oldhandler(*args, **kwargs)
  File "/usr/lib/python2.7/dist-packages/cherrypy/_cpdispatch.py", line 34, in __call__
    return self.callable(*self.args, **self.kwargs)
  File "index.py", line 78, in exercise
    response = urllib2.urlopen(url).read()
  File "/usr/lib/python2.7/urllib2.py", line 126, in urlopen
    return _opener.open(url, data, timeout)
  File "/usr/lib/python2.7/urllib2.py", line 400, in open
    response = self._open(req, data)
  File "/usr/lib/python2.7/urllib2.py", line 418, in _open
    '_open', req)
  File "/usr/lib/python2.7/urllib2.py", line 378, in _call_chain
    result = func(*args)
  File "/usr/lib/python2.7/urllib2.py", line 1207, in http_open
    return self.do_open(httplib.HTTPConnection, req)
  File "/usr/lib/python2.7/urllib2.py", line 1180, in do_open
    r = h.getresponse(buffering=True)
  File "/usr/lib/python2.7/httplib.py", line 1030, in getresponse
    response.begin()
  File "/usr/lib/python2.7/httplib.py", line 407, in begin
    version, status, reason = self._read_status()
  File "/usr/lib/python2.7/httplib.py", line 371, in _read_status
    raise BadStatusLine(line)
BadStatusLine: ''

192.168.1.113 - - [07/Jan/2013:11:36:11] "GET /exercise?exercise_id=New%20exercise:%20linear%20equations%20word%20problems&topic=solving-linear-equations HTTP/1.1" 500 2218 "http://192.168.1.2:8081/index?topic=solving-linear-equations" "Mozilla/5.0 (Windows NT 6.1) AppleWebKit/537.11 (KHTML, like Gecko) Chrome/23.0.1271.97 Safari/537.11"
192.168.1.108 - - [07/Jan/2013:11:36:14] "GET /index?topic=math HTTP/1.1" 200 2057 "http://192.168.1.2:8081/index" "Mozilla/5.0 (X11; CrOS i686 2913.120.0) AppleWebKit/537.11 (KHTML, like Gecko) Chrome/23.0.1271.49 Safari/537.11"
192.168.1.108 - - [07/Jan/2013:11:36:21] "GET /index?topic=arithmetic HTTP/1.1" 200 2081 "http://192.168.1.2:8081/index?topic=math" "Mozilla/5.0 (X11; CrOS i686 2913.120.0) AppleWebKit/537.11 (KHTML, like Gecko) Chrome/23.0.1271.49 Safari/537.11"
192.168.1.108 - - [07/Jan/2013:11:36:21] "GET /index?topic=addition-subtraction HTTP/1.1" 200 5693 "http://192.168.1.2:8081/index?topic=arithmetic" "Mozilla/5.0 (X11; CrOS i686 2913.120.0) AppleWebKit/537.11 (KHTML, like Gecko) Chrome/23.0.1271.49 Safari/537.11"
192.168.1.111 - - [07/Jan/2013:11:36:21] "GET /index?topic=talks-and-interviews HTTP/1.1" 200 11797 "http://192.168.1.2:8081/index" "Mozilla/5.0 (X11; CrOS i686 2913.260.0) AppleWebKit/537.11 (KHTML, like Gecko) Chrome/23.0.1271.99 Safari/537.11"
192.168.1.108 - - [07/Jan/2013:11:36:24] "GET /exercise?exercise_id=addition_1&topic=addition-subtraction HTTP/1.1" 200 1470 "http://192.168.1.2:8081/index?topic=addition-subtraction" "Mozilla/5.0 (X11; CrOS i686 2913.120.0) AppleWebKit/537.11 (KHTML, like Gecko) Chrome/23.0.1271.49 Safari/537.11"
192.168.1.108 - - [07/Jan/2013:11:36:24] "GET /exercise?exercise_id=addition_1&topic=addition-subtraction HTTP/1.1" 200 1470 "http://192.168.1.2:8081/index?topic=addition-subtraction" "Mozilla/5.0 (X11; CrOS i686 2913.120.0) AppleWebKit/537.11 (KHTML, like Gecko) Chrome/23.0.1271.49 Safari/537.11"
192.168.1.111 - - [07/Jan/2013:11:36:51] "GET /index?topic=test-prep HTTP/1.1" 200 1602 "http://192.168.1.2:8081/index" "Mozilla/5.0 (X11; CrOS i686 2913.260.0) AppleWebKit/537.11 (KHTML, like Gecko) Chrome/23.0.1271.99 Safari/537.11"
192.168.1.111 - - [07/Jan/2013:11:36:57] "GET /index?topic=sat-math HTTP/1.1" 200 19252 "http://192.168.1.2:8081/index?topic=test-prep" "Mozilla/5.0 (X11; CrOS i686 2913.260.0) AppleWebKit/537.11 (KHTML, like Gecko) Chrome/23.0.1271.99 Safari/537.11"
192.168.1.111 - - [07/Jan/2013:11:36:59] "GET /video?vid_id=sat-prep--test-1-section3-part-1&topic=sat-math HTTP/1.1" 200 1961 "http://192.168.1.2:8081/index?topic=sat-math" "Mozilla/5.0 (X11; CrOS i686 2913.260.0) AppleWebKit/537.11 (KHTML, like Gecko) Chrome/23.0.1271.99 Safari/537.11"
192.168.1.112 - - [07/Jan/2013:11:37:33] "GET /index?topic=arithmetic HTTP/1.1" 200 2073 "" "Mozilla/5.0 (X11; CrOS i686 2913.276.0) AppleWebKit/537.11 (KHTML, like Gecko) Chrome/23.0.1271.110 Safari/537.11"
192.168.1.112 - - [07/Jan/2013:11:37:35] "GET /index?topic=addition-subtraction HTTP/1.1" 200 5685 "http://192.168.1.2:8081/index?topic=arithmetic" "Mozilla/5.0 (X11; CrOS i686 2913.276.0) AppleWebKit/537.11 (KHTML, like Gecko) Chrome/23.0.1271.110 Safari/537.11"
192.168.1.112 - - [07/Jan/2013:11:37:38] "GET /exercise?exercise_id=addition_1&topic=addition-subtraction HTTP/1.1" 200 1470 "http://192.168.1.2:8081/index?topic=addition-subtraction" "Mozilla/5.0 (X11; CrOS i686 2913.276.0) AppleWebKit/537.11 (KHTML, like Gecko) Chrome/23.0.1271.110 Safari/537.11"
[07/Jan/2013:11:37:53] HTTP 
Request Headers:
  REFERER: http://192.168.1.2:8081/video?vid_id=sat-prep--test-1-section3-part-1&topic=sat-math
  HOST: 192.168.1.2:8081
  CONNECTION: keep-alive
  Remote-Addr: 192.168.1.111
  ACCEPT: text/html,application/xhtml+xml,application/xml;q=0.9,*/*;q=0.8
  ACCEPT-CHARSET: ISO-8859-1,utf-8;q=0.7,*;q=0.3
  USER-AGENT: Mozilla/5.0 (X11; CrOS i686 2913.260.0) AppleWebKit/537.11 (KHTML, like Gecko) Chrome/23.0.1271.99 Safari/537.11
  COOKIE: dev_appserver_login="ase_brenda:False:121663146161161236171"; session_id=af7dc6ca29c1ffc4b3eeaf385e0c6a8290c1398c
  ACCEPT-LANGUAGE: en-US,en;q=0.8
  ACCEPT-ENCODING: gzip,deflate,sdch
[07/Jan/2013:11:37:53] HTTP Traceback (most recent call last):
  File "/usr/lib/python2.7/dist-packages/cherrypy/_cprequest.py", line 656, in respond
    response.body = self.handler()
  File "/usr/lib/python2.7/dist-packages/cherrypy/lib/encoding.py", line 188, in __call__
    self.body = self.oldhandler(*args, **kwargs)
  File "/usr/lib/python2.7/dist-packages/cherrypy/_cpdispatch.py", line 34, in __call__
    return self.callable(*self.args, **self.kwargs)
  File "/home/ubuntu/ase/khan_mini/stream.py", line 31, in default
    fi = open(video_filename)
IOError: [Errno 2] No such file or directory: '/home/ubuntu/khan_academy/static/videos/sat-math/sat-prep--test-1-section3-part-1.flv'

192.168.1.111 - - [07/Jan/2013:11:37:53] "GET /stream/sat-math/sat-prep--test-1-section3-part-1.flv HTTP/1.1" 500 1472 "http://192.168.1.2:8081/video?vid_id=sat-prep--test-1-section3-part-1&topic=sat-math" "Mozilla/5.0 (X11; CrOS i686 2913.260.0) AppleWebKit/537.11 (KHTML, like Gecko) Chrome/23.0.1271.99 Safari/537.11"
192.168.1.104 - - [07/Jan/2013:11:37:55] "GET /login?pm=0&username=aseoffice&userid=8 HTTP/1.1" 200 1005 "http://192.168.1.2/moodle/" "Mozilla/5.0 (X11; CrOS i686 2913.156.1) AppleWebKit/537.11 (KHTML, like Gecko) Chrome/23.0.1271.83 Safari/537.11"
192.168.1.104 - - [07/Jan/2013:11:37:55] "GET /style.css HTTP/1.1" 200 3325 "http://192.168.1.2:8081/login?pm=0&username=aseoffice&userid=8" "Mozilla/5.0 (X11; CrOS i686 2913.156.1) AppleWebKit/537.11 (KHTML, like Gecko) Chrome/23.0.1271.83 Safari/537.11"
192.168.1.104 - - [07/Jan/2013:11:37:55] "GET /img/logo.png HTTP/1.1" 200 7466 "http://192.168.1.2:8081/login?pm=0&username=aseoffice&userid=8" "Mozilla/5.0 (X11; CrOS i686 2913.156.1) AppleWebKit/537.11 (KHTML, like Gecko) Chrome/23.0.1271.83 Safari/537.11"
192.168.1.104 - - [07/Jan/2013:11:37:55] "GET /img/bg_h.png HTTP/1.1" 200 1118 "http://192.168.1.2:8081/login?pm=0&username=aseoffice&userid=8" "Mozilla/5.0 (X11; CrOS i686 2913.156.1) AppleWebKit/537.11 (KHTML, like Gecko) Chrome/23.0.1271.83 Safari/537.11"
192.168.1.104 - - [07/Jan/2013:11:37:55] "GET /favicon.ico HTTP/1.1" 200 1406 "" "Mozilla/5.0 (X11; CrOS i686 2913.156.1) AppleWebKit/537.11 (KHTML, like Gecko) Chrome/23.0.1271.83 Safari/537.11"
192.168.1.104 - - [07/Jan/2013:11:38:03] "GET /login?pm=0&username=aseoffice&userid=8 HTTP/1.1" 200 1005 "http://192.168.1.2/moodle/" "Mozilla/5.0 (X11; CrOS i686 2913.156.1) AppleWebKit/537.11 (KHTML, like Gecko) Chrome/23.0.1271.83 Safari/537.11"
