192.168.1.104 - - [07/Jan/2013:11:38:05] "GET /khan HTTP/1.1" 200 1278 "http://192.168.1.2:8081/login?pm=0&username=aseoffice&userid=8" "Mozilla/5.0 (X11; CrOS i686 2913.156.1) AppleWebKit/537.11 (KHTML, like Gecko) Chrome/23.0.1271.83 Safari/537.11"
192.168.1.104 - - [07/Jan/2013:11:38:05] "GET /index HTTP/1.1" 200 1527 "http://192.168.1.2:8081/khan" "Mozilla/5.0 (X11; CrOS i686 2913.156.1) AppleWebKit/537.11 (KHTML, like Gecko) Chrome/23.0.1271.83 Safari/537.11"
192.168.1.113 - - [07/Jan/2013:11:38:06] "GET /index?topic=arithmetic HTTP/1.1" 200 2078 "http://192.168.1.2:8081/index?topic=math" "Mozilla/5.0 (Windows NT 6.1) AppleWebKit/537.11 (KHTML, like Gecko) Chrome/23.0.1271.97 Safari/537.11"
192.168.1.113 - - [07/Jan/2013:11:38:07] "GET /index?topic=addition-subtraction HTTP/1.1" 200 5690 "http://192.168.1.2:8081/index?topic=arithmetic" "Mozilla/5.0 (Windows NT 6.1) AppleWebKit/537.11 (KHTML, like Gecko) Chrome/23.0.1271.97 Safari/537.11"
192.168.1.108 - - [07/Jan/2013:11:38:08] "GET /exercise?exercise_id=subtraction_1&topic=addition-subtraction HTTP/1.1" 200 1380 "http://192.168.1.2:8081/index?topic=addition-subtraction" "Mozilla/5.0 (X11; CrOS i686 2913.120.0) AppleWebKit/537.11 (KHTML, like Gecko) Chrome/23.0.1271.49 Safari/537.11"
192.168.1.108 - - [07/Jan/2013:11:38:08] "GET /exercise?exercise_id=subtraction_1&topic=addition-subtraction HTTP/1.1" 200 1380 "http://192.168.1.2:8081/index?topic=addition-subtraction" "Mozilla/5.0 (X11; CrOS i686 2913.120.0) AppleWebKit/537.11 (KHTML, like Gecko) Chrome/23.0.1271.49 Safari/537.11"
192.168.1.113 - - [07/Jan/2013:11:38:10] "GET /video?vid_id=basic-addition&topic=addition-subtraction HTTP/1.1" 200 1913 "http://192.168.1.2:8081/index?topic=addition-subtraction" "Mozilla/5.0 (Windows NT 6.1) AppleWebKit/537.11 (KHTML, like Gecko) Chrome/23.0.1271.97 Safari/537.11"
192.168.1.113 - - [07/Jan/2013:11:38:10] "GET /video?vid_id=basic-addition&topic=addition-subtraction HTTP/1.1" 200 1913 "http://192.168.1.2:8081/index?topic=addition-subtraction" "Mozilla/5.0 (Windows NT 6.1) AppleWebKit/537.11 (KHTML, like Gecko) Chrome/23.0.1271.97 Safari/537.11"
192.168.1.104 - - [07/Jan/2013:11:38:11] "GET /index?topic=math HTTP/1.1" 200 2053 "http://192.168.1.2:8081/index" "Mozilla/5.0 (X11; CrOS i686 2913.156.1) AppleWebKit/537.11 (KHTML, like Gecko) Chrome/23.0.1271.83 Safari/537.11"
192.168.1.104 - - [07/Jan/2013:11:38:14] "GET /index?topic=arithmetic HTTP/1.1" 200 2077 "http://192.168.1.2:8081/index?topic=math" "Mozilla/5.0 (X11; CrOS i686 2913.156.1) AppleWebKit/537.11 (KHTML, like Gecko) Chrome/23.0.1271.83 Safari/537.11"
192.168.1.104 - - [07/Jan/2013:11:38:15] "GET /index?topic=addition-subtraction HTTP/1.1" 200 5689 "http://192.168.1.2:8081/index?topic=arithmetic" "Mozilla/5.0 (X11; CrOS i686 2913.156.1) AppleWebKit/537.11 (KHTML, like Gecko) Chrome/23.0.1271.83 Safari/537.11"
192.168.1.104 - - [07/Jan/2013:11:38:18] "GET /exercise?exercise_id=addition_1&topic=addition-subtraction HTTP/1.1" 200 1470 "http://192.168.1.2:8081/index?topic=addition-subtraction" "Mozilla/5.0 (X11; CrOS i686 2913.156.1) AppleWebKit/537.11 (KHTML, like Gecko) Chrome/23.0.1271.83 Safari/537.11"
192.168.1.104 - - [07/Jan/2013:11:38:44] "GET /login?pm=0&username=aseoffice&userid=8 HTTP/1.1" 200 1005 "http://192.168.1.2/moodle/" "Mozilla/5.0 (X11; CrOS i686 2913.156.1) AppleWebKit/537.11 (KHTML, like Gecko) Chrome/23.0.1271.83 Safari/537.11"
192.168.1.104 - - [07/Jan/2013:11:38:46] "GET /khan HTTP/1.1" 200 1278 "http://192.168.1.2:8081/login?pm=0&username=aseoffice&userid=8" "Mozilla/5.0 (X11; CrOS i686 2913.156.1) AppleWebKit/537.11 (KHTML, like Gecko) Chrome/23.0.1271.83 Safari/537.11"
192.168.1.104 - - [07/Jan/2013:11:38:46] "GET /index HTTP/1.1" 200 1527 "http://192.168.1.2:8081/khan" "Mozilla/5.0 (X11; CrOS i686 2913.156.1) AppleWebKit/537.11 (KHTML, like Gecko) Chrome/23.0.1271.83 Safari/537.11"
[07/Jan/2013:11:38:47] HTTP 
Request Headers:
  REFERER: http://192.168.1.2:8081/video?vid_id=basic-addition&topic=addition-subtraction
  HOST: 192.168.1.2:8081
  CONNECTION: keep-alive
  Remote-Addr: 192.168.1.113
  ACCEPT: text/html,application/xhtml+xml,application/xml;q=0.9,*/*;q=0.8
  ACCEPT-CHARSET: ISO-8859-1,utf-8;q=0.7,*;q=0.3
  USER-AGENT: Mozilla/5.0 (Windows NT 6.1) AppleWebKit/537.11 (KHTML, like Gecko) Chrome/23.0.1271.97 Safari/537.11
  COOKIE: dev_appserver_login="ase_mampho:False:141214611121713612621"; session_id=c3ebd486e02d1fb23b37865ceff92d93553b44cc
  ACCEPT-LANGUAGE: en-US,en;q=0.8
  ACCEPT-ENCODING: gzip,deflate,sdch
[07/Jan/2013:11:38:47] HTTP Traceback (most recent call last):
  File "/usr/lib/python2.7/dist-packages/cherrypy/_cprequest.py", line 656, in respond
    response.body = self.handler()
  File "/usr/lib/python2.7/dist-packages/cherrypy/lib/encoding.py", line 188, in __call__
    self.body = self.oldhandler(*args, **kwargs)
  File "/usr/lib/python2.7/dist-packages/cherrypy/_cpdispatch.py", line 34, in __call__
    return self.callable(*self.args, **self.kwargs)
  File "/home/ubuntu/ase/khan_mini/stream.py", line 31, in default
    fi = open(video_filename)
IOError: [Errno 2] No such file or directory: '/home/ubuntu/khan_academy/static/videos/addition-subtraction/basic-addition.flv'

192.168.1.113 - - [07/Jan/2013:11:38:47] "GET /stream/addition-subtraction/basic-addition.flv HTTP/1.1" 500 1466 "http://192.168.1.2:8081/video?vid_id=basic-addition&topic=addition-subtraction" "Mozilla/5.0 (Windows NT 6.1) AppleWebKit/537.11 (KHTML, like Gecko) Chrome/23.0.1271.97 Safari/537.11"
192.168.1.111 - - [07/Jan/2013:11:38:47] "GET /video?vid_id=sat-prep--test-1-section-3-part-5&topic=sat-math HTTP/1.1" 200 1965 "http://192.168.1.2:8081/index?topic=sat-math" "Mozilla/5.0 (X11; CrOS i686 2913.260.0) AppleWebKit/537.11 (KHTML, like Gecko) Chrome/23.0.1271.99 Safari/537.11"
192.168.1.104 - - [07/Jan/2013:11:38:49] "GET /index?topic=math HTTP/1.1" 200 2053 "http://192.168.1.2:8081/index" "Mozilla/5.0 (X11; CrOS i686 2913.156.1) AppleWebKit/537.11 (KHTML, like Gecko) Chrome/23.0.1271.83 Safari/537.11"
192.168.1.104 - - [07/Jan/2013:11:38:51] "GET /index?topic=arithmetic HTTP/1.1" 200 2077 "http://192.168.1.2:8081/index?topic=math" "Mozilla/5.0 (X11; CrOS i686 2913.156.1) AppleWebKit/537.11 (KHTML, like Gecko) Chrome/23.0.1271.83 Safari/537.11"
192.168.1.104 - - [07/Jan/2013:11:38:52] "GET /index?topic=addition-subtraction HTTP/1.1" 200 5689 "http://192.168.1.2:8081/index?topic=arithmetic" "Mozilla/5.0 (X11; CrOS i686 2913.156.1) AppleWebKit/537.11 (KHTML, like Gecko) Chrome/23.0.1271.83 Safari/537.11"
192.168.1.104 - - [07/Jan/2013:11:38:56] "GET /video?vid_id=basic-addition&topic=addition-subtraction HTTP/1.1" 200 1913 "http://192.168.1.2:8081/index?topic=addition-subtraction" "Mozilla/5.0 (X11; CrOS i686 2913.156.1) AppleWebKit/537.11 (KHTML, like Gecko) Chrome/23.0.1271.83 Safari/537.11"
192.168.1.113 - - [07/Jan/2013:11:39:02] "GET /exercise?exercise_id=addition_1&topic=addition-subtraction HTTP/1.1" 200 1470 "http://192.168.1.2:8081/index?topic=addition-subtraction" "Mozilla/5.0 (Windows NT 6.1) AppleWebKit/537.11 (KHTML, like Gecko) Chrome/23.0.1271.97 Safari/537.11"
192.168.1.104 - - [07/Jan/2013:11:39:25] "GET /exercise?exercise_id=addition_1&topic=addition-subtraction HTTP/1.1" 200 1470 "http://192.168.1.2:8081/index?topic=addition-subtraction" "Mozilla/5.0 (X11; CrOS i686 2913.156.1) AppleWebKit/537.11 (KHTML, like Gecko) Chrome/23.0.1271.83 Safari/537.11"
192.168.1.112 - - [07/Jan/2013:11:39:49] "GET /index?topic=arithmetic HTTP/1.1" 200 2073 "" "Mozilla/5.0 (X11; CrOS i686 2913.276.0) AppleWebKit/537.11 (KHTML, like Gecko) Chrome/23.0.1271.110 Safari/537.11"
192.168.1.111 - - [07/Jan/2013:11:39:49] "GET /index?topic=math HTTP/1.1" 200 2054 "http://192.168.1.2:8081/index" "Mozilla/5.0 (X11; CrOS i686 2913.260.0) AppleWebKit/537.11 (KHTML, like Gecko) Chrome/23.0.1271.99 Safari/537.11"
192.168.1.112 - - [07/Jan/2013:11:39:50] "GET /index?topic=arithmetic HTTP/1.1" 200 2073 "" "Mozilla/5.0 (X11; CrOS i686 2913.276.0) AppleWebKit/537.11 (KHTML, like Gecko) Chrome/23.0.1271.110 Safari/537.11"
192.168.1.111 - - [07/Jan/2013:11:39:50] "GET /index?topic=math HTTP/1.1" 200 2054 "http://192.168.1.2:8081/index" "Mozilla/5.0 (X11; CrOS i686 2913.260.0) AppleWebKit/537.11 (KHTML, like Gecko) Chrome/23.0.1271.99 Safari/537.11"
192.168.1.112 - - [07/Jan/2013:11:39:50] "GET /index?topic=arithmetic HTTP/1.1" 200 2073 "" "Mozilla/5.0 (X11; CrOS i686 2913.276.0) AppleWebKit/537.11 (KHTML, like Gecko) Chrome/23.0.1271.110 Safari/537.11"
192.168.1.112 - - [07/Jan/2013:11:39:50] "GET /index?topic=arithmetic HTTP/1.1" 200 2073 "" "Mozilla/5.0 (X11; CrOS i686 2913.276.0) AppleWebKit/537.11 (KHTML, like Gecko) Chrome/23.0.1271.110 Safari/537.11"
192.168.1.112 - - [07/Jan/2013:11:39:50] "GET /exercise?exercise_id=addition_1&topic=addition-subtraction HTTP/1.1" 200 1470 "http://192.168.1.2:8081/index?topic=addition-subtraction" "Mozilla/5.0 (X11; CrOS i686 2913.276.0) AppleWebKit/537.11 (KHTML, like Gecko) Chrome/23.0.1271.110 Safari/537.11"
192.168.1.112 - - [07/Jan/2013:11:39:50] "GET /style.css HTTP/1.1" 304 - "http://192.168.1.2:8081/exercise?exercise_id=addition_1&topic=addition-subtraction" "Mozilla/5.0 (X11; CrOS i686 2913.276.0) AppleWebKit/537.11 (KHTML, like Gecko) Chrome/23.0.1271.110 Safari/537.11"
192.168.1.112 - - [07/Jan/2013:11:39:50] "GET /img/logo.png HTTP/1.1" 304 - "http://192.168.1.2:8081/exercise?exercise_id=addition_1&topic=addition-subtraction" "Mozilla/5.0 (X11; CrOS i686 2913.276.0) AppleWebKit/537.11 (KHTML, like Gecko) Chrome/23.0.1271.110 Safari/537.11"
192.168.1.111 - - [07/Jan/2013:11:39:50] "GET /index?topic=algebra HTTP/1.1" 200 2635 "http://192.168.1.2:8081/index?topic=math" "Mozilla/5.0 (X11; CrOS i686 2913.260.0) AppleWebKit/537.11 (KHTML, like Gecko) Chrome/23.0.1271.99 Safari/537.11"
192.168.1.111 - - [07/Jan/2013:11:39:56] "GET /index?topic=introduction-to-algebra HTTP/1.1" 200 1570 "http://192.168.1.2:8081/index?topic=algebra" "Mozilla/5.0 (X11; CrOS i686 2913.260.0) AppleWebKit/537.11 (KHTML, like Gecko) Chrome/23.0.1271.99 Safari/537.11"
192.168.1.111 - - [07/Jan/2013:11:40:01] "GET /video?vid_id=abstract-ness&topic=introduction-to-algebra HTTP/1.1" 200 1915 "http://192.168.1.2:8081/index?topic=introduction-to-algebra" "Mozilla/5.0 (X11; CrOS i686 2913.260.0) AppleWebKit/537.11 (KHTML, like Gecko) Chrome/23.0.1271.99 Safari/537.11"
192.168.1.112 - - [07/Jan/2013:11:40:05] "GET /index?topic=arithmetic HTTP/1.1" 200 2073 "" "Mozilla/5.0 (X11; CrOS i686 2913.276.0) AppleWebKit/537.11 (KHTML, like Gecko) Chrome/23.0.1271.110 Safari/537.11"
192.168.1.112 - - [07/Jan/2013:11:40:07] "GET /index?topic=number-properties HTTP/1.1" 200 4102 "http://192.168.1.2:8081/index?topic=arithmetic" "Mozilla/5.0 (X11; CrOS i686 2913.276.0) AppleWebKit/537.11 (KHTML, like Gecko) Chrome/23.0.1271.110 Safari/537.11"
192.168.1.112 - - [07/Jan/2013:11:40:10] "GET /exercise?exercise_id=distributive_property&topic=number-properties HTTP/1.1" 200 1252 "http://192.168.1.2:8081/index?topic=number-properties" "Mozilla/5.0 (X11; CrOS i686 2913.276.0) AppleWebKit/537.11 (KHTML, like Gecko) Chrome/23.0.1271.110 Safari/537.11"
[07/Jan/2013:11:40:11] HTTP 
Request Headers:
  REFERER: http://192.168.1.2:8081/video?vid_id=abstract-ness&topic=introduction-to-algebra
  HOST: 192.168.1.2:8081
  CONNECTION: keep-alive
  Remote-Addr: 192.168.1.111
  ACCEPT: text/html,application/xhtml+xml,application/xml;q=0.9,*/*;q=0.8
  ACCEPT-CHARSET: ISO-8859-1,utf-8;q=0.7,*;q=0.3
  USER-AGENT: Mozilla/5.0 (X11; CrOS i686 2913.260.0) AppleWebKit/537.11 (KHTML, like Gecko) Chrome/23.0.1271.99 Safari/537.11
  COOKIE: dev_appserver_login="ase_brenda:False:121663146161161236171"; session_id=af7dc6ca29c1ffc4b3eeaf385e0c6a8290c1398c
  ACCEPT-LANGUAGE: en-US,en;q=0.8
  ACCEPT-ENCODING: gzip,deflate,sdch
[07/Jan/2013:11:40:11] HTTP Traceback (most recent call last):
  File "/usr/lib/python2.7/dist-packages/cherrypy/_cprequest.py", line 656, in respond
    response.body = self.handler()
  File "/usr/lib/python2.7/dist-packages/cherrypy/lib/encoding.py", line 188, in __call__
    self.body = self.oldhandler(*args, **kwargs)
  File "/usr/lib/python2.7/dist-packages/cherrypy/_cpdispatch.py", line 34, in __call__
    return self.callable(*self.args, **self.kwargs)
  File "/home/ubuntu/ase/khan_mini/stream.py", line 31, in default
    fi = open(video_filename)
IOError: [Errno 2] No such file or directory: '/home/ubuntu/khan_academy/static/videos/introduction-to-algebra/abstract-ness.flv'

192.168.1.111 - - [07/Jan/2013:11:40:11] "GET /stream/introduction-to-algebra/abstract-ness.flv HTTP/1.1" 500 1468 "http://192.168.1.2:8081/video?vid_id=abstract-ness&topic=introduction-to-algebra" "Mozilla/5.0 (X11; CrOS i686 2913.260.0) AppleWebKit/537.11 (KHTML, like Gecko) Chrome/23.0.1271.99 Safari/537.11"
192.168.1.106 - - [07/Jan/2013:11:41:08] "GET /login?pm=0 HTTP/1.1" 200 994 "http://192.168.1.2/moodle/" "Mozilla/5.0 (X11; CrOS i686 2913.276.0) AppleWebKit/537.11 (KHTML, like Gecko) Chrome/23.0.1271.110 Safari/537.11"
192.168.1.106 - - [07/Jan/2013:11:41:08] "GET /style.css HTTP/1.1" 200 3325 "http://192.168.1.2:8081/login?pm=0" "Mozilla/5.0 (X11; CrOS i686 2913.276.0) AppleWebKit/537.11 (KHTML, like Gecko) Chrome/23.0.1271.110 Safari/537.11"
192.168.1.106 - - [07/Jan/2013:11:41:08] "GET /img/logo.png HTTP/1.1" 200 7466 "http://192.168.1.2:8081/login?pm=0" "Mozilla/5.0 (X11; CrOS i686 2913.276.0) AppleWebKit/537.11 (KHTML, like Gecko) Chrome/23.0.1271.110 Safari/537.11"
192.168.1.106 - - [07/Jan/2013:11:41:08] "GET /img/bg_h.png HTTP/1.1" 200 1118 "http://192.168.1.2:8081/login?pm=0" "Mozilla/5.0 (X11; CrOS i686 2913.276.0) AppleWebKit/537.11 (KHTML, like Gecko) Chrome/23.0.1271.110 Safari/537.11"
192.168.1.106 - - [07/Jan/2013:11:41:09] "GET /favicon.ico HTTP/1.1" 200 1406 "" "Mozilla/5.0 (X11; CrOS i686 2913.276.0) AppleWebKit/537.11 (KHTML, like Gecko) Chrome/23.0.1271.110 Safari/537.11"
192.168.1.106 - - [07/Jan/2013:11:41:22] "GET /login?pm=0 HTTP/1.1" 200 994 "http://192.168.1.2/moodle/" "Mozilla/5.0 (X11; CrOS i686 2913.276.0) AppleWebKit/537.11 (KHTML, like Gecko) Chrome/23.0.1271.110 Safari/537.11"
192.168.1.106 - - [07/Jan/2013:11:42:16] "GET /englishessay/admin HTTP/1.1" 200 1038 "http://192.168.1.2:8081/login?pm=0" "Mozilla/5.0 (X11; CrOS i686 2913.276.0) AppleWebKit/537.11 (KHTML, like Gecko) Chrome/23.0.1271.110 Safari/537.11"
192.168.1.106 - - [07/Jan/2013:11:42:16] "GET /englishessay/style.css HTTP/1.1" 200 3325 "http://192.168.1.2:8081/englishessay/admin" "Mozilla/5.0 (X11; CrOS i686 2913.276.0) AppleWebKit/537.11 (KHTML, like Gecko) Chrome/23.0.1271.110 Safari/537.11"
192.168.1.106 - - [07/Jan/2013:11:42:16] "GET /englishessay/img/logo.png HTTP/1.1" 200 7466 "http://192.168.1.2:8081/englishessay/admin" "Mozilla/5.0 (X11; CrOS i686 2913.276.0) AppleWebKit/537.11 (KHTML, like Gecko) Chrome/23.0.1271.110 Safari/537.11"
192.168.1.106 - - [07/Jan/2013:11:42:16] "GET /englishessay/img/bg_h.png HTTP/1.1" 200 1118 "http://192.168.1.2:8081/englishessay/admin" "Mozilla/5.0 (X11; CrOS i686 2913.276.0) AppleWebKit/537.11 (KHTML, like Gecko) Chrome/23.0.1271.110 Safari/537.11"
192.168.1.106 - - [07/Jan/2013:11:43:00] "GET /login?pm=0 HTTP/1.1" 200 994 "http://192.168.1.2/moodle/" "Mozilla/5.0 (X11; CrOS i686 2913.276.0) AppleWebKit/537.11 (KHTML, like Gecko) Chrome/23.0.1271.110 Safari/537.11"
192.168.1.112 - - [07/Jan/2013:11:43:10] "GET /login?pm=0&username=guest&userid=1 HTTP/1.1" 200 1005 "http://192.168.1.2/moodle/" "Mozilla/5.0 (X11; CrOS i686 2913.276.0) AppleWebKit/537.11 (KHTML, like Gecko) Chrome/23.0.1271.110 Safari/537.11"
192.168.1.112 - - [07/Jan/2013:11:43:12] "GET /khan HTTP/1.1" 200 1274 "http://192.168.1.2:8081/login?pm=0&username=guest&userid=1" "Mozilla/5.0 (X11; CrOS i686 2913.276.0) AppleWebKit/537.11 (KHTML, like Gecko) Chrome/23.0.1271.110 Safari/537.11"
192.168.1.112 - - [07/Jan/2013:11:43:12] "GET /index HTTP/1.1" 200 1523 "http://192.168.1.2:8081/khan" "Mozilla/5.0 (X11; CrOS i686 2913.276.0) AppleWebKit/537.11 (KHTML, like Gecko) Chrome/23.0.1271.110 Safari/537.11"
192.168.1.106 - - [07/Jan/2013:11:43:15] "GET /login?pm=0 HTTP/1.1" 200 994 "http://192.168.1.2/moodle/" "Mozilla/5.0 (X11; CrOS i686 2913.276.0) AppleWebKit/537.11 (KHTML, like Gecko) Chrome/23.0.1271.110 Safari/537.11"
192.168.1.112 - - [07/Jan/2013:11:43:15] "GET /index?topic=math HTTP/1.1" 200 2049 "http://192.168.1.2:8081/index" "Mozilla/5.0 (X11; CrOS i686 2913.276.0) AppleWebKit/537.11 (KHTML, like Gecko) Chrome/23.0.1271.110 Safari/537.11"
192.168.1.112 - - [07/Jan/2013:11:43:16] "GET /index?topic=arithmetic HTTP/1.1" 200 2073 "http://192.168.1.2:8081/index?topic=math" "Mozilla/5.0 (X11; CrOS i686 2913.276.0) AppleWebKit/537.11 (KHTML, like Gecko) Chrome/23.0.1271.110 Safari/537.11"
192.168.1.112 - - [07/Jan/2013:11:43:17] "GET /index?topic=addition-subtraction HTTP/1.1" 200 5685 "http://192.168.1.2:8081/index?topic=arithmetic" "Mozilla/5.0 (X11; CrOS i686 2913.276.0) AppleWebKit/537.11 (KHTML, like Gecko) Chrome/23.0.1271.110 Safari/537.11"
192.168.1.112 - - [07/Jan/2013:11:43:19] "GET /exercise?exercise_id=addition_1&topic=addition-subtraction HTTP/1.1" 200 1470 "http://192.168.1.2:8081/index?topic=addition-subtraction" "Mozilla/5.0 (X11; CrOS i686 2913.276.0) AppleWebKit/537.11 (KHTML, like Gecko) Chrome/23.0.1271.110 Safari/537.11"
192.168.1.112 - - [07/Jan/2013:11:44:13] "GET /login HTTP/1.1" 200 994 "" "Mozilla/5.0 (X11; CrOS i686 2913.276.0) AppleWebKit/537.11 (KHTML, like Gecko) Chrome/23.0.1271.110 Safari/537.11"
192.168.1.112 - - [07/Jan/2013:11:44:20] "POST /login HTTP/1.1" 200 1005 "http://192.168.1.2:8081/login" "Mozilla/5.0 (X11; CrOS i686 2913.276.0) AppleWebKit/537.11 (KHTML, like Gecko) Chrome/23.0.1271.110 Safari/537.11"
192.168.1.112 - - [07/Jan/2013:11:44:21] "GET /khan HTTP/1.1" 200 1284 "http://192.168.1.2:8081/login" "Mozilla/5.0 (X11; CrOS i686 2913.276.0) AppleWebKit/537.11 (KHTML, like Gecko) Chrome/23.0.1271.110 Safari/537.11"
192.168.1.112 - - [07/Jan/2013:11:44:21] "GET /index HTTP/1.1" 200 1533 "http://192.168.1.2:8081/khan" "Mozilla/5.0 (X11; CrOS i686 2913.276.0) AppleWebKit/537.11 (KHTML, like Gecko) Chrome/23.0.1271.110 Safari/537.11"
192.168.1.112 - - [07/Jan/2013:11:44:23] "GET /index?topic=math HTTP/1.1" 200 2059 "http://192.168.1.2:8081/index" "Mozilla/5.0 (X11; CrOS i686 2913.276.0) AppleWebKit/537.11 (KHTML, like Gecko) Chrome/23.0.1271.110 Safari/537.11"
192.168.1.112 - - [07/Jan/2013:11:44:24] "GET /index?topic=arithmetic HTTP/1.1" 200 2083 "http://192.168.1.2:8081/index?topic=math" "Mozilla/5.0 (X11; CrOS i686 2913.276.0) AppleWebKit/537.11 (KHTML, like Gecko) Chrome/23.0.1271.110 Safari/537.11"
192.168.1.112 - - [07/Jan/2013:11:44:25] "GET /index?topic=addition-subtraction HTTP/1.1" 200 5695 "http://192.168.1.2:8081/index?topic=arithmetic" "Mozilla/5.0 (X11; CrOS i686 2913.276.0) AppleWebKit/537.11 (KHTML, like Gecko) Chrome/23.0.1271.110 Safari/537.11"
192.168.1.112 - - [07/Jan/2013:11:44:27] "GET /exercise?exercise_id=addition_1&topic=addition-subtraction HTTP/1.1" 200 1470 "http://192.168.1.2:8081/index?topic=addition-subtraction" "Mozilla/5.0 (X11; CrOS i686 2913.276.0) AppleWebKit/537.11 (KHTML, like Gecko) Chrome/23.0.1271.110 Safari/537.11"
192.168.1.112 - - [07/Jan/2013:11:44:48] "POST /login HTTP/1.1" 200 1005 "http://192.168.1.2:8081/login" "Mozilla/5.0 (X11; CrOS i686 2913.276.0) AppleWebKit/537.11 (KHTML, like Gecko) Chrome/23.0.1271.110 Safari/537.11"
192.168.1.112 - - [07/Jan/2013:11:44:50] "GET /khan HTTP/1.1" 200 1274 "http://192.168.1.2:8081/login" "Mozilla/5.0 (X11; CrOS i686 2913.276.0) AppleWebKit/537.11 (KHTML, like Gecko) Chrome/23.0.1271.110 Safari/537.11"
192.168.1.112 - - [07/Jan/2013:11:44:50] "GET /index HTTP/1.1" 200 1523 "http://192.168.1.2:8081/khan" "Mozilla/5.0 (X11; CrOS i686 2913.276.0) AppleWebKit/537.11 (KHTML, like Gecko) Chrome/23.0.1271.110 Safari/537.11"
192.168.1.112 - - [07/Jan/2013:11:44:52] "GET /index?topic=math HTTP/1.1" 200 2049 "http://192.168.1.2:8081/index" "Mozilla/5.0 (X11; CrOS i686 2913.276.0) AppleWebKit/537.11 (KHTML, like Gecko) Chrome/23.0.1271.110 Safari/537.11"
192.168.1.112 - - [07/Jan/2013:11:44:53] "GET /index?topic=arithmetic HTTP/1.1" 200 2073 "http://192.168.1.2:8081/index?topic=math" "Mozilla/5.0 (X11; CrOS i686 2913.276.0) AppleWebKit/537.11 (KHTML, like Gecko) Chrome/23.0.1271.110 Safari/537.11"
192.168.1.112 - - [07/Jan/2013:11:44:54] "GET /index?topic=addition-subtraction HTTP/1.1" 200 5685 "http://192.168.1.2:8081/index?topic=arithmetic" "Mozilla/5.0 (X11; CrOS i686 2913.276.0) AppleWebKit/537.11 (KHTML, like Gecko) Chrome/23.0.1271.110 Safari/537.11"
192.168.1.112 - - [07/Jan/2013:11:44:56] "GET /exercise?exercise_id=addition_1&topic=addition-subtraction HTTP/1.1" 200 1470 "http://192.168.1.2:8081/index?topic=addition-subtraction" "Mozilla/5.0 (X11; CrOS i686 2913.276.0) AppleWebKit/537.11 (KHTML, like Gecko) Chrome/23.0.1271.110 Safari/537.11"
192.168.1.112 - - [07/Jan/2013:11:45:08] "GET /login HTTP/1.1" 200 994 "" "Mozilla/5.0 (X11; CrOS i686 2913.276.0) AppleWebKit/537.11 (KHTML, like Gecko) Chrome/23.0.1271.110 Safari/537.11"
192.168.1.104 - - [07/Jan/2013:11:45:13] "GET /index?topic=addition-subtraction HTTP/1.1" 200 5689 "http://192.168.1.2:8081/exercise?exercise_id=addition_1&topic=addition-subtraction" "Mozilla/5.0 (X11; CrOS i686 2913.156.1) AppleWebKit/537.11 (KHTML, like Gecko) Chrome/23.0.1271.83 Safari/537.11"
192.168.1.104 - - [07/Jan/2013:11:46:40] "GET /login?pm=0&username=aseoffice&userid=8 HTTP/1.1" 200 1005 "http://192.168.1.2/moodle/" "Mozilla/5.0 (X11; CrOS i686 2913.156.1) AppleWebKit/537.11 (KHTML, like Gecko) Chrome/23.0.1271.83 Safari/537.11"
192.168.1.104 - - [07/Jan/2013:11:46:42] "GET /khan HTTP/1.1" 200 1278 "http://192.168.1.2:8081/login?pm=0&username=aseoffice&userid=8" "Mozilla/5.0 (X11; CrOS i686 2913.156.1) AppleWebKit/537.11 (KHTML, like Gecko) Chrome/23.0.1271.83 Safari/537.11"
192.168.1.104 - - [07/Jan/2013:11:46:42] "GET /index HTTP/1.1" 200 1527 "http://192.168.1.2:8081/khan" "Mozilla/5.0 (X11; CrOS i686 2913.156.1) AppleWebKit/537.11 (KHTML, like Gecko) Chrome/23.0.1271.83 Safari/537.11"
192.168.1.104 - - [07/Jan/2013:11:46:54] "GET /index?topic=math HTTP/1.1" 200 2053 "http://192.168.1.2:8081/index" "Mozilla/5.0 (X11; CrOS i686 2913.156.1) AppleWebKit/537.11 (KHTML, like Gecko) Chrome/23.0.1271.83 Safari/537.11"
192.168.1.104 - - [07/Jan/2013:11:47:11] "GET /index?topic=brain-teasers HTTP/1.1" 200 2333 "http://192.168.1.2:8081/index?topic=math" "Mozilla/5.0 (X11; CrOS i686 2913.156.1) AppleWebKit/537.11 (KHTML, like Gecko) Chrome/23.0.1271.83 Safari/537.11"
192.168.1.104 - - [07/Jan/2013:11:47:14] "GET /video?vid_id=path-counting-brain-teaser&topic=brain-teasers HTTP/1.1" 200 1947 "http://192.168.1.2:8081/index?topic=brain-teasers" "Mozilla/5.0 (X11; CrOS i686 2913.156.1) AppleWebKit/537.11 (KHTML, like Gecko) Chrome/23.0.1271.83 Safari/537.11"
192.168.1.113 - - [07/Jan/2013:11:47:19] "GET /exercise?exercise_id=adding_negative_numbers&topic=addition-subtraction HTTP/1.1" 200 1320 "http://192.168.1.2:8081/index?topic=addition-subtraction" "Mozilla/5.0 (Windows NT 6.1) AppleWebKit/537.11 (KHTML, like Gecko) Chrome/23.0.1271.97 Safari/537.11"
192.168.1.113 - - [07/Jan/2013:11:47:19] "GET /exercise?exercise_id=adding_negative_numbers&topic=addition-subtraction HTTP/1.1" 200 1320 "http://192.168.1.2:8081/index?topic=addition-subtraction" "Mozilla/5.0 (Windows NT 6.1) AppleWebKit/537.11 (KHTML, like Gecko) Chrome/23.0.1271.97 Safari/537.11"
192.168.1.104 - - [07/Jan/2013:11:47:40] "GET /index?topic=calculus HTTP/1.1" 200 30513 "http://192.168.1.2:8081/index?topic=math" "Mozilla/5.0 (X11; CrOS i686 2913.156.1) AppleWebKit/537.11 (KHTML, like Gecko) Chrome/23.0.1271.83 Safari/537.11"
192.168.1.104 - - [07/Jan/2013:11:47:40] "GET /index?topic=calculus HTTP/1.1" 200 30513 "http://192.168.1.2:8081/index?topic=math" "Mozilla/5.0 (X11; CrOS i686 2913.156.1) AppleWebKit/537.11 (KHTML, like Gecko) Chrome/23.0.1271.83 Safari/537.11"
192.168.1.104 - - [07/Jan/2013:11:47:40] "GET /index?topic=calculus HTTP/1.1" 200 30513 "http://192.168.1.2:8081/index?topic=math" "Mozilla/5.0 (X11; CrOS i686 2913.156.1) AppleWebKit/537.11 (KHTML, like Gecko) Chrome/23.0.1271.83 Safari/537.11"
192.168.1.104 - - [07/Jan/2013:11:47:41] "GET /index?topic=linear-algebra HTTP/1.1" 200 27723 "http://192.168.1.2:8081/index?topic=math" "Mozilla/5.0 (X11; CrOS i686 2913.156.1) AppleWebKit/537.11 (KHTML, like Gecko) Chrome/23.0.1271.83 Safari/537.11"
192.168.1.104 - - [07/Jan/2013:11:47:46] "GET /exercise?exercise_id=scaling_vectors&topic=linear-algebra HTTP/1.1" 200 1134 "http://192.168.1.2:8081/index?topic=linear-algebra" "Mozilla/5.0 (X11; CrOS i686 2913.156.1) AppleWebKit/537.11 (KHTML, like Gecko) Chrome/23.0.1271.83 Safari/537.11"
192.168.1.111 - - [07/Jan/2013:11:48:23] "GET /login?pm=0&username=ase_brenda&userid=111 HTTP/1.1" 200 1005 "http://192.168.1.2/moodle/index.php?" "Mozilla/5.0 (X11; CrOS i686 2913.260.0) AppleWebKit/537.11 (KHTML, like Gecko) Chrome/23.0.1271.99 Safari/537.11"
192.168.1.111 - - [07/Jan/2013:11:48:25] "GET /englishessay HTTP/1.1" 301 129 "http://192.168.1.2:8081/login?pm=0&username=ase_brenda&userid=111" "Mozilla/5.0 (X11; CrOS i686 2913.260.0) AppleWebKit/537.11 (KHTML, like Gecko) Chrome/23.0.1271.99 Safari/537.11"
2013-01-07 11:48:25,267 INFO sqlalchemy.engine.base.Engine BEGIN (implicit)
2013-01-07 11:48:25,267 INFO sqlalchemy.engine.base.Engine select distinct state from assignment
2013-01-07 11:48:25,267 INFO sqlalchemy.engine.base.Engine ()
2013-01-07 11:48:25,268 INFO sqlalchemy.engine.base.Engine SELECT assignment.id, assignment.title, assignment.description, assignment.state, assignment.duration, assignment.startdatetime 
FROM assignment 
WHERE assignment.state = %s
2013-01-07 11:48:25,268 INFO sqlalchemy.engine.base.Engine ('BUSY',)
2013-01-07 11:48:25,269 INFO sqlalchemy.engine.base.Engine SELECT essay.id, essay.assignment_id, essay.student_name, essay.essay_text, essay.submitteddatetime, essay.score, essay.grade 
FROM essay 
WHERE essay.student_name = %s AND essay.assignment_id = %s
2013-01-07 11:48:25,269 INFO sqlalchemy.engine.base.Engine (u'ase_brenda', 2L)
2013-01-07 11:48:25,270 INFO sqlalchemy.engine.base.Engine COMMIT
192.168.1.111 - - [07/Jan/2013:11:48:25] "GET /englishessay/ HTTP/1.1" 200 2133 "http://192.168.1.2:8081/login?pm=0&username=ase_brenda&userid=111" "Mozilla/5.0 (X11; CrOS i686 2913.260.0) AppleWebKit/537.11 (KHTML, like Gecko) Chrome/23.0.1271.99 Safari/537.11"
192.168.1.112 - - [07/Jan/2013:11:48:51] "GET /login?pm=0&username=ase_nontobeko&userid=109 HTTP/1.1" 200 1005 "http://192.168.1.2/moodle/" "Mozilla/5.0 (X11; CrOS i686 2913.276.0) AppleWebKit/537.11 (KHTML, like Gecko) Chrome/23.0.1271.110 Safari/537.11"
192.168.1.112 - - [07/Jan/2013:11:48:55] "GET /khan HTTP/1.1" 200 1282 "http://192.168.1.2:8081/login?pm=0&username=ase_nontobeko&userid=109" "Mozilla/5.0 (X11; CrOS i686 2913.276.0) AppleWebKit/537.11 (KHTML, like Gecko) Chrome/23.0.1271.110 Safari/537.11"
192.168.1.112 - - [07/Jan/2013:11:48:55] "GET /index HTTP/1.1" 200 1531 "http://192.168.1.2:8081/khan" "Mozilla/5.0 (X11; CrOS i686 2913.276.0) AppleWebKit/537.11 (KHTML, like Gecko) Chrome/23.0.1271.110 Safari/537.11"
192.168.1.112 - - [07/Jan/2013:11:48:57] "GET /index?topic=math HTTP/1.1" 200 2057 "http://192.168.1.2:8081/index" "Mozilla/5.0 (X11; CrOS i686 2913.276.0) AppleWebKit/537.11 (KHTML, like Gecko) Chrome/23.0.1271.110 Safari/537.11"
192.168.1.112 - - [07/Jan/2013:11:48:58] "GET /index?topic=arithmetic HTTP/1.1" 200 2081 "http://192.168.1.2:8081/index?topic=math" "Mozilla/5.0 (X11; CrOS i686 2913.276.0) AppleWebKit/537.11 (KHTML, like Gecko) Chrome/23.0.1271.110 Safari/537.11"
192.168.1.112 - - [07/Jan/2013:11:48:59] "GET /index?topic=addition-subtraction HTTP/1.1" 200 5693 "http://192.168.1.2:8081/index?topic=arithmetic" "Mozilla/5.0 (X11; CrOS i686 2913.276.0) AppleWebKit/537.11 (KHTML, like Gecko) Chrome/23.0.1271.110 Safari/537.11"
192.168.1.112 - - [07/Jan/2013:11:49:00] "GET /exercise?exercise_id=addition_1&topic=addition-subtraction HTTP/1.1" 200 1470 "http://192.168.1.2:8081/index?topic=addition-subtraction" "Mozilla/5.0 (X11; CrOS i686 2913.276.0) AppleWebKit/537.11 (KHTML, like Gecko) Chrome/23.0.1271.110 Safari/537.11"
192.168.1.106 - - [07/Jan/2013:11:49:07] "GET /login?pm=0&username=ase_george&userid=114 HTTP/1.1" 200 1005 "http://192.168.1.2/moodle/" "Mozilla/5.0 (X11; CrOS i686 2913.276.0) AppleWebKit/537.11 (KHTML, like Gecko) Chrome/23.0.1271.110 Safari/537.11"
192.168.1.106 - - [07/Jan/2013:11:49:16] "GET /khan HTTP/1.1" 200 1279 "http://192.168.1.2:8081/login?pm=0&username=ase_george&userid=114" "Mozilla/5.0 (X11; CrOS i686 2913.276.0) AppleWebKit/537.11 (KHTML, like Gecko) Chrome/23.0.1271.110 Safari/537.11"
192.168.1.106 - - [07/Jan/2013:11:49:17] "GET /index HTTP/1.1" 200 1528 "http://192.168.1.2:8081/khan" "Mozilla/5.0 (X11; CrOS i686 2913.276.0) AppleWebKit/537.11 (KHTML, like Gecko) Chrome/23.0.1271.110 Safari/537.11"
192.168.1.112 - - [07/Jan/2013:11:49:21] "GET /index?topic=arithmetic HTTP/1.1" 200 2081 "" "Mozilla/5.0 (X11; CrOS i686 2913.276.0) AppleWebKit/537.11 (KHTML, like Gecko) Chrome/23.0.1271.110 Safari/537.11"
192.168.1.112 - - [07/Jan/2013:11:49:23] "GET /index?topic=addition-subtraction HTTP/1.1" 200 5693 "http://192.168.1.2:8081/index?topic=arithmetic" "Mozilla/5.0 (X11; CrOS i686 2913.276.0) AppleWebKit/537.11 (KHTML, like Gecko) Chrome/23.0.1271.110 Safari/537.11"
192.168.1.112 - - [07/Jan/2013:11:49:25] "GET /exercise?exercise_id=addition_1&topic=addition-subtraction HTTP/1.1" 200 1470 "http://192.168.1.2:8081/index?topic=addition-subtraction" "Mozilla/5.0 (X11; CrOS i686 2913.276.0) AppleWebKit/537.11 (KHTML, like Gecko) Chrome/23.0.1271.110 Safari/537.11"
192.168.1.112 - - [07/Jan/2013:11:49:51] "GET /moodle HTTP/1.1" 404 1170 "" "Mozilla/5.0 (X11; CrOS i686 2913.276.0) AppleWebKit/537.11 (KHTML, like Gecko) Chrome/23.0.1271.110 Safari/537.11"
192.168.1.106 - - [07/Jan/2013:11:50:04] "GET /login?pm=0&username=ase_george&userid=114 HTTP/1.1" 200 1005 "http://192.168.1.2/moodle/" "Mozilla/5.0 (X11; CrOS i686 2913.276.0) AppleWebKit/537.11 (KHTML, like Gecko) Chrome/23.0.1271.110 Safari/537.11"
192.168.1.106 - - [07/Jan/2013:11:50:06] "GET /khan HTTP/1.1" 200 1279 "http://192.168.1.2:8081/login?pm=0&username=ase_george&userid=114" "Mozilla/5.0 (X11; CrOS i686 2913.276.0) AppleWebKit/537.11 (KHTML, like Gecko) Chrome/23.0.1271.110 Safari/537.11"
192.168.1.106 - - [07/Jan/2013:11:50:06] "GET /index HTTP/1.1" 200 1528 "http://192.168.1.2:8081/khan" "Mozilla/5.0 (X11; CrOS i686 2913.276.0) AppleWebKit/537.11 (KHTML, like Gecko) Chrome/23.0.1271.110 Safari/537.11"
192.168.1.106 - - [07/Jan/2013:11:50:20] "GET /index?topic=math HTTP/1.1" 200 2054 "http://192.168.1.2:8081/index" "Mozilla/5.0 (X11; CrOS i686 2913.276.0) AppleWebKit/537.11 (KHTML, like Gecko) Chrome/23.0.1271.110 Safari/537.11"
192.168.1.106 - - [07/Jan/2013:11:50:21] "GET /index?topic=algebra HTTP/1.1" 200 2635 "http://192.168.1.2:8081/index?topic=math" "Mozilla/5.0 (X11; CrOS i686 2913.276.0) AppleWebKit/537.11 (KHTML, like Gecko) Chrome/23.0.1271.110 Safari/537.11"
192.168.1.106 - - [07/Jan/2013:11:50:34] "GET /index?topic=precalculus HTTP/1.1" 200 7700 "http://192.168.1.2:8081/index?topic=math" "Mozilla/5.0 (X11; CrOS i686 2913.276.0) AppleWebKit/537.11 (KHTML, like Gecko) Chrome/23.0.1271.110 Safari/537.11"
192.168.1.112 - - [07/Jan/2013:11:50:46] "GET /exercise?exercise_id=addition_1&topic=addition-subtraction HTTP/1.1" 200 1470 "" "Mozilla/5.0 (X11; CrOS i686 2913.276.0) AppleWebKit/537.11 (KHTML, like Gecko) Chrome/23.0.1271.110 Safari/537.11"
192.168.1.112 - - [07/Jan/2013:11:50:52] "GET /login HTTP/1.1" 200 994 "" "Mozilla/5.0 (X11; CrOS i686 2913.276.0) AppleWebKit/537.11 (KHTML, like Gecko) Chrome/23.0.1271.110 Safari/537.11"
192.168.1.106 - - [07/Jan/2013:11:51:06] "GET /index?topic=calculus HTTP/1.1" 200 30514 "http://192.168.1.2:8081/index?topic=math" "Mozilla/5.0 (X11; CrOS i686 2913.276.0) AppleWebKit/537.11 (KHTML, like Gecko) Chrome/23.0.1271.110 Safari/537.11"
192.168.1.112 - - [07/Jan/2013:11:51:06] "GET /index?topic=arithmetic HTTP/1.1" 200 2081 "" "Mozilla/5.0 (X11; CrOS i686 2913.276.0) AppleWebKit/537.11 (KHTML, like Gecko) Chrome/23.0.1271.110 Safari/537.11"
192.168.1.106 - - [07/Jan/2013:11:51:06] "GET /index?topic=calculus HTTP/1.1" 200 30514 "http://192.168.1.2:8081/index?topic=math" "Mozilla/5.0 (X11; CrOS i686 2913.276.0) AppleWebKit/537.11 (KHTML, like Gecko) Chrome/23.0.1271.110 Safari/537.11"
192.168.1.106 - - [07/Jan/2013:11:51:06] "GET /index?topic=calculus HTTP/1.1" 200 30514 "http://192.168.1.2:8081/index?topic=math" "Mozilla/5.0 (X11; CrOS i686 2913.276.0) AppleWebKit/537.11 (KHTML, like Gecko) Chrome/23.0.1271.110 Safari/537.11"
192.168.1.106 - - [07/Jan/2013:11:51:11] "GET /exercise?exercise_id=limits_1&topic=calculus HTTP/1.1" 200 1204 "http://192.168.1.2:8081/index?topic=calculus" "Mozilla/5.0 (X11; CrOS i686 2913.276.0) AppleWebKit/537.11 (KHTML, like Gecko) Chrome/23.0.1271.110 Safari/537.11"
192.168.1.112 - - [07/Jan/2013:11:51:25] "GET /index?topic=addition-subtraction HTTP/1.1" 200 5693 "http://192.168.1.2:8081/index?topic=arithmetic" "Mozilla/5.0 (X11; CrOS i686 2913.276.0) AppleWebKit/537.11 (KHTML, like Gecko) Chrome/23.0.1271.110 Safari/537.11"
192.168.1.112 - - [07/Jan/2013:11:51:28] "GET /login HTTP/1.1" 200 994 "http://192.168.1.2:8081/index?topic=addition-subtraction" "Mozilla/5.0 (X11; CrOS i686 2913.276.0) AppleWebKit/537.11 (KHTML, like Gecko) Chrome/23.0.1271.110 Safari/537.11"
192.168.1.106 - - [07/Jan/2013:11:51:41] "GET /exercise?exercise_id=derivatives_1&topic=calculus HTTP/1.1" 200 1330 "http://192.168.1.2:8081/index?topic=calculus" "Mozilla/5.0 (X11; CrOS i686 2913.276.0) AppleWebKit/537.11 (KHTML, like Gecko) Chrome/23.0.1271.110 Safari/537.11"
192.168.1.105 - - [07/Jan/2013:11:52:03] "GET /login?pm=0&username=aseoffice&userid=8 HTTP/1.1" 200 1005 "http://192.168.1.2/moodle/" "Mozilla/5.0 (Windows NT 6.1) AppleWebKit/537.11 (KHTML, like Gecko) Chrome/23.0.1271.97 Safari/537.11"
192.168.1.105 - - [07/Jan/2013:11:52:03] "GET /style.css HTTP/1.1" 200 3325 "http://192.168.1.2:8081/login?pm=0&username=aseoffice&userid=8" "Mozilla/5.0 (Windows NT 6.1) AppleWebKit/537.11 (KHTML, like Gecko) Chrome/23.0.1271.97 Safari/537.11"
192.168.1.105 - - [07/Jan/2013:11:52:03] "GET /img/logo.png HTTP/1.1" 200 7466 "http://192.168.1.2:8081/login?pm=0&username=aseoffice&userid=8" "Mozilla/5.0 (Windows NT 6.1) AppleWebKit/537.11 (KHTML, like Gecko) Chrome/23.0.1271.97 Safari/537.11"
192.168.1.105 - - [07/Jan/2013:11:52:04] "GET /img/bg_h.png HTTP/1.1" 200 1118 "http://192.168.1.2:8081/login?pm=0&username=aseoffice&userid=8" "Mozilla/5.0 (Windows NT 6.1) AppleWebKit/537.11 (KHTML, like Gecko) Chrome/23.0.1271.97 Safari/537.11"
192.168.1.105 - - [07/Jan/2013:11:52:04] "GET /favicon.ico HTTP/1.1" 200 1406 "" "Mozilla/5.0 (Windows NT 6.1) AppleWebKit/537.11 (KHTML, like Gecko) Chrome/23.0.1271.97 Safari/537.11"
192.168.1.105 - - [07/Jan/2013:11:52:07] "GET /khan HTTP/1.1" 200 1278 "http://192.168.1.2:8081/login?pm=0&username=aseoffice&userid=8" "Mozilla/5.0 (Windows NT 6.1) AppleWebKit/537.11 (KHTML, like Gecko) Chrome/23.0.1271.97 Safari/537.11"
192.168.1.105 - - [07/Jan/2013:11:52:08] "GET /index HTTP/1.1" 200 1527 "http://192.168.1.2:8081/khan" "Mozilla/5.0 (Windows NT 6.1) AppleWebKit/537.11 (KHTML, like Gecko) Chrome/23.0.1271.97 Safari/537.11"
192.168.1.105 - - [07/Jan/2013:11:52:21] "GET /index?topic=humanities---other HTTP/1.1" 200 1323 "http://192.168.1.2:8081/index" "Mozilla/5.0 (Windows NT 6.1) AppleWebKit/537.11 (KHTML, like Gecko) Chrome/23.0.1271.97 Safari/537.11"
192.168.1.105 - - [07/Jan/2013:11:52:26] "GET /index?topic=finance HTTP/1.1" 200 2007 "http://192.168.1.2:8081/index?topic=humanities---other" "Mozilla/5.0 (Windows NT 6.1) AppleWebKit/537.11 (KHTML, like Gecko) Chrome/23.0.1271.97 Safari/537.11"
192.168.1.105 - - [07/Jan/2013:11:52:43] "GET /index?topic=microeconomics-macroeconomics HTTP/1.1" 200 17737 "http://192.168.1.2:8081/index?topic=finance" "Mozilla/5.0 (Windows NT 6.1) AppleWebKit/537.11 (KHTML, like Gecko) Chrome/23.0.1271.97 Safari/537.11"
192.168.1.106 - - [07/Jan/2013:11:52:48] "GET /index?topic=science HTTP/1.1" 200 1646 "http://192.168.1.2:8081/index" "Mozilla/5.0 (X11; CrOS i686 2913.276.0) AppleWebKit/537.11 (KHTML, like Gecko) Chrome/23.0.1271.110 Safari/537.11"
192.168.1.112 - - [07/Jan/2013:11:52:51] "GET /login?pm=0 HTTP/1.1" 200 994 "http://192.168.1.2/moodle/" "Mozilla/5.0 (X11; CrOS i686 2913.276.0) AppleWebKit/537.11 (KHTML, like Gecko) Chrome/23.0.1271.110 Safari/537.11"
192.168.1.112 - - [07/Jan/2013:11:52:55] "GET /index?topic=arithmetic HTTP/1.1" 200 2081 "" "Mozilla/5.0 (X11; CrOS i686 2913.276.0) AppleWebKit/537.11 (KHTML, like Gecko) Chrome/23.0.1271.110 Safari/537.11"
192.168.1.106 - - [07/Jan/2013:11:52:56] "GET /index?topic=physics HTTP/1.1" 200 25735 "http://192.168.1.2:8081/index?topic=science" "Mozilla/5.0 (X11; CrOS i686 2913.276.0) AppleWebKit/537.11 (KHTML, like Gecko) Chrome/23.0.1271.110 Safari/537.11"
192.168.1.112 - - [07/Jan/2013:11:52:57] "GET /index?topic=addition-subtraction HTTP/1.1" 200 5693 "http://192.168.1.2:8081/index?topic=arithmetic" "Mozilla/5.0 (X11; CrOS i686 2913.276.0) AppleWebKit/537.11 (KHTML, like Gecko) Chrome/23.0.1271.110 Safari/537.11"
192.168.1.112 - - [07/Jan/2013:11:52:59] "GET /exercise?exercise_id=addition_1&topic=addition-subtraction HTTP/1.1" 200 1470 "http://192.168.1.2:8081/index?topic=addition-subtraction" "Mozilla/5.0 (X11; CrOS i686 2913.276.0) AppleWebKit/537.11 (KHTML, like Gecko) Chrome/23.0.1271.110 Safari/537.11"
192.168.1.100 - - [07/Jan/2013:11:53:18] "GET /login?pm=0&username=ase_katlego&userid=113 HTTP/1.1" 200 1005 "http://192.168.1.2/moodle/" "Mozilla/5.0 (X11; CrOS i686 2913.120.0) AppleWebKit/537.11 (KHTML, like Gecko) Chrome/23.0.1271.49 Safari/537.11"
192.168.1.100 - - [07/Jan/2013:11:53:21] "GET /englishessay/admin HTTP/1.1" 200 1038 "http://192.168.1.2:8081/login?pm=0&username=ase_katlego&userid=113" "Mozilla/5.0 (X11; CrOS i686 2913.120.0) AppleWebKit/537.11 (KHTML, like Gecko) Chrome/23.0.1271.49 Safari/537.11"
192.168.1.113 - - [07/Jan/2013:11:53:27] "GET /login?pm=0 HTTP/1.1" 200 994 "http://192.168.1.2/moodle/" "Mozilla/5.0 (Windows NT 6.1) AppleWebKit/537.11 (KHTML, like Gecko) Chrome/23.0.1271.97 Safari/537.11"
192.168.1.106 - - [07/Jan/2013:11:53:29] "GET /index?topic=organic-chemistry HTTP/1.1" 200 12558 "http://192.168.1.2:8081/index?topic=science" "Mozilla/5.0 (X11; CrOS i686 2913.276.0) AppleWebKit/537.11 (KHTML, like Gecko) Chrome/23.0.1271.110 Safari/537.11"
192.168.1.105 - - [07/Jan/2013:11:53:37] "GET /index?topic=math HTTP/1.1" 200 2053 "http://192.168.1.2:8081/index" "Mozilla/5.0 (Windows NT 6.1) AppleWebKit/537.11 (KHTML, like Gecko) Chrome/23.0.1271.97 Safari/537.11"
192.168.1.106 - - [07/Jan/2013:11:53:39] "GET /index?topic=biology HTTP/1.1" 200 9923 "http://192.168.1.2:8081/index?topic=science" "Mozilla/5.0 (X11; CrOS i686 2913.276.0) AppleWebKit/537.11 (KHTML, like Gecko) Chrome/23.0.1271.110 Safari/537.11"
192.168.1.100 - - [07/Jan/2013:11:53:39] "GET /khan HTTP/1.1" 200 1280 "http://192.168.1.2:8081/login?pm=0&username=ase_katlego&userid=113" "Mozilla/5.0 (X11; CrOS i686 2913.120.0) AppleWebKit/537.11 (KHTML, like Gecko) Chrome/23.0.1271.49 Safari/537.11"
192.168.1.100 - - [07/Jan/2013:11:53:40] "GET /index HTTP/1.1" 200 1529 "http://192.168.1.2:8081/khan" "Mozilla/5.0 (X11; CrOS i686 2913.120.0) AppleWebKit/537.11 (KHTML, like Gecko) Chrome/23.0.1271.49 Safari/537.11"
192.168.1.105 - - [07/Jan/2013:11:53:43] "GET /index?topic=geometry HTTP/1.1" 200 1178 "http://192.168.1.2:8081/index?topic=math" "Mozilla/5.0 (Windows NT 6.1) AppleWebKit/537.11 (KHTML, like Gecko) Chrome/23.0.1271.97 Safari/537.11"
192.168.1.106 - - [07/Jan/2013:11:53:47] "GET /index?topic=math HTTP/1.1" 200 2054 "http://192.168.1.2:8081/index" "Mozilla/5.0 (X11; CrOS i686 2913.276.0) AppleWebKit/537.11 (KHTML, like Gecko) Chrome/23.0.1271.110 Safari/537.11"
192.168.1.105 - - [07/Jan/2013:11:53:49] "GET /index?topic=core-geometry HTTP/1.1" 200 22982 "http://192.168.1.2:8081/index?topic=geometry" "Mozilla/5.0 (Windows NT 6.1) AppleWebKit/537.11 (KHTML, like Gecko) Chrome/23.0.1271.97 Safari/537.11"
192.168.1.113 - - [07/Jan/2013:11:53:52] "GET /login?pm=0 HTTP/1.1" 200 994 "http://192.168.1.2/moodle/" "Mozilla/5.0 (Windows NT 6.1) AppleWebKit/537.11 (KHTML, like Gecko) Chrome/23.0.1271.97 Safari/537.11"
192.168.1.106 - - [07/Jan/2013:11:53:52] "GET /index?topic=trigonometry HTTP/1.1" 200 8114 "http://192.168.1.2:8081/index?topic=math" "Mozilla/5.0 (X11; CrOS i686 2913.276.0) AppleWebKit/537.11 (KHTML, like Gecko) Chrome/23.0.1271.110 Safari/537.11"
192.168.1.105 - - [07/Jan/2013:11:53:55] "GET /exercise?exercise_id=recognizing_rays_lines_and_line_segments&topic=core-geometry HTTP/1.1" 200 1183 "http://192.168.1.2:8081/index?topic=core-geometry" "Mozilla/5.0 (Windows NT 6.1) AppleWebKit/537.11 (KHTML, like Gecko) Chrome/23.0.1271.97 Safari/537.11"
192.168.1.106 - - [07/Jan/2013:11:54:00] "GET /exercise?exercise_id=trigonometry_1&topic=trigonometry HTTP/1.1" 200 1470 "http://192.168.1.2:8081/index?topic=trigonometry" "Mozilla/5.0 (X11; CrOS i686 2913.276.0) AppleWebKit/537.11 (KHTML, like Gecko) Chrome/23.0.1271.110 Safari/537.11"
192.168.1.113 - - [07/Jan/2013:11:54:08] "POST /login HTTP/1.1" 200 1005 "http://192.168.1.2:8081/login?pm=0" "Mozilla/5.0 (Windows NT 6.1) AppleWebKit/537.11 (KHTML, like Gecko) Chrome/23.0.1271.97 Safari/537.11"
192.168.1.100 - - [07/Jan/2013:11:54:13] "GET /index?topic=talks-and-interviews HTTP/1.1" 200 11798 "http://192.168.1.2:8081/index" "Mozilla/5.0 (X11; CrOS i686 2913.120.0) AppleWebKit/537.11 (KHTML, like Gecko) Chrome/23.0.1271.49 Safari/537.11"
192.168.1.113 - - [07/Jan/2013:11:54:17] "GET /englishessay HTTP/1.1" 301 129 "http://192.168.1.2:8081/login" "Mozilla/5.0 (Windows NT 6.1) AppleWebKit/537.11 (KHTML, like Gecko) Chrome/23.0.1271.97 Safari/537.11"
2013-01-07 11:54:17,618 INFO sqlalchemy.engine.base.Engine BEGIN (implicit)
2013-01-07 11:54:17,618 INFO sqlalchemy.engine.base.Engine select distinct state from assignment
2013-01-07 11:54:17,618 INFO sqlalchemy.engine.base.Engine ()
2013-01-07 11:54:17,619 INFO sqlalchemy.engine.base.Engine SELECT assignment.id, assignment.title, assignment.description, assignment.state, assignment.duration, assignment.startdatetime 
FROM assignment 
WHERE assignment.state = %s
2013-01-07 11:54:17,619 INFO sqlalchemy.engine.base.Engine ('BUSY',)
2013-01-07 11:54:17,620 INFO sqlalchemy.engine.base.Engine SELECT essay.id, essay.assignment_id, essay.student_name, essay.essay_text, essay.submitteddatetime, essay.score, essay.grade 
FROM essay 
WHERE essay.student_name = %s AND essay.assignment_id = %s
2013-01-07 11:54:17,620 INFO sqlalchemy.engine.base.Engine (u'', 2L)
2013-01-07 11:54:17,621 INFO sqlalchemy.engine.base.Engine COMMIT
192.168.1.113 - - [07/Jan/2013:11:54:17] "GET /englishessay/ HTTP/1.1" 200 2123 "http://192.168.1.2:8081/login" "Mozilla/5.0 (Windows NT 6.1) AppleWebKit/537.11 (KHTML, like Gecko) Chrome/23.0.1271.97 Safari/537.11"
192.168.1.113 - - [07/Jan/2013:11:54:17] "GET /englishessay/style.css HTTP/1.1" 200 3325 "http://192.168.1.2:8081/englishessay/" "Mozilla/5.0 (Windows NT 6.1) AppleWebKit/537.11 (KHTML, like Gecko) Chrome/23.0.1271.97 Safari/537.11"
192.168.1.113 - - [07/Jan/2013:11:54:17] "GET /englishessay/js/jquery.notice.css HTTP/1.1" 200 567 "http://192.168.1.2:8081/englishessay/" "Mozilla/5.0 (Windows NT 6.1) AppleWebKit/537.11 (KHTML, like Gecko) Chrome/23.0.1271.97 Safari/537.11"
192.168.1.113 - - [07/Jan/2013:11:54:17] "GET /englishessay/js/jquery.js HTTP/1.1" 200 92792 "http://192.168.1.2:8081/englishessay/" "Mozilla/5.0 (Windows NT 6.1) AppleWebKit/537.11 (KHTML, like Gecko) Chrome/23.0.1271.97 Safari/537.11"
192.168.1.113 - - [07/Jan/2013:11:54:17] "GET /englishessay/js/jquery.counter.js HTTP/1.1" 200 8746 "http://192.168.1.2:8081/englishessay/" "Mozilla/5.0 (Windows NT 6.1) AppleWebKit/537.11 (KHTML, like Gecko) Chrome/23.0.1271.97 Safari/537.11"
192.168.1.113 - - [07/Jan/2013:11:54:17] "GET /englishessay/js/jquery.counter-analog.css HTTP/1.1" 200 15203 "http://192.168.1.2:8081/englishessay/" "Mozilla/5.0 (Windows NT 6.1) AppleWebKit/537.11 (KHTML, like Gecko) Chrome/23.0.1271.97 Safari/537.11"
192.168.1.113 - - [07/Jan/2013:11:54:17] "GET /englishessay/js/ase.js HTTP/1.1" 200 559 "http://192.168.1.2:8081/englishessay/" "Mozilla/5.0 (Windows NT 6.1) AppleWebKit/537.11 (KHTML, like Gecko) Chrome/23.0.1271.97 Safari/537.11"
192.168.1.113 - - [07/Jan/2013:11:54:17] "GET /englishessay/js/jquery.notice.js HTTP/1.1" 200 3118 "http://192.168.1.2:8081/englishessay/" "Mozilla/5.0 (Windows NT 6.1) AppleWebKit/537.11 (KHTML, like Gecko) Chrome/23.0.1271.97 Safari/537.11"
192.168.1.113 - - [07/Jan/2013:11:54:17] "GET /englishessay/img/bg_h.png HTTP/1.1" 200 1118 "http://192.168.1.2:8081/englishessay/" "Mozilla/5.0 (Windows NT 6.1) AppleWebKit/537.11 (KHTML, like Gecko) Chrome/23.0.1271.97 Safari/537.11"
192.168.1.113 - - [07/Jan/2013:11:54:17] "GET /englishessay/img/logo.png HTTP/1.1" 200 7466 "http://192.168.1.2:8081/englishessay/" "Mozilla/5.0 (Windows NT 6.1) AppleWebKit/537.11 (KHTML, like Gecko) Chrome/23.0.1271.97 Safari/537.11"
192.168.1.100 - - [07/Jan/2013:11:54:24] "GET /index?topic=new-and-noteworthy HTTP/1.1" 200 11755 "http://192.168.1.2:8081/index" "Mozilla/5.0 (X11; CrOS i686 2913.120.0) AppleWebKit/537.11 (KHTML, like Gecko) Chrome/23.0.1271.49 Safari/537.11"
192.168.1.100 - - [07/Jan/2013:11:54:24] "GET /video?vid_id=thank-you-khan-academy&topic=new-and-noteworthy HTTP/1.1" 200 1942 "http://192.168.1.2:8081/index?topic=new-and-noteworthy" "Mozilla/5.0 (X11; CrOS i686 2913.120.0) AppleWebKit/537.11 (KHTML, like Gecko) Chrome/23.0.1271.49 Safari/537.11"
192.168.1.106 - - [07/Jan/2013:11:55:11] "GET /exercise?exercise_id=trig_identities_1&topic=trigonometry HTTP/1.1" 200 1136 "http://192.168.1.2:8081/index?topic=trigonometry" "Mozilla/5.0 (X11; CrOS i686 2913.276.0) AppleWebKit/537.11 (KHTML, like Gecko) Chrome/23.0.1271.110 Safari/537.11"
2013-01-07 11:56:47,539 INFO sqlalchemy.engine.base.Engine BEGIN (implicit)
2013-01-07 11:56:47,539 INFO sqlalchemy.engine.base.Engine select distinct state from assignment
2013-01-07 11:56:47,540 INFO sqlalchemy.engine.base.Engine ()
2013-01-07 11:56:47,541 INFO sqlalchemy.engine.base.Engine DELETE FROM essay WHERE essay.assignment_id = %s AND essay.student_name = %s
2013-01-07 11:56:47,542 INFO sqlalchemy.engine.base.Engine ('2', u'')
2013-01-07 11:56:47,543 INFO sqlalchemy.engine.base.Engine INSERT INTO essay (assignment_id, student_name, essay_text, submitteddatetime) VALUES (%s, %s, %s, %s)
2013-01-07 11:56:47,543 INFO sqlalchemy.engine.base.Engine (u'2', u'', u'I have a pet called Millie , it has a big round tail and a big mouth. i enjoy playing with my pet. It is playful and enjoys funny games. ', '2013-01-07 11:56:47')
2013-01-07 11:56:47,544 INFO sqlalchemy.engine.base.Engine COMMIT
192.168.1.113 - - [07/Jan/2013:11:56:47] "POST /englishessay/submitAssignment HTTP/1.1" 303 146 "http://192.168.1.2:8081/englishessay/" "Mozilla/5.0 (Windows NT 6.1) AppleWebKit/537.11 (KHTML, like Gecko) Chrome/23.0.1271.97 Safari/537.11"
2013-01-07 11:56:47,569 INFO sqlalchemy.engine.base.Engine BEGIN (implicit)
2013-01-07 11:56:47,569 INFO sqlalchemy.engine.base.Engine select distinct state from assignment
2013-01-07 11:56:47,569 INFO sqlalchemy.engine.base.Engine ()
2013-01-07 11:56:47,571 INFO sqlalchemy.engine.base.Engine SELECT assignment.id, assignment.title, assignment.description, assignment.state, assignment.duration, assignment.startdatetime 
FROM assignment 
WHERE assignment.state = %s
2013-01-07 11:56:47,571 INFO sqlalchemy.engine.base.Engine ('BUSY',)
2013-01-07 11:56:47,572 INFO sqlalchemy.engine.base.Engine SELECT essay.id, essay.assignment_id, essay.student_name, essay.essay_text, essay.submitteddatetime, essay.score, essay.grade 
FROM essay 
WHERE essay.student_name = %s AND essay.assignment_id = %s
2013-01-07 11:56:47,572 INFO sqlalchemy.engine.base.Engine (u'', 2L)
2013-01-07 11:56:47,574 INFO sqlalchemy.engine.base.Engine COMMIT
192.168.1.113 - - [07/Jan/2013:11:56:47] "GET /englishessay/index?saved=1 HTTP/1.1" 200 2296 "http://192.168.1.2:8081/englishessay/" "Mozilla/5.0 (Windows NT 6.1) AppleWebKit/537.11 (KHTML, like Gecko) Chrome/23.0.1271.97 Safari/537.11"
2013-01-07 11:56:47,724 INFO sqlalchemy.engine.base.Engine BEGIN (implicit)
2013-01-07 11:56:47,725 INFO sqlalchemy.engine.base.Engine select distinct state from assignment
2013-01-07 11:56:47,725 INFO sqlalchemy.engine.base.Engine ()
2013-01-07 11:56:47,726 INFO sqlalchemy.engine.base.Engine DELETE FROM essay WHERE essay.assignment_id = %s AND essay.student_name = %s
2013-01-07 11:56:47,726 INFO sqlalchemy.engine.base.Engine ('2', u'')
2013-01-07 11:56:47,727 INFO sqlalchemy.engine.base.Engine INSERT INTO essay (assignment_id, student_name, essay_text, submitteddatetime) VALUES (%s, %s, %s, %s)
2013-01-07 11:56:47,728 INFO sqlalchemy.engine.base.Engine (u'2', u'', u'I have a pet called Millie , it has a big round tail and a big mouth. i enjoy playing with my pet. It is playful and enjoys funny games. ', '2013-01-07 11:56:47')
2013-01-07 11:56:47,729 INFO sqlalchemy.engine.base.Engine COMMIT
192.168.1.113 - - [07/Jan/2013:11:56:47] "POST /englishessay/submitAssignment HTTP/1.1" 303 146 "http://192.168.1.2:8081/englishessay/index?saved=1" "Mozilla/5.0 (Windows NT 6.1) AppleWebKit/537.11 (KHTML, like Gecko) Chrome/23.0.1271.97 Safari/537.11"
2013-01-07 11:56:47,738 INFO sqlalchemy.engine.base.Engine BEGIN (implicit)
2013-01-07 11:56:47,739 INFO sqlalchemy.engine.base.Engine select distinct state from assignment
2013-01-07 11:56:47,739 INFO sqlalchemy.engine.base.Engine ()
