2013-01-07 11:56:47,740 INFO sqlalchemy.engine.base.Engine SELECT assignment.id, assignment.title, assignment.description, assignment.state, assignment.duration, assignment.startdatetime 
FROM assignment 
WHERE assignment.state = %s
2013-01-07 11:56:47,740 INFO sqlalchemy.engine.base.Engine ('BUSY',)
2013-01-07 11:56:47,742 INFO sqlalchemy.engine.base.Engine SELECT essay.id, essay.assignment_id, essay.student_name, essay.essay_text, essay.submitteddatetime, essay.score, essay.grade 
FROM essay 
WHERE essay.student_name = %s AND essay.assignment_id = %s
2013-01-07 11:56:47,742 INFO sqlalchemy.engine.base.Engine (u'', 2L)
2013-01-07 11:56:47,744 INFO sqlalchemy.engine.base.Engine COMMIT
192.168.1.113 - - [07/Jan/2013:11:56:47] "GET /englishessay/index?saved=1 HTTP/1.1" 200 2296 "http://192.168.1.2:8081/englishessay/index?saved=1" "Mozilla/5.0 (Windows NT 6.1) AppleWebKit/537.11 (KHTML, like Gecko) Chrome/23.0.1271.97 Safari/537.11"
192.168.1.106 - - [07/Jan/2013:11:56:53] "GET /index?topic=arithmetic HTTP/1.1" 200 2078 "http://192.168.1.2:8081/index?topic=math" "Mozilla/5.0 (X11; CrOS i686 2913.276.0) AppleWebKit/537.11 (KHTML, like Gecko) Chrome/23.0.1271.110 Safari/537.11"
2013-01-07 11:56:53,817 INFO sqlalchemy.engine.base.Engine BEGIN (implicit)
2013-01-07 11:56:53,817 INFO sqlalchemy.engine.base.Engine select distinct state from assignment
2013-01-07 11:56:53,817 INFO sqlalchemy.engine.base.Engine ()
2013-01-07 11:56:53,819 INFO sqlalchemy.engine.base.Engine DELETE FROM essay WHERE essay.assignment_id = %s AND essay.student_name = %s
2013-01-07 11:56:53,819 INFO sqlalchemy.engine.base.Engine ('2', u'')
2013-01-07 11:56:53,820 INFO sqlalchemy.engine.base.Engine INSERT INTO essay (assignment_id, student_name, essay_text, submitteddatetime) VALUES (%s, %s, %s, %s)
2013-01-07 11:56:53,820 INFO sqlalchemy.engine.base.Engine (u'2', u'', u'I have a pet called Millie , it has a big round tail and a big mouth. i enjoy playing with my pet. It is playful and enjoys funny games. ', '2013-01-07 11:56:53')
2013-01-07 11:56:53,821 INFO sqlalchemy.engine.base.Engine COMMIT
192.168.1.113 - - [07/Jan/2013:11:56:53] "POST /englishessay/submitAssignment HTTP/1.1" 303 146 "http://192.168.1.2:8081/englishessay/index?saved=1" "Mozilla/5.0 (Windows NT 6.1) AppleWebKit/537.11 (KHTML, like Gecko) Chrome/23.0.1271.97 Safari/537.11"
2013-01-07 11:56:53,832 INFO sqlalchemy.engine.base.Engine BEGIN (implicit)
2013-01-07 11:56:53,832 INFO sqlalchemy.engine.base.Engine select distinct state from assignment
2013-01-07 11:56:53,832 INFO sqlalchemy.engine.base.Engine ()
2013-01-07 11:56:53,834 INFO sqlalchemy.engine.base.Engine SELECT assignment.id, assignment.title, assignment.description, assignment.state, assignment.duration, assignment.startdatetime 
FROM assignment 
WHERE assignment.state = %s
2013-01-07 11:56:53,834 INFO sqlalchemy.engine.base.Engine ('BUSY',)
2013-01-07 11:56:53,835 INFO sqlalchemy.engine.base.Engine SELECT essay.id, essay.assignment_id, essay.student_name, essay.essay_text, essay.submitteddatetime, essay.score, essay.grade 
FROM essay 
WHERE essay.student_name = %s AND essay.assignment_id = %s
2013-01-07 11:56:53,835 INFO sqlalchemy.engine.base.Engine (u'', 2L)
2013-01-07 11:56:53,837 INFO sqlalchemy.engine.base.Engine COMMIT
192.168.1.113 - - [07/Jan/2013:11:56:53] "GET /englishessay/index?saved=1 HTTP/1.1" 200 2296 "http://192.168.1.2:8081/englishessay/index?saved=1" "Mozilla/5.0 (Windows NT 6.1) AppleWebKit/537.11 (KHTML, like Gecko) Chrome/23.0.1271.97 Safari/537.11"
2013-01-07 11:57:09,655 INFO sqlalchemy.engine.base.Engine BEGIN (implicit)
2013-01-07 11:57:09,655 INFO sqlalchemy.engine.base.Engine select distinct state from assignment
2013-01-07 11:57:09,655 INFO sqlalchemy.engine.base.Engine ()
2013-01-07 11:57:09,657 INFO sqlalchemy.engine.base.Engine DELETE FROM essay WHERE essay.assignment_id = %s AND essay.student_name = %s
2013-01-07 11:57:09,657 INFO sqlalchemy.engine.base.Engine ('2', u'')
2013-01-07 11:57:09,658 INFO sqlalchemy.engine.base.Engine INSERT INTO essay (assignment_id, student_name, essay_text, submitteddatetime) VALUES (%s, %s, %s, %s)
2013-01-07 11:57:09,659 INFO sqlalchemy.engine.base.Engine (u'2', u'', u'I have a pet called Millie , it has a big round tail and a big mouth. i enjoy playing with my pet. It is playful and enjoys funny games. ', '2013-01-07 11:57:09')
2013-01-07 11:57:09,660 INFO sqlalchemy.engine.base.Engine COMMIT
2013-01-07 11:57:09,866 INFO sqlalchemy.engine.base.Engine BEGIN (implicit)
2013-01-07 11:57:09,866 INFO sqlalchemy.engine.base.Engine select distinct state from assignment
2013-01-07 11:57:09,866 INFO sqlalchemy.engine.base.Engine ()
2013-01-07 11:57:09,868 INFO sqlalchemy.engine.base.Engine DELETE FROM essay WHERE essay.assignment_id = %s AND essay.student_name = %s
2013-01-07 11:57:09,868 INFO sqlalchemy.engine.base.Engine ('2', u'')
2013-01-07 11:57:09,869 INFO sqlalchemy.engine.base.Engine INSERT INTO essay (assignment_id, student_name, essay_text, submitteddatetime) VALUES (%s, %s, %s, %s)
2013-01-07 11:57:09,869 INFO sqlalchemy.engine.base.Engine (u'2', u'', u'I have a pet called Millie , it has a big round tail and a big mouth. i enjoy playing with my pet. It is playful and enjoys funny games. ', '2013-01-07 11:57:09')
2013-01-07 11:57:09,870 INFO sqlalchemy.engine.base.Engine COMMIT
192.168.1.113 - - [07/Jan/2013:11:57:10] "POST /englishessay/submitAssignment HTTP/1.1" 303 146 "http://192.168.1.2:8081/englishessay/index?saved=1" "Mozilla/5.0 (Windows NT 6.1) AppleWebKit/537.11 (KHTML, like Gecko) Chrome/23.0.1271.97 Safari/537.11"
192.168.1.113 - - [07/Jan/2013:11:57:10] "POST /englishessay/submitAssignment HTTP/1.1" 303 146 "http://192.168.1.2:8081/englishessay/index?saved=1" "Mozilla/5.0 (Windows NT 6.1) AppleWebKit/537.11 (KHTML, like Gecko) Chrome/23.0.1271.97 Safari/537.11"
2013-01-07 11:57:10,278 INFO sqlalchemy.engine.base.Engine BEGIN (implicit)
2013-01-07 11:57:10,279 INFO sqlalchemy.engine.base.Engine select distinct state from assignment
2013-01-07 11:57:10,279 INFO sqlalchemy.engine.base.Engine ()
2013-01-07 11:57:10,280 INFO sqlalchemy.engine.base.Engine SELECT assignment.id, assignment.title, assignment.description, assignment.state, assignment.duration, assignment.startdatetime 
FROM assignment 
WHERE assignment.state = %s
2013-01-07 11:57:10,280 INFO sqlalchemy.engine.base.Engine ('BUSY',)
2013-01-07 11:57:10,281 INFO sqlalchemy.engine.base.Engine SELECT essay.id, essay.assignment_id, essay.student_name, essay.essay_text, essay.submitteddatetime, essay.score, essay.grade 
FROM essay 
WHERE essay.student_name = %s AND essay.assignment_id = %s
2013-01-07 11:57:10,282 INFO sqlalchemy.engine.base.Engine (u'', 2L)
2013-01-07 11:57:10,284 INFO sqlalchemy.engine.base.Engine COMMIT
192.168.1.113 - - [07/Jan/2013:11:57:10] "GET /englishessay/index?saved=1 HTTP/1.1" 200 2296 "http://192.168.1.2:8081/englishessay/index?saved=1" "Mozilla/5.0 (Windows NT 6.1) AppleWebKit/537.11 (KHTML, like Gecko) Chrome/23.0.1271.97 Safari/537.11"
2013-01-07 11:57:15,792 INFO sqlalchemy.engine.base.Engine BEGIN (implicit)
2013-01-07 11:57:15,792 INFO sqlalchemy.engine.base.Engine select distinct state from assignment
2013-01-07 11:57:15,792 INFO sqlalchemy.engine.base.Engine ()
2013-01-07 11:57:15,794 INFO sqlalchemy.engine.base.Engine DELETE FROM essay WHERE essay.assignment_id = %s AND essay.student_name = %s
2013-01-07 11:57:15,794 INFO sqlalchemy.engine.base.Engine ('2', u'')
2013-01-07 11:57:15,795 INFO sqlalchemy.engine.base.Engine INSERT INTO essay (assignment_id, student_name, essay_text, submitteddatetime) VALUES (%s, %s, %s, %s)
2013-01-07 11:57:15,795 INFO sqlalchemy.engine.base.Engine (u'2', u'', u'I have a pet called Millie , it has a big round tail and a big mouth. i enjoy playing with my pet. It is playful and enjoys funny games. ', '2013-01-07 11:57:15')
2013-01-07 11:57:15,796 INFO sqlalchemy.engine.base.Engine COMMIT
192.168.1.113 - - [07/Jan/2013:11:57:15] "POST /englishessay/submitAssignment HTTP/1.1" 303 146 "http://192.168.1.2:8081/englishessay/index?saved=1" "Mozilla/5.0 (Windows NT 6.1) AppleWebKit/537.11 (KHTML, like Gecko) Chrome/23.0.1271.97 Safari/537.11"
2013-01-07 11:57:15,810 INFO sqlalchemy.engine.base.Engine BEGIN (implicit)
2013-01-07 11:57:15,810 INFO sqlalchemy.engine.base.Engine select distinct state from assignment
2013-01-07 11:57:15,811 INFO sqlalchemy.engine.base.Engine ()
2013-01-07 11:57:15,812 INFO sqlalchemy.engine.base.Engine SELECT assignment.id, assignment.title, assignment.description, assignment.state, assignment.duration, assignment.startdatetime 
FROM assignment 
WHERE assignment.state = %s
2013-01-07 11:57:15,813 INFO sqlalchemy.engine.base.Engine ('BUSY',)
2013-01-07 11:57:15,814 INFO sqlalchemy.engine.base.Engine SELECT essay.id, essay.assignment_id, essay.student_name, essay.essay_text, essay.submitteddatetime, essay.score, essay.grade 
FROM essay 
WHERE essay.student_name = %s AND essay.assignment_id = %s
2013-01-07 11:57:15,814 INFO sqlalchemy.engine.base.Engine (u'', 2L)
2013-01-07 11:57:15,816 INFO sqlalchemy.engine.base.Engine COMMIT
192.168.1.113 - - [07/Jan/2013:11:57:15] "GET /englishessay/index?saved=1 HTTP/1.1" 200 2296 "http://192.168.1.2:8081/englishessay/index?saved=1" "Mozilla/5.0 (Windows NT 6.1) AppleWebKit/537.11 (KHTML, like Gecko) Chrome/23.0.1271.97 Safari/537.11"
2013-01-07 11:57:15,983 INFO sqlalchemy.engine.base.Engine BEGIN (implicit)
2013-01-07 11:57:15,984 INFO sqlalchemy.engine.base.Engine select distinct state from assignment
2013-01-07 11:57:15,984 INFO sqlalchemy.engine.base.Engine ()
2013-01-07 11:57:15,985 INFO sqlalchemy.engine.base.Engine DELETE FROM essay WHERE essay.assignment_id = %s AND essay.student_name = %s
2013-01-07 11:57:15,985 INFO sqlalchemy.engine.base.Engine ('2', u'')
2013-01-07 11:57:15,987 INFO sqlalchemy.engine.base.Engine INSERT INTO essay (assignment_id, student_name, essay_text, submitteddatetime) VALUES (%s, %s, %s, %s)
2013-01-07 11:57:15,987 INFO sqlalchemy.engine.base.Engine (u'2', u'', u'I have a pet called Millie , it has a big round tail and a big mouth. i enjoy playing with my pet. It is playful and enjoys funny games. ', '2013-01-07 11:57:15')
2013-01-07 11:57:15,988 INFO sqlalchemy.engine.base.Engine COMMIT
192.168.1.113 - - [07/Jan/2013:11:57:15] "POST /englishessay/submitAssignment HTTP/1.1" 303 146 "http://192.168.1.2:8081/englishessay/index?saved=1" "Mozilla/5.0 (Windows NT 6.1) AppleWebKit/537.11 (KHTML, like Gecko) Chrome/23.0.1271.97 Safari/537.11"
2013-01-07 11:57:16,003 INFO sqlalchemy.engine.base.Engine BEGIN (implicit)
2013-01-07 11:57:16,003 INFO sqlalchemy.engine.base.Engine select distinct state from assignment
2013-01-07 11:57:16,003 INFO sqlalchemy.engine.base.Engine ()
2013-01-07 11:57:16,004 INFO sqlalchemy.engine.base.Engine SELECT assignment.id, assignment.title, assignment.description, assignment.state, assignment.duration, assignment.startdatetime 
FROM assignment 
WHERE assignment.state = %s
2013-01-07 11:57:16,005 INFO sqlalchemy.engine.base.Engine ('BUSY',)
2013-01-07 11:57:16,006 INFO sqlalchemy.engine.base.Engine SELECT essay.id, essay.assignment_id, essay.student_name, essay.essay_text, essay.submitteddatetime, essay.score, essay.grade 
FROM essay 
WHERE essay.student_name = %s AND essay.assignment_id = %s
2013-01-07 11:57:16,006 INFO sqlalchemy.engine.base.Engine (u'', 2L)
2013-01-07 11:57:16,007 INFO sqlalchemy.engine.base.Engine COMMIT
192.168.1.113 - - [07/Jan/2013:11:57:16] "GET /englishessay/index?saved=1 HTTP/1.1" 200 2296 "http://192.168.1.2:8081/englishessay/index?saved=1" "Mozilla/5.0 (Windows NT 6.1) AppleWebKit/537.11 (KHTML, like Gecko) Chrome/23.0.1271.97 Safari/537.11"
192.168.1.113 - - [07/Jan/2013:11:57:24] "GET /englishessay/admin HTTP/1.1" 200 1038 "http://192.168.1.2:8081/englishessay/index?saved=1" "Mozilla/5.0 (Windows NT 6.1) AppleWebKit/537.11 (KHTML, like Gecko) Chrome/23.0.1271.97 Safari/537.11"
2013-01-07 11:57:28,170 INFO sqlalchemy.engine.base.Engine BEGIN (implicit)
2013-01-07 11:57:28,171 INFO sqlalchemy.engine.base.Engine SELECT admin.password 
FROM admin
2013-01-07 11:57:28,171 INFO sqlalchemy.engine.base.Engine ()
2013-01-07 11:57:28,173 INFO sqlalchemy.engine.base.Engine COMMIT
192.168.1.113 - - [07/Jan/2013:11:57:28] "POST /englishessay/admin HTTP/1.1" 200 1038 "http://192.168.1.2:8081/englishessay/admin" "Mozilla/5.0 (Windows NT 6.1) AppleWebKit/537.11 (KHTML, like Gecko) Chrome/23.0.1271.97 Safari/537.11"
2013-01-07 11:57:29,442 INFO sqlalchemy.engine.base.Engine BEGIN (implicit)
2013-01-07 11:57:29,442 INFO sqlalchemy.engine.base.Engine SELECT admin.password 
FROM admin
2013-01-07 11:57:29,442 INFO sqlalchemy.engine.base.Engine ()
2013-01-07 11:57:29,444 INFO sqlalchemy.engine.base.Engine COMMIT
192.168.1.113 - - [07/Jan/2013:11:57:29] "POST /englishessay/admin HTTP/1.1" 200 1038 "http://192.168.1.2:8081/englishessay/admin" "Mozilla/5.0 (Windows NT 6.1) AppleWebKit/537.11 (KHTML, like Gecko) Chrome/23.0.1271.97 Safari/537.11"
2013-01-07 11:57:30,699 INFO sqlalchemy.engine.base.Engine BEGIN (implicit)
2013-01-07 11:57:30,700 INFO sqlalchemy.engine.base.Engine SELECT admin.password 
FROM admin
2013-01-07 11:57:30,700 INFO sqlalchemy.engine.base.Engine ()
2013-01-07 11:57:30,701 INFO sqlalchemy.engine.base.Engine COMMIT
192.168.1.113 - - [07/Jan/2013:11:57:30] "POST /englishessay/admin HTTP/1.1" 200 1038 "http://192.168.1.2:8081/englishessay/admin" "Mozilla/5.0 (Windows NT 6.1) AppleWebKit/537.11 (KHTML, like Gecko) Chrome/23.0.1271.97 Safari/537.11"
2013-01-07 11:57:38,683 INFO sqlalchemy.engine.base.Engine BEGIN (implicit)
2013-01-07 11:57:38,683 INFO sqlalchemy.engine.base.Engine SELECT admin.password 
FROM admin
2013-01-07 11:57:38,683 INFO sqlalchemy.engine.base.Engine ()
2013-01-07 11:57:38,685 INFO sqlalchemy.engine.base.Engine COMMIT
192.168.1.113 - - [07/Jan/2013:11:57:38] "POST /englishessay/admin HTTP/1.1" 200 1038 "http://192.168.1.2:8081/englishessay/admin" "Mozilla/5.0 (Windows NT 6.1) AppleWebKit/537.11 (KHTML, like Gecko) Chrome/23.0.1271.97 Safari/537.11"
192.168.1.103 - - [07/Jan/2013:11:58:19] "GET /login?pm=0&username=ase_alyce&userid=107 HTTP/1.1" 200 1005 "http://192.168.1.2/moodle/" "Mozilla/5.0 (Macintosh; Intel Mac OS X 10.6; rv:17.0) Gecko/20100101 Firefox/17.0"
192.168.1.103 - - [07/Jan/2013:11:58:19] "GET /style.css HTTP/1.1" 200 3325 "http://192.168.1.2:8081/login?pm=0&username=ase_alyce&userid=107" "Mozilla/5.0 (Macintosh; Intel Mac OS X 10.6; rv:17.0) Gecko/20100101 Firefox/17.0"
192.168.1.103 - - [07/Jan/2013:11:58:19] "GET /img/logo.png HTTP/1.1" 200 7466 "http://192.168.1.2:8081/login?pm=0&username=ase_alyce&userid=107" "Mozilla/5.0 (Macintosh; Intel Mac OS X 10.6; rv:17.0) Gecko/20100101 Firefox/17.0"
192.168.1.103 - - [07/Jan/2013:11:58:19] "GET /img/bg_h.png HTTP/1.1" 200 1118 "http://192.168.1.2:8081/style.css" "Mozilla/5.0 (Macintosh; Intel Mac OS X 10.6; rv:17.0) Gecko/20100101 Firefox/17.0"
192.168.1.103 - - [07/Jan/2013:11:58:19] "GET /favicon.ico HTTP/1.1" 200 1406 "" "Mozilla/5.0 (Macintosh; Intel Mac OS X 10.6; rv:17.0) Gecko/20100101 Firefox/17.0"
192.168.1.103 - - [07/Jan/2013:11:58:20] "GET /khan HTTP/1.1" 200 1278 "http://192.168.1.2:8081/login?pm=0&username=ase_alyce&userid=107" "Mozilla/5.0 (Macintosh; Intel Mac OS X 10.6; rv:17.0) Gecko/20100101 Firefox/17.0"
192.168.1.103 - - [07/Jan/2013:11:58:21] "GET /index HTTP/1.1" 200 1527 "http://192.168.1.2:8081/khan" "Mozilla/5.0 (Macintosh; Intel Mac OS X 10.6; rv:17.0) Gecko/20100101 Firefox/17.0"
2013-01-07 11:58:23,075 INFO sqlalchemy.engine.base.Engine BEGIN (implicit)
2013-01-07 11:58:23,075 INFO sqlalchemy.engine.base.Engine SELECT admin.password 
FROM admin
2013-01-07 11:58:23,075 INFO sqlalchemy.engine.base.Engine ()
2013-01-07 11:58:23,077 INFO sqlalchemy.engine.base.Engine COMMIT
192.168.1.113 - - [07/Jan/2013:11:58:23] "POST /englishessay/admin HTTP/1.1" 200 1038 "http://192.168.1.2:8081/englishessay/admin" "Mozilla/5.0 (Windows NT 6.1) AppleWebKit/537.11 (KHTML, like Gecko) Chrome/23.0.1271.97 Safari/537.11"
192.168.1.103 - - [07/Jan/2013:11:58:23] "GET /index?topic=math HTTP/1.1" 200 2053 "http://192.168.1.2:8081/index" "Mozilla/5.0 (Macintosh; Intel Mac OS X 10.6; rv:17.0) Gecko/20100101 Firefox/17.0"
192.168.1.103 - - [07/Jan/2013:11:58:25] "GET /index?topic=arithmetic HTTP/1.1" 200 2077 "http://192.168.1.2:8081/index?topic=math" "Mozilla/5.0 (Macintosh; Intel Mac OS X 10.6; rv:17.0) Gecko/20100101 Firefox/17.0"
192.168.1.103 - - [07/Jan/2013:11:58:25] "GET /index?topic=addition-subtraction HTTP/1.1" 200 5689 "http://192.168.1.2:8081/index?topic=arithmetic" "Mozilla/5.0 (Macintosh; Intel Mac OS X 10.6; rv:17.0) Gecko/20100101 Firefox/17.0"
192.168.1.103 - - [07/Jan/2013:11:58:28] "GET /exercise?exercise_id=addition_1&topic=addition-subtraction HTTP/1.1" 200 1470 "http://192.168.1.2:8081/index?topic=addition-subtraction" "Mozilla/5.0 (Macintosh; Intel Mac OS X 10.6; rv:17.0) Gecko/20100101 Firefox/17.0"
192.168.1.106 - - [07/Jan/2013:12:00:10] "GET /index?topic=addition-subtraction HTTP/1.1" 200 5690 "http://192.168.1.2:8081/index?topic=arithmetic" "Mozilla/5.0 (X11; CrOS i686 2913.276.0) AppleWebKit/537.11 (KHTML, like Gecko) Chrome/23.0.1271.110 Safari/537.11"
192.168.1.106 - - [07/Jan/2013:12:00:13] "GET /exercise?exercise_id=addition_1&topic=addition-subtraction HTTP/1.1" 200 1470 "http://192.168.1.2:8081/index?topic=addition-subtraction" "Mozilla/5.0 (X11; CrOS i686 2913.276.0) AppleWebKit/537.11 (KHTML, like Gecko) Chrome/23.0.1271.110 Safari/537.11"
192.168.1.100 - - [07/Jan/2013:12:00:14] "GET /login?pm=0&username=ase_katlego&userid=113 HTTP/1.1" 200 1005 "http://192.168.1.2/moodle/" "Mozilla/5.0 (X11; CrOS i686 2913.120.0) AppleWebKit/537.11 (KHTML, like Gecko) Chrome/23.0.1271.49 Safari/537.11"
192.168.1.100 - - [07/Jan/2013:12:00:17] "GET /khan HTTP/1.1" 200 1280 "http://192.168.1.2:8081/login?pm=0&username=ase_katlego&userid=113" "Mozilla/5.0 (X11; CrOS i686 2913.120.0) AppleWebKit/537.11 (KHTML, like Gecko) Chrome/23.0.1271.49 Safari/537.11"
192.168.1.100 - - [07/Jan/2013:12:00:17] "GET /index HTTP/1.1" 200 1529 "http://192.168.1.2:8081/khan" "Mozilla/5.0 (X11; CrOS i686 2913.120.0) AppleWebKit/537.11 (KHTML, like Gecko) Chrome/23.0.1271.49 Safari/537.11"
192.168.1.100 - - [07/Jan/2013:12:00:24] "GET /index?topic=math HTTP/1.1" 200 2055 "http://192.168.1.2:8081/index" "Mozilla/5.0 (X11; CrOS i686 2913.120.0) AppleWebKit/537.11 (KHTML, like Gecko) Chrome/23.0.1271.49 Safari/537.11"
192.168.1.100 - - [07/Jan/2013:12:00:27] "GET /index?topic=arithmetic HTTP/1.1" 200 2079 "http://192.168.1.2:8081/index?topic=math" "Mozilla/5.0 (X11; CrOS i686 2913.120.0) AppleWebKit/537.11 (KHTML, like Gecko) Chrome/23.0.1271.49 Safari/537.11"
192.168.1.100 - - [07/Jan/2013:12:00:30] "GET /index?topic=addition-subtraction HTTP/1.1" 200 5691 "http://192.168.1.2:8081/index?topic=arithmetic" "Mozilla/5.0 (X11; CrOS i686 2913.120.0) AppleWebKit/537.11 (KHTML, like Gecko) Chrome/23.0.1271.49 Safari/537.11"
192.168.1.100 - - [07/Jan/2013:12:00:30] "GET /video?vid_id=basic-addition&topic=addition-subtraction HTTP/1.1" 200 1913 "http://192.168.1.2:8081/index?topic=addition-subtraction" "Mozilla/5.0 (X11; CrOS i686 2913.120.0) AppleWebKit/537.11 (KHTML, like Gecko) Chrome/23.0.1271.49 Safari/537.11"
192.168.1.103 - - [07/Jan/2013:12:00:32] "GET /login?pm=0&username=ase_alyce&userid=107 HTTP/1.1" 200 1005 "http://192.168.1.2/moodle/" "Mozilla/5.0 (Macintosh; Intel Mac OS X 10.6; rv:17.0) Gecko/20100101 Firefox/17.0"
192.168.1.103 - - [07/Jan/2013:12:00:33] "GET /khan HTTP/1.1" 200 1278 "http://192.168.1.2:8081/login?pm=0&username=ase_alyce&userid=107" "Mozilla/5.0 (Macintosh; Intel Mac OS X 10.6; rv:17.0) Gecko/20100101 Firefox/17.0"
192.168.1.103 - - [07/Jan/2013:12:00:34] "GET /index HTTP/1.1" 200 1527 "http://192.168.1.2:8081/khan" "Mozilla/5.0 (Macintosh; Intel Mac OS X 10.6; rv:17.0) Gecko/20100101 Firefox/17.0"
192.168.1.103 - - [07/Jan/2013:12:00:35] "GET /index?topic=math HTTP/1.1" 200 2053 "http://192.168.1.2:8081/index" "Mozilla/5.0 (Macintosh; Intel Mac OS X 10.6; rv:17.0) Gecko/20100101 Firefox/17.0"
192.168.1.103 - - [07/Jan/2013:12:00:36] "GET /index?topic=arithmetic HTTP/1.1" 200 2077 "http://192.168.1.2:8081/index?topic=math" "Mozilla/5.0 (Macintosh; Intel Mac OS X 10.6; rv:17.0) Gecko/20100101 Firefox/17.0"
192.168.1.106 - - [07/Jan/2013:12:00:39] "GET /exercise?exercise_id=addition_2&topic=addition-subtraction HTTP/1.1" 200 1492 "http://192.168.1.2:8081/exercise?exercise_id=addition_1&topic=addition-subtraction" "Mozilla/5.0 (X11; CrOS i686 2913.276.0) AppleWebKit/537.11 (KHTML, like Gecko) Chrome/23.0.1271.110 Safari/537.11"
192.168.1.103 - - [07/Jan/2013:12:00:39] "GET /index?topic=addition-subtraction HTTP/1.1" 200 5689 "http://192.168.1.2:8081/index?topic=arithmetic" "Mozilla/5.0 (Macintosh; Intel Mac OS X 10.6; rv:17.0) Gecko/20100101 Firefox/17.0"
192.168.1.103 - - [07/Jan/2013:12:00:41] "GET /exercise?exercise_id=addition_1&topic=addition-subtraction HTTP/1.1" 200 1470 "http://192.168.1.2:8081/index?topic=addition-subtraction" "Mozilla/5.0 (Macintosh; Intel Mac OS X 10.6; rv:17.0) Gecko/20100101 Firefox/17.0"
192.168.1.100 - - [07/Jan/2013:12:00:54] "GET /exercise?exercise_id=addition_1&topic=addition-subtraction HTTP/1.1" 200 1470 "http://192.168.1.2:8081/index?topic=addition-subtraction" "Mozilla/5.0 (X11; CrOS i686 2913.120.0) AppleWebKit/537.11 (KHTML, like Gecko) Chrome/23.0.1271.49 Safari/537.11"
192.168.1.106 - - [07/Jan/2013:12:01:01] "GET /exercise?exercise_id=multiplication_1&topic=addition-subtraction HTTP/1.1" 200 1542 "http://192.168.1.2:8081/exercise?exercise_id=addition_2&topic=addition-subtraction" "Mozilla/5.0 (X11; CrOS i686 2913.276.0) AppleWebKit/537.11 (KHTML, like Gecko) Chrome/23.0.1271.110 Safari/537.11"
192.168.1.106 - - [07/Jan/2013:12:01:46] "GET /index?topic=addition-subtraction HTTP/1.1" 200 5690 "http://192.168.1.2:8081/index?topic=arithmetic" "Mozilla/5.0 (X11; CrOS i686 2913.276.0) AppleWebKit/537.11 (KHTML, like Gecko) Chrome/23.0.1271.110 Safari/537.11"
192.168.1.106 - - [07/Jan/2013:12:01:49] "GET /exercise?exercise_id=addition_1&topic=addition-subtraction HTTP/1.1" 200 1470 "http://192.168.1.2:8081/index?topic=addition-subtraction" "Mozilla/5.0 (X11; CrOS i686 2913.276.0) AppleWebKit/537.11 (KHTML, like Gecko) Chrome/23.0.1271.110 Safari/537.11"
192.168.1.109 - - [07/Jan/2013:12:02:39] "GET /login?pm=0&username=ase_sizwe&userid=112 HTTP/1.1" 200 1005 "http://192.168.1.2/moodle/" "Mozilla/5.0 (X11; CrOS i686 2913.276.0) AppleWebKit/537.11 (KHTML, like Gecko) Chrome/23.0.1271.110 Safari/537.11"
192.168.1.109 - - [07/Jan/2013:12:02:42] "GET /khan HTTP/1.1" 200 1278 "http://192.168.1.2:8081/login?pm=0&username=ase_sizwe&userid=112" "Mozilla/5.0 (X11; CrOS i686 2913.276.0) AppleWebKit/537.11 (KHTML, like Gecko) Chrome/23.0.1271.110 Safari/537.11"
192.168.1.109 - - [07/Jan/2013:12:02:43] "GET /index HTTP/1.1" 200 1527 "http://192.168.1.2:8081/khan" "Mozilla/5.0 (X11; CrOS i686 2913.276.0) AppleWebKit/537.11 (KHTML, like Gecko) Chrome/23.0.1271.110 Safari/537.11"
192.168.1.106 - - [07/Jan/2013:12:02:44] "GET /exercise?exercise_id=addition_2&topic=addition-subtraction HTTP/1.1" 200 1492 "http://192.168.1.2:8081/index?topic=addition-subtraction" "Mozilla/5.0 (X11; CrOS i686 2913.276.0) AppleWebKit/537.11 (KHTML, like Gecko) Chrome/23.0.1271.110 Safari/537.11"
192.168.1.109 - - [07/Jan/2013:12:02:49] "GET /index?topic=math HTTP/1.1" 200 2053 "http://192.168.1.2:8081/index" "Mozilla/5.0 (X11; CrOS i686 2913.276.0) AppleWebKit/537.11 (KHTML, like Gecko) Chrome/23.0.1271.110 Safari/537.11"
192.168.1.109 - - [07/Jan/2013:12:02:55] "GET /index?topic=arithmetic HTTP/1.1" 200 2077 "http://192.168.1.2:8081/index?topic=math" "Mozilla/5.0 (X11; CrOS i686 2913.276.0) AppleWebKit/537.11 (KHTML, like Gecko) Chrome/23.0.1271.110 Safari/537.11"
192.168.1.109 - - [07/Jan/2013:12:03:35] "GET /index?topic=addition-subtraction HTTP/1.1" 200 5689 "http://192.168.1.2:8081/index?topic=arithmetic" "Mozilla/5.0 (X11; CrOS i686 2913.276.0) AppleWebKit/537.11 (KHTML, like Gecko) Chrome/23.0.1271.110 Safari/537.11"
192.168.1.109 - - [07/Jan/2013:12:03:58] "GET /exercise?exercise_id=addition_1&topic=addition-subtraction HTTP/1.1" 200 1470 "http://192.168.1.2:8081/index?topic=addition-subtraction" "Mozilla/5.0 (X11; CrOS i686 2913.276.0) AppleWebKit/537.11 (KHTML, like Gecko) Chrome/23.0.1271.110 Safari/537.11"
192.168.1.106 - - [07/Jan/2013:12:06:32] "GET /index?topic=negative-numbers HTTP/1.1" 200 2928 "http://192.168.1.2:8081/index?topic=arithmetic" "Mozilla/5.0 (X11; CrOS i686 2913.276.0) AppleWebKit/537.11 (KHTML, like Gecko) Chrome/23.0.1271.110 Safari/537.11"
192.168.1.106 - - [07/Jan/2013:12:06:36] "GET /exercise?exercise_id=ordering_negative_numbers&topic=negative-numbers HTTP/1.1" 200 1274 "http://192.168.1.2:8081/index?topic=negative-numbers" "Mozilla/5.0 (X11; CrOS i686 2913.276.0) AppleWebKit/537.11 (KHTML, like Gecko) Chrome/23.0.1271.110 Safari/537.11"
192.168.1.109 - - [07/Jan/2013:12:06:54] "GET /exercise?exercise_id=subtraction_1&topic=addition-subtraction HTTP/1.1" 200 1380 "http://192.168.1.2:8081/exercise?exercise_id=addition_1&topic=addition-subtraction" "Mozilla/5.0 (X11; CrOS i686 2913.276.0) AppleWebKit/537.11 (KHTML, like Gecko) Chrome/23.0.1271.110 Safari/537.11"
192.168.1.106 - - [07/Jan/2013:12:08:09] "GET /index?topic=calculus HTTP/1.1" 200 30514 "http://192.168.1.2:8081/index?topic=math" "Mozilla/5.0 (X11; CrOS i686 2913.276.0) AppleWebKit/537.11 (KHTML, like Gecko) Chrome/23.0.1271.110 Safari/537.11"
192.168.1.106 - - [07/Jan/2013:12:08:13] "GET /video?vid_id=calculus--derivatives-1--new-hd-version&topic=calculus HTTP/1.1" 200 1990 "http://192.168.1.2:8081/index?topic=calculus" "Mozilla/5.0 (X11; CrOS i686 2913.276.0) AppleWebKit/537.11 (KHTML, like Gecko) Chrome/23.0.1271.110 Safari/537.11"
192.168.1.106 - - [07/Jan/2013:12:08:56] "GET /exercise?exercise_id=lhopitals_rule&topic=calculus HTTP/1.1" 200 1126 "http://192.168.1.2:8081/index?topic=calculus" "Mozilla/5.0 (X11; CrOS i686 2913.276.0) AppleWebKit/537.11 (KHTML, like Gecko) Chrome/23.0.1271.110 Safari/537.11"
192.168.1.109 - - [07/Jan/2013:12:09:44] "GET /login?pm=0&username=ase_sizwe&userid=112 HTTP/1.1" 200 1005 "http://192.168.1.2/moodle/" "Mozilla/5.0 (X11; CrOS i686 2913.276.0) AppleWebKit/537.11 (KHTML, like Gecko) Chrome/23.0.1271.110 Safari/537.11"
192.168.1.109 - - [07/Jan/2013:12:09:49] "GET /englishessay HTTP/1.1" 301 129 "http://192.168.1.2:8081/login?pm=0&username=ase_sizwe&userid=112" "Mozilla/5.0 (X11; CrOS i686 2913.276.0) AppleWebKit/537.11 (KHTML, like Gecko) Chrome/23.0.1271.110 Safari/537.11"
2013-01-07 12:09:49,243 INFO sqlalchemy.engine.base.Engine BEGIN (implicit)
2013-01-07 12:09:49,243 INFO sqlalchemy.engine.base.Engine select distinct state from assignment
2013-01-07 12:09:49,244 INFO sqlalchemy.engine.base.Engine ()
2013-01-07 12:09:49,245 INFO sqlalchemy.engine.base.Engine SELECT assignment.id, assignment.title, assignment.description, assignment.state, assignment.duration, assignment.startdatetime 
FROM assignment 
WHERE assignment.state = %s
2013-01-07 12:09:49,245 INFO sqlalchemy.engine.base.Engine ('BUSY',)
2013-01-07 12:09:49,247 INFO sqlalchemy.engine.base.Engine SELECT essay.id, essay.assignment_id, essay.student_name, essay.essay_text, essay.submitteddatetime, essay.score, essay.grade 
FROM essay 
WHERE essay.student_name = %s AND essay.assignment_id = %s
2013-01-07 12:09:49,247 INFO sqlalchemy.engine.base.Engine (u'ase_sizwe', 2L)
2013-01-07 12:09:49,248 INFO sqlalchemy.engine.base.Engine COMMIT
192.168.1.109 - - [07/Jan/2013:12:09:49] "GET /englishessay/ HTTP/1.1" 200 2132 "http://192.168.1.2:8081/login?pm=0&username=ase_sizwe&userid=112" "Mozilla/5.0 (X11; CrOS i686 2913.276.0) AppleWebKit/537.11 (KHTML, like Gecko) Chrome/23.0.1271.110 Safari/537.11"
192.168.1.109 - - [07/Jan/2013:12:09:49] "GET /englishessay/js/jquery.counter-analog.css HTTP/1.1" 200 15203 "http://192.168.1.2:8081/englishessay/" "Mozilla/5.0 (X11; CrOS i686 2913.276.0) AppleWebKit/537.11 (KHTML, like Gecko) Chrome/23.0.1271.110 Safari/537.11"
192.168.1.109 - - [07/Jan/2013:12:09:49] "GET /englishessay/js/jquery.counter.js HTTP/1.1" 200 8746 "http://192.168.1.2:8081/englishessay/" "Mozilla/5.0 (X11; CrOS i686 2913.276.0) AppleWebKit/537.11 (KHTML, like Gecko) Chrome/23.0.1271.110 Safari/537.11"
192.168.1.109 - - [07/Jan/2013:12:09:49] "GET /englishessay/js/jquery.js HTTP/1.1" 200 92792 "http://192.168.1.2:8081/englishessay/" "Mozilla/5.0 (X11; CrOS i686 2913.276.0) AppleWebKit/537.11 (KHTML, like Gecko) Chrome/23.0.1271.110 Safari/537.11"
192.168.1.109 - - [07/Jan/2013:12:09:49] "GET /englishessay/js/jquery.notice.js HTTP/1.1" 200 3118 "http://192.168.1.2:8081/englishessay/" "Mozilla/5.0 (X11; CrOS i686 2913.276.0) AppleWebKit/537.11 (KHTML, like Gecko) Chrome/23.0.1271.110 Safari/537.11"
192.168.1.109 - - [07/Jan/2013:12:09:49] "GET /englishessay/js/jquery.notice.css HTTP/1.1" 200 567 "http://192.168.1.2:8081/englishessay/" "Mozilla/5.0 (X11; CrOS i686 2913.276.0) AppleWebKit/537.11 (KHTML, like Gecko) Chrome/23.0.1271.110 Safari/537.11"
192.168.1.109 - - [07/Jan/2013:12:09:49] "GET /englishessay/js/ase.js HTTP/1.1" 200 559 "http://192.168.1.2:8081/englishessay/" "Mozilla/5.0 (X11; CrOS i686 2913.276.0) AppleWebKit/537.11 (KHTML, like Gecko) Chrome/23.0.1271.110 Safari/537.11"
192.168.1.109 - - [07/Jan/2013:12:10:03] "GET /khan HTTP/1.1" 200 1278 "http://192.168.1.2:8081/login?pm=0&username=ase_sizwe&userid=112" "Mozilla/5.0 (X11; CrOS i686 2913.276.0) AppleWebKit/537.11 (KHTML, like Gecko) Chrome/23.0.1271.110 Safari/537.11"
192.168.1.109 - - [07/Jan/2013:12:10:03] "GET /index HTTP/1.1" 200 1527 "http://192.168.1.2:8081/khan" "Mozilla/5.0 (X11; CrOS i686 2913.276.0) AppleWebKit/537.11 (KHTML, like Gecko) Chrome/23.0.1271.110 Safari/537.11"
192.168.1.109 - - [07/Jan/2013:12:10:16] "GET /index?topic=talks-and-interviews HTTP/1.1" 200 11796 "http://192.168.1.2:8081/index" "Mozilla/5.0 (X11; CrOS i686 2913.276.0) AppleWebKit/537.11 (KHTML, like Gecko) Chrome/23.0.1271.110 Safari/537.11"
192.168.1.109 - - [07/Jan/2013:12:10:50] "GET /index?topic=humanities---other HTTP/1.1" 200 1323 "http://192.168.1.2:8081/index" "Mozilla/5.0 (X11; CrOS i686 2913.276.0) AppleWebKit/537.11 (KHTML, like Gecko) Chrome/23.0.1271.110 Safari/537.11"
192.168.1.109 - - [07/Jan/2013:12:11:03] "GET /index?topic=test-prep HTTP/1.1" 200 1601 "http://192.168.1.2:8081/index" "Mozilla/5.0 (X11; CrOS i686 2913.276.0) AppleWebKit/537.11 (KHTML, like Gecko) Chrome/23.0.1271.110 Safari/537.11"
192.168.1.109 - - [07/Jan/2013:12:11:58] "GET /khan HTTP/1.1" 200 1278 "http://192.168.1.2:8081/login?pm=0&username=ase_sizwe&userid=112" "Mozilla/5.0 (X11; CrOS i686 2913.276.0) AppleWebKit/537.11 (KHTML, like Gecko) Chrome/23.0.1271.110 Safari/537.11"
192.168.1.109 - - [07/Jan/2013:12:11:58] "GET /index HTTP/1.1" 200 1527 "http://192.168.1.2:8081/khan" "Mozilla/5.0 (X11; CrOS i686 2913.276.0) AppleWebKit/537.11 (KHTML, like Gecko) Chrome/23.0.1271.110 Safari/537.11"
192.168.1.106 - - [07/Jan/2013:12:12:48] "GET /index?topic=brain-teasers HTTP/1.1" 200 2334 "http://192.168.1.2:8081/index?topic=math" "Mozilla/5.0 (X11; CrOS i686 2913.276.0) AppleWebKit/537.11 (KHTML, like Gecko) Chrome/23.0.1271.110 Safari/537.11"
192.168.1.113 - - [07/Jan/2013:12:13:03] "GET /login?pm=0 HTTP/1.1" 200 994 "http://192.168.1.2/moodle/" "Mozilla/5.0 (Windows NT 6.1) AppleWebKit/537.11 (KHTML, like Gecko) Chrome/23.0.1271.97 Safari/537.11"
192.168.1.113 - - [07/Jan/2013:12:13:06] "POST /login HTTP/1.1" 200 1005 "http://192.168.1.2:8081/login?pm=0" "Mozilla/5.0 (Windows NT 6.1) AppleWebKit/537.11 (KHTML, like Gecko) Chrome/23.0.1271.97 Safari/537.11"
2013-01-07 12:13:10,423 INFO sqlalchemy.engine.base.Engine BEGIN (implicit)
2013-01-07 12:13:10,424 INFO sqlalchemy.engine.base.Engine select distinct state from assignment
2013-01-07 12:13:10,424 INFO sqlalchemy.engine.base.Engine ()
2013-01-07 12:13:10,425 INFO sqlalchemy.engine.base.Engine SELECT assignment.id, assignment.title, assignment.description, assignment.state, assignment.duration, assignment.startdatetime 
FROM assignment 
WHERE assignment.state = %s
2013-01-07 12:13:10,425 INFO sqlalchemy.engine.base.Engine ('BUSY',)
2013-01-07 12:13:10,427 INFO sqlalchemy.engine.base.Engine SELECT essay.id, essay.assignment_id, essay.student_name, essay.essay_text, essay.submitteddatetime, essay.score, essay.grade 
FROM essay 
WHERE essay.student_name = %s AND essay.assignment_id = %s
2013-01-07 12:13:10,427 INFO sqlalchemy.engine.base.Engine (u'', 2L)
2013-01-07 12:13:10,428 INFO sqlalchemy.engine.base.Engine COMMIT
192.168.1.113 - - [07/Jan/2013:12:13:10] "GET /englishessay/ HTTP/1.1" 200 2260 "http://192.168.1.2:8081/login" "Mozilla/5.0 (Windows NT 6.1) AppleWebKit/537.11 (KHTML, like Gecko) Chrome/23.0.1271.97 Safari/537.11"
192.168.1.113 - - [07/Jan/2013:12:13:17] "GET /login HTTP/1.1" 200 994 "http://192.168.1.2:8081/englishessay/" "Mozilla/5.0 (Windows NT 6.1) AppleWebKit/537.11 (KHTML, like Gecko) Chrome/23.0.1271.97 Safari/537.11"
192.168.1.113 - - [07/Jan/2013:12:13:20] "POST /login HTTP/1.1" 200 1005 "http://192.168.1.2:8081/login" "Mozilla/5.0 (Windows NT 6.1) AppleWebKit/537.11 (KHTML, like Gecko) Chrome/23.0.1271.97 Safari/537.11"
192.168.1.113 - - [07/Jan/2013:12:13:22] "GET /khan HTTP/1.1" 200 1269 "http://192.168.1.2:8081/login" "Mozilla/5.0 (Windows NT 6.1) AppleWebKit/537.11 (KHTML, like Gecko) Chrome/23.0.1271.97 Safari/537.11"
192.168.1.113 - - [07/Jan/2013:12:13:22] "GET /index HTTP/1.1" 200 1518 "http://192.168.1.2:8081/khan" "Mozilla/5.0 (Windows NT 6.1) AppleWebKit/537.11 (KHTML, like Gecko) Chrome/23.0.1271.97 Safari/537.11"
192.168.1.113 - - [07/Jan/2013:12:13:28] "GET /index?topic=test-prep HTTP/1.1" 200 1592 "http://192.168.1.2:8081/index" "Mozilla/5.0 (Windows NT 6.1) AppleWebKit/537.11 (KHTML, like Gecko) Chrome/23.0.1271.97 Safari/537.11"
192.168.1.113 - - [07/Jan/2013:12:13:28] "GET /index?topic=competition-math HTTP/1.1" 200 4106 "http://192.168.1.2:8081/index?topic=test-prep" "Mozilla/5.0 (Windows NT 6.1) AppleWebKit/537.11 (KHTML, like Gecko) Chrome/23.0.1271.97 Safari/537.11"
192.168.1.113 - - [07/Jan/2013:12:13:28] "GET /video?vid_id=sum-of-factors-2&topic=competition-math HTTP/1.1" 200 1913 "http://192.168.1.2:8081/index?topic=competition-math" "Mozilla/5.0 (Windows NT 6.1) AppleWebKit/537.11 (KHTML, like Gecko) Chrome/23.0.1271.97 Safari/537.11"
192.168.1.100 - - [07/Jan/2013:12:13:40] "GET /login?pm=0&username=ase_katlego&userid=113 HTTP/1.1" 200 1005 "http://192.168.1.2/moodle/" "Mozilla/5.0 (X11; CrOS i686 2913.120.0) AppleWebKit/537.11 (KHTML, like Gecko) Chrome/23.0.1271.49 Safari/537.11"
192.168.1.100 - - [07/Jan/2013:12:13:43] "GET /khan HTTP/1.1" 200 1280 "http://192.168.1.2:8081/login?pm=0&username=ase_katlego&userid=113" "Mozilla/5.0 (X11; CrOS i686 2913.120.0) AppleWebKit/537.11 (KHTML, like Gecko) Chrome/23.0.1271.49 Safari/537.11"
192.168.1.100 - - [07/Jan/2013:12:13:43] "GET /index HTTP/1.1" 200 1529 "http://192.168.1.2:8081/khan" "Mozilla/5.0 (X11; CrOS i686 2913.120.0) AppleWebKit/537.11 (KHTML, like Gecko) Chrome/23.0.1271.49 Safari/537.11"
192.168.1.113 - - [07/Jan/2013:12:14:32] "GET /video?vid_id=2003-aime-ii-problem-5&topic=competition-math HTTP/1.1" 200 1937 "http://192.168.1.2:8081/index?topic=competition-math" "Mozilla/5.0 (Windows NT 6.1) AppleWebKit/537.11 (KHTML, like Gecko) Chrome/23.0.1271.97 Safari/537.11"
192.168.1.113 - - [07/Jan/2013:12:14:47] "GET /index?topic=singapore-math HTTP/1.1" 200 4472 "http://192.168.1.2:8081/index?topic=test-prep" "Mozilla/5.0 (Windows NT 6.1) AppleWebKit/537.11 (KHTML, like Gecko) Chrome/23.0.1271.97 Safari/537.11"
192.168.1.113 - - [07/Jan/2013:12:15:04] "GET /video?vid_id=singapore-math--grade-3a--unit-1--part-1&topic=singapore-math HTTP/1.1" 200 2006 "http://192.168.1.2:8081/index?topic=singapore-math" "Mozilla/5.0 (Windows NT 6.1) AppleWebKit/537.11 (KHTML, like Gecko) Chrome/23.0.1271.97 Safari/537.11"
192.168.1.113 - - [07/Jan/2013:12:15:50] "GET /index?topic=california-standards-test HTTP/1.1" 200 1249 "http://192.168.1.2:8081/index?topic=test-prep" "Mozilla/5.0 (Windows NT 6.1) AppleWebKit/537.11 (KHTML, like Gecko) Chrome/23.0.1271.97 Safari/537.11"
192.168.1.113 - - [07/Jan/2013:12:15:53] "GET /index?topic=algebra-i HTTP/1.1" 200 3951 "http://192.168.1.2:8081/index?topic=california-standards-test" "Mozilla/5.0 (Windows NT 6.1) AppleWebKit/537.11 (KHTML, like Gecko) Chrome/23.0.1271.97 Safari/537.11"
192.168.1.113 - - [07/Jan/2013:12:15:54] "GET /video?vid_id=ca-algebra-i--number-properties-and-absolute-value&topic=algebra-i HTTP/1.1" 200 2035 "http://192.168.1.2:8081/index?topic=algebra-i" "Mozilla/5.0 (Windows NT 6.1) AppleWebKit/537.11 (KHTML, like Gecko) Chrome/23.0.1271.97 Safari/537.11"
192.168.1.113 - - [07/Jan/2013:12:18:07] "GET /exercise?exercise_id=completing_the_square_2&topic=algebra-i HTTP/1.1" 200 1256 "http://192.168.1.2:8081/index?topic=algebra-i" "Mozilla/5.0 (Windows NT 6.1) AppleWebKit/537.11 (KHTML, like Gecko) Chrome/23.0.1271.97 Safari/537.11"
192.168.1.113 - - [07/Jan/2013:12:18:08] "GET /exercise?exercise_id=completing_the_square_2&topic=algebra-i HTTP/1.1" 200 1256 "http://192.168.1.2:8081/index?topic=algebra-i" "Mozilla/5.0 (Windows NT 6.1) AppleWebKit/537.11 (KHTML, like Gecko) Chrome/23.0.1271.97 Safari/537.11"
192.168.1.109 - - [07/Jan/2013:12:20:17] "GET /index?topic=talks-and-interviews HTTP/1.1" 200 11796 "http://192.168.1.2:8081/index" "Mozilla/5.0 (X11; CrOS i686 2913.276.0) AppleWebKit/537.11 (KHTML, like Gecko) Chrome/23.0.1271.110 Safari/537.11"
192.168.1.109 - - [07/Jan/2013:12:20:37] "GET /video?vid_id=npr-story-on-ka-los-altos-pilots--june-2011&topic=talks-and-interviews HTTP/1.1" 200 2030 "http://192.168.1.2:8081/index?topic=talks-and-interviews" "Mozilla/5.0 (X11; CrOS i686 2913.276.0) AppleWebKit/537.11 (KHTML, like Gecko) Chrome/23.0.1271.110 Safari/537.11"
192.168.1.106 - - [07/Jan/2013:12:21:30] "GET /index?topic=statistics HTTP/1.1" 200 13323 "http://192.168.1.2:8081/index?topic=math" "Mozilla/5.0 (X11; CrOS i686 2913.276.0) AppleWebKit/537.11 (KHTML, like Gecko) Chrome/23.0.1271.110 Safari/537.11"
192.168.1.109 - - [07/Jan/2013:12:22:07] "GET /index?topic=science HTTP/1.1" 200 1645 "http://192.168.1.2:8081/index" "Mozilla/5.0 (X11; CrOS i686 2913.276.0) AppleWebKit/537.11 (KHTML, like Gecko) Chrome/23.0.1271.110 Safari/537.11"
192.168.1.109 - - [07/Jan/2013:12:22:16] "GET /index?topic=computer-science HTTP/1.1" 200 4773 "http://192.168.1.2:8081/index?topic=science" "Mozilla/5.0 (X11; CrOS i686 2913.276.0) AppleWebKit/537.11 (KHTML, like Gecko) Chrome/23.0.1271.110 Safari/537.11"
192.168.1.109 - - [07/Jan/2013:12:22:31] "GET /index?topic=biology HTTP/1.1" 200 9922 "http://192.168.1.2:8081/index?topic=science" "Mozilla/5.0 (X11; CrOS i686 2913.276.0) AppleWebKit/537.11 (KHTML, like Gecko) Chrome/23.0.1271.110 Safari/537.11"
192.168.1.113 - - [07/Jan/2013:12:26:12] "GET /exercise?exercise_id=quadratic_equation&topic=algebra-i HTTP/1.1" 200 1135 "http://192.168.1.2:8081/exercise?exercise_id=completing_the_square_2&topic=algebra-i" "Mozilla/5.0 (Windows NT 6.1) AppleWebKit/537.11 (KHTML, like Gecko) Chrome/23.0.1271.97 Safari/537.11"
192.168.1.113 - - [07/Jan/2013:12:26:13] "GET /exercise?exercise_id=quadratic_equation&topic=algebra-i HTTP/1.1" 200 1135 "http://192.168.1.2:8081/exercise?exercise_id=completing_the_square_2&topic=algebra-i" "Mozilla/5.0 (Windows NT 6.1) AppleWebKit/537.11 (KHTML, like Gecko) Chrome/23.0.1271.97 Safari/537.11"
192.168.1.112 - - [07/Jan/2013:12:30:14] "GET /index?topic=math HTTP/1.1" 200 2057 "http://192.168.1.2:8081/index" "Mozilla/5.0 (X11; CrOS i686 2913.276.0) AppleWebKit/537.11 (KHTML, like Gecko) Chrome/23.0.1271.110 Safari/537.11"
192.168.1.112 - - [07/Jan/2013:12:30:16] "GET /index?topic=arithmetic HTTP/1.1" 200 2081 "http://192.168.1.2:8081/index?topic=math" "Mozilla/5.0 (X11; CrOS i686 2913.276.0) AppleWebKit/537.11 (KHTML, like Gecko) Chrome/23.0.1271.110 Safari/537.11"
192.168.1.112 - - [07/Jan/2013:12:30:17] "GET /index?topic=addition-subtraction HTTP/1.1" 200 5693 "http://192.168.1.2:8081/index?topic=arithmetic" "Mozilla/5.0 (X11; CrOS i686 2913.276.0) AppleWebKit/537.11 (KHTML, like Gecko) Chrome/23.0.1271.110 Safari/537.11"
192.168.1.112 - - [07/Jan/2013:12:30:18] "GET /exercise?exercise_id=addition_1&topic=addition-subtraction HTTP/1.1" 200 1470 "http://192.168.1.2:8081/index?topic=addition-subtraction" "Mozilla/5.0 (X11; CrOS i686 2913.276.0) AppleWebKit/537.11 (KHTML, like Gecko) Chrome/23.0.1271.110 Safari/537.11"
192.168.1.112 - - [07/Jan/2013:12:37:43] "GET /login?pm=0&username=ase_nontobeko&userid=109 HTTP/1.1" 200 1005 "http://192.168.1.2/moodle/" "Mozilla/5.0 (X11; CrOS i686 2913.276.0) AppleWebKit/537.11 (KHTML, like Gecko) Chrome/23.0.1271.110 Safari/537.11"
192.168.1.112 - - [07/Jan/2013:12:37:45] "GET /khan HTTP/1.1" 200 1282 "http://192.168.1.2:8081/login?pm=0&username=ase_nontobeko&userid=109" "Mozilla/5.0 (X11; CrOS i686 2913.276.0) AppleWebKit/537.11 (KHTML, like Gecko) Chrome/23.0.1271.110 Safari/537.11"
192.168.1.112 - - [07/Jan/2013:12:37:45] "GET /index HTTP/1.1" 200 1531 "http://192.168.1.2:8081/khan" "Mozilla/5.0 (X11; CrOS i686 2913.276.0) AppleWebKit/537.11 (KHTML, like Gecko) Chrome/23.0.1271.110 Safari/537.11"
192.168.1.112 - - [07/Jan/2013:12:37:48] "GET /index?topic=math HTTP/1.1" 200 2057 "http://192.168.1.2:8081/index" "Mozilla/5.0 (X11; CrOS i686 2913.276.0) AppleWebKit/537.11 (KHTML, like Gecko) Chrome/23.0.1271.110 Safari/537.11"
192.168.1.112 - - [07/Jan/2013:12:37:48] "GET /index?topic=algebra HTTP/1.1" 200 2638 "http://192.168.1.2:8081/index?topic=math" "Mozilla/5.0 (X11; CrOS i686 2913.276.0) AppleWebKit/537.11 (KHTML, like Gecko) Chrome/23.0.1271.110 Safari/537.11"
192.168.1.112 - - [07/Jan/2013:12:37:52] "GET /index?topic=introduction-to-algebra HTTP/1.1" 200 1573 "http://192.168.1.2:8081/index?topic=algebra" "Mozilla/5.0 (X11; CrOS i686 2913.276.0) AppleWebKit/537.11 (KHTML, like Gecko) Chrome/23.0.1271.110 Safari/537.11"
192.168.1.112 - - [07/Jan/2013:12:37:52] "GET /video?vid_id=the-beauty-of-algebra&topic=introduction-to-algebra HTTP/1.1" 200 1947 "http://192.168.1.2:8081/index?topic=introduction-to-algebra" "Mozilla/5.0 (X11; CrOS i686 2913.276.0) AppleWebKit/537.11 (KHTML, like Gecko) Chrome/23.0.1271.110 Safari/537.11"
192.168.1.112 - - [07/Jan/2013:12:38:05] "GET /index?topic=arithmetic HTTP/1.1" 200 2081 "http://192.168.1.2:8081/index?topic=math" "Mozilla/5.0 (X11; CrOS i686 2913.276.0) AppleWebKit/537.11 (KHTML, like Gecko) Chrome/23.0.1271.110 Safari/537.11"
192.168.1.112 - - [07/Jan/2013:12:38:05] "GET /index?topic=addition-subtraction HTTP/1.1" 200 5693 "http://192.168.1.2:8081/index?topic=arithmetic" "Mozilla/5.0 (X11; CrOS i686 2913.276.0) AppleWebKit/537.11 (KHTML, like Gecko) Chrome/23.0.1271.110 Safari/537.11"
192.168.1.112 - - [07/Jan/2013:12:38:09] "GET /exercise?exercise_id=addition_1&topic=addition-subtraction HTTP/1.1" 200 1470 "http://192.168.1.2:8081/index?topic=addition-subtraction" "Mozilla/5.0 (X11; CrOS i686 2913.276.0) AppleWebKit/537.11 (KHTML, like Gecko) Chrome/23.0.1271.110 Safari/537.11"
192.168.1.112 - - [07/Jan/2013:12:38:10] "GET /exercise?exercise_id=addition_1&topic=addition-subtraction HTTP/1.1" 200 1470 "http://192.168.1.2:8081/index?topic=addition-subtraction" "Mozilla/5.0 (X11; CrOS i686 2913.276.0) AppleWebKit/537.11 (KHTML, like Gecko) Chrome/23.0.1271.110 Safari/537.11"
192.168.1.113 - - [07/Jan/2013:12:41:09] "GET /englishessay HTTP/1.1" 301 129 "http://192.168.1.2:8081/login" "Mozilla/5.0 (Windows NT 6.1) AppleWebKit/537.11 (KHTML, like Gecko) Chrome/23.0.1271.97 Safari/537.11"
2013-01-07 12:41:09,653 INFO sqlalchemy.engine.base.Engine BEGIN (implicit)
2013-01-07 12:41:09,653 INFO sqlalchemy.engine.base.Engine select distinct state from assignment
2013-01-07 12:41:09,653 INFO sqlalchemy.engine.base.Engine ()
2013-01-07 12:41:09,655 INFO sqlalchemy.engine.base.Engine SELECT assignment.id, assignment.title, assignment.description, assignment.state, assignment.duration, assignment.startdatetime 
FROM assignment 
WHERE assignment.state = %s
2013-01-07 12:41:09,655 INFO sqlalchemy.engine.base.Engine ('BUSY',)
2013-01-07 12:41:09,656 INFO sqlalchemy.engine.base.Engine SELECT essay.id, essay.assignment_id, essay.student_name, essay.essay_text, essay.submitteddatetime, essay.score, essay.grade 
FROM essay 
WHERE essay.student_name = %s AND essay.assignment_id = %s
2013-01-07 12:41:09,656 INFO sqlalchemy.engine.base.Engine (u'', 2L)
2013-01-07 12:41:09,657 INFO sqlalchemy.engine.base.Engine COMMIT
192.168.1.113 - - [07/Jan/2013:12:41:09] "GET /englishessay/ HTTP/1.1" 200 2260 "http://192.168.1.2:8081/login" "Mozilla/5.0 (Windows NT 6.1) AppleWebKit/537.11 (KHTML, like Gecko) Chrome/23.0.1271.97 Safari/537.11"
192.168.1.105 - - [07/Jan/2013:12:41:14] "GET /exercise?exercise_id=recognizing_rays_lines_and_line_segments&topic=core-geometry HTTP/1.1" 200 1183 "http://192.168.1.2:8081/index?topic=core-geometry" "Mozilla/5.0 (Windows NT 6.1) AppleWebKit/537.11 (KHTML, like Gecko) Chrome/23.0.1271.97 Safari/537.11"
192.168.1.105 - - [07/Jan/2013:12:41:15] "GET /style.css HTTP/1.1" 304 - "http://192.168.1.2:8081/exercise?exercise_id=recognizing_rays_lines_and_line_segments&topic=core-geometry" "Mozilla/5.0 (Windows NT 6.1) AppleWebKit/537.11 (KHTML, like Gecko) Chrome/23.0.1271.97 Safari/537.11"
192.168.1.105 - - [07/Jan/2013:12:41:15] "GET /img/logo.png HTTP/1.1" 304 - "http://192.168.1.2:8081/exercise?exercise_id=recognizing_rays_lines_and_line_segments&topic=core-geometry" "Mozilla/5.0 (Windows NT 6.1) AppleWebKit/537.11 (KHTML, like Gecko) Chrome/23.0.1271.97 Safari/537.11"
192.168.1.111 - - [07/Jan/2013:12:41:22] "GET /login?pm=0&username=ase_brenda&userid=111 HTTP/1.1" 200 1005 "http://192.168.1.2/moodle/" "Mozilla/5.0 (X11; CrOS i686 2913.260.0) AppleWebKit/537.11 (KHTML, like Gecko) Chrome/23.0.1271.99 Safari/537.11"
2013-01-07 12:41:25,103 INFO sqlalchemy.engine.base.Engine BEGIN (implicit)
2013-01-07 12:41:25,105 INFO sqlalchemy.engine.base.Engine select distinct state from assignment
2013-01-07 12:41:25,105 INFO sqlalchemy.engine.base.Engine ()
2013-01-07 12:41:25,106 INFO sqlalchemy.engine.base.Engine SELECT assignment.id, assignment.title, assignment.description, assignment.state, assignment.duration, assignment.startdatetime 
FROM assignment 
WHERE assignment.state = %s
2013-01-07 12:41:25,107 INFO sqlalchemy.engine.base.Engine ('BUSY',)
2013-01-07 12:41:25,108 INFO sqlalchemy.engine.base.Engine SELECT essay.id, essay.assignment_id, essay.student_name, essay.essay_text, essay.submitteddatetime, essay.score, essay.grade 
FROM essay 
WHERE essay.student_name = %s AND essay.assignment_id = %s
2013-01-07 12:41:25,108 INFO sqlalchemy.engine.base.Engine (u'ase_brenda', 2L)
2013-01-07 12:41:25,109 INFO sqlalchemy.engine.base.Engine COMMIT
192.168.1.111 - - [07/Jan/2013:12:41:25] "GET /englishessay/ HTTP/1.1" 200 2133 "http://192.168.1.2:8081/login?pm=0&username=ase_brenda&userid=111" "Mozilla/5.0 (X11; CrOS i686 2913.260.0) AppleWebKit/537.11 (KHTML, like Gecko) Chrome/23.0.1271.99 Safari/537.11"
192.168.1.111 - - [07/Jan/2013:12:41:32] "GET /khan HTTP/1.1" 200 1279 "http://192.168.1.2:8081/login?pm=0&username=ase_brenda&userid=111" "Mozilla/5.0 (X11; CrOS i686 2913.260.0) AppleWebKit/537.11 (KHTML, like Gecko) Chrome/23.0.1271.99 Safari/537.11"
192.168.1.111 - - [07/Jan/2013:12:41:32] "GET /index HTTP/1.1" 200 1528 "http://192.168.1.2:8081/khan" "Mozilla/5.0 (X11; CrOS i686 2913.260.0) AppleWebKit/537.11 (KHTML, like Gecko) Chrome/23.0.1271.99 Safari/537.11"
192.168.1.111 - - [07/Jan/2013:12:41:39] "GET /index?topic=humanities---other HTTP/1.1" 200 1324 "http://192.168.1.2:8081/index" "Mozilla/5.0 (X11; CrOS i686 2913.260.0) AppleWebKit/537.11 (KHTML, like Gecko) Chrome/23.0.1271.99 Safari/537.11"
192.168.1.113 - - [07/Jan/2013:12:41:40] "GET /englishessay/admin HTTP/1.1" 200 1038 "http://192.168.1.2:8081/englishessay/" "Mozilla/5.0 (Windows NT 6.1) AppleWebKit/537.11 (KHTML, like Gecko) Chrome/23.0.1271.97 Safari/537.11"
192.168.1.111 - - [07/Jan/2013:12:41:47] "GET /index?topic=american-civics HTTP/1.1" 200 2068 "http://192.168.1.2:8081/index?topic=humanities---other" "Mozilla/5.0 (X11; CrOS i686 2913.260.0) AppleWebKit/537.11 (KHTML, like Gecko) Chrome/23.0.1271.99 Safari/537.11"
2013-01-07 12:41:48,464 INFO sqlalchemy.engine.base.Engine BEGIN (implicit)
2013-01-07 12:41:48,464 INFO sqlalchemy.engine.base.Engine SELECT admin.password 
FROM admin
2013-01-07 12:41:48,464 INFO sqlalchemy.engine.base.Engine ()
2013-01-07 12:41:48,466 INFO sqlalchemy.engine.base.Engine COMMIT
192.168.1.113 - - [07/Jan/2013:12:41:48] "POST /englishessay/admin HTTP/1.1" 200 1038 "http://192.168.1.2:8081/englishessay/admin" "Mozilla/5.0 (Windows NT 6.1) AppleWebKit/537.11 (KHTML, like Gecko) Chrome/23.0.1271.97 Safari/537.11"
2013-01-07 12:41:48,666 INFO sqlalchemy.engine.base.Engine BEGIN (implicit)
2013-01-07 12:41:48,667 INFO sqlalchemy.engine.base.Engine SELECT admin.password 
FROM admin
2013-01-07 12:41:48,668 INFO sqlalchemy.engine.base.Engine ()
2013-01-07 12:41:48,669 INFO sqlalchemy.engine.base.Engine COMMIT
192.168.1.113 - - [07/Jan/2013:12:41:48] "POST /englishessay/admin HTTP/1.1" 200 1038 "http://192.168.1.2:8081/englishessay/admin" "Mozilla/5.0 (Windows NT 6.1) AppleWebKit/537.11 (KHTML, like Gecko) Chrome/23.0.1271.97 Safari/537.11"
2013-01-07 12:41:50,090 INFO sqlalchemy.engine.base.Engine BEGIN (implicit)
2013-01-07 12:41:50,090 INFO sqlalchemy.engine.base.Engine SELECT admin.password 
FROM admin
2013-01-07 12:41:50,090 INFO sqlalchemy.engine.base.Engine ()
2013-01-07 12:41:50,092 INFO sqlalchemy.engine.base.Engine COMMIT
